###############################################################################
#
# IAR ELF Linker V7.20.2.7424/W32 for ARM                 21/Apr/2017  16:24:26
# Copyright 2007-2014 IAR Systems AB.
#
#    Output file  =  G:\code\STM32\Kalman\link_hmd\SYS\EWARM\Debug\Exe\link.out
#    Map file     =  
#        G:\code\STM32\Kalman\link_hmd\SYS\EWARM\Debug\List\link.map
#    Command line =  
#        G:\code\STM32\Kalman\link_hmd\SYS\Drivers\BSP\Components\akm099xx\AKM_Library\libSmartCompass\ak09916_lib.a
#        G:\code\STM32\Kalman\link_hmd\SYS\EWARM\Debug\Obj\AKH_APIs.o
#        G:\code\STM32\Kalman\link_hmd\SYS\EWARM\Debug\Obj\akl_apis.o
#        G:\code\STM32\Kalman\link_hmd\SYS\EWARM\Debug\Obj\akl_lib_func.o
#        G:\code\STM32\Kalman\link_hmd\SYS\EWARM\Debug\Obj\akl_nonos_ext.o
#        G:\code\STM32\Kalman\link_hmd\SYS\EWARM\Debug\Obj\AKM099XX_MAG_driver_HL.o
#        G:\code\STM32\Kalman\link_hmd\SYS\EWARM\Debug\Obj\AKS_APIs.o
#        G:\code\STM32\Kalman\link_hmd\SYS\EWARM\Debug\Obj\aks_common.o
#        G:\code\STM32\Kalman\link_hmd\SYS\EWARM\Debug\Obj\aks_mag_ak099xx.o
#        G:\code\STM32\Kalman\link_hmd\SYS\EWARM\Debug\Obj\ams361ep01_dsi_vdo.o
#        G:\code\STM32\Kalman\link_hmd\SYS\EWARM\Debug\Obj\anx7737.o
#        G:\code\STM32\Kalman\link_hmd\SYS\EWARM\Debug\Obj\anx7737_driver.o
#        G:\code\STM32\Kalman\link_hmd\SYS\EWARM\Debug\Obj\audio_alc4040_driver.o
#        G:\code\STM32\Kalman\link_hmd\SYS\EWARM\Debug\Obj\audio_alc5665_driver.o
#        G:\code\STM32\Kalman\link_hmd\SYS\EWARM\Debug\Obj\BMI160_ACC_GYRO_Driver.o
#        G:\code\STM32\Kalman\link_hmd\SYS\EWARM\Debug\Obj\BMI160_ACC_GYRO_Driver_Api.o
#        G:\code\STM32\Kalman\link_hmd\SYS\EWARM\Debug\Obj\BMI160_ACC_GYRO_Driver_HL.o
#        G:\code\STM32\Kalman\link_hmd\SYS\EWARM\Debug\Obj\bq2589x_charger.o
#        G:\code\STM32\Kalman\link_hmd\SYS\EWARM\Debug\Obj\ccgx_ccg4.o
#        G:\code\STM32\Kalman\link_hmd\SYS\EWARM\Debug\Obj\ccgx_ec.o
#        G:\code\STM32\Kalman\link_hmd\SYS\EWARM\Debug\Obj\ccgx_fw.o
#        G:\code\STM32\Kalman\link_hmd\SYS\EWARM\Debug\Obj\ccgx_fw_io.o
#        G:\code\STM32\Kalman\link_hmd\SYS\EWARM\Debug\Obj\cmsis_os.o
#        G:\code\STM32\Kalman\link_hmd\SYS\EWARM\Debug\Obj\command.o
#        G:\code\STM32\Kalman\link_hmd\SYS\EWARM\Debug\Obj\croutine.o
#        G:\code\STM32\Kalman\link_hmd\SYS\EWARM\Debug\Obj\display_drv.o
#        G:\code\STM32\Kalman\link_hmd\SYS\EWARM\Debug\Obj\epl88051_driver.o
#        G:\code\STM32\Kalman\link_hmd\SYS\EWARM\Debug\Obj\EPL88051_PROXIMITY_driver_HL.o
#        G:\code\STM32\Kalman\link_hmd\SYS\EWARM\Debug\Obj\event_groups.o
#        G:\code\STM32\Kalman\link_hmd\SYS\EWARM\Debug\Obj\flash_drv.o
#        G:\code\STM32\Kalman\link_hmd\SYS\EWARM\Debug\Obj\fota_command.o
#        G:\code\STM32\Kalman\link_hmd\SYS\EWARM\Debug\Obj\freertos.o
#        G:\code\STM32\Kalman\link_hmd\SYS\EWARM\Debug\Obj\freertos_trace.o
#        G:\code\STM32\Kalman\link_hmd\SYS\EWARM\Debug\Obj\fusion.o
#        G:\code\STM32\Kalman\link_hmd\SYS\EWARM\Debug\Obj\gpio.o
#        G:\code\STM32\Kalman\link_hmd\SYS\EWARM\Debug\Obj\gpio_exp.o
#        G:\code\STM32\Kalman\link_hmd\SYS\EWARM\Debug\Obj\gSensor_Calibate.o
#        G:\code\STM32\Kalman\link_hmd\SYS\EWARM\Debug\Obj\gSensor_Command.o
#        G:\code\STM32\Kalman\link_hmd\SYS\EWARM\Debug\Obj\GyroscopeBiasEstimator.o
#        G:\code\STM32\Kalman\link_hmd\SYS\EWARM\Debug\Obj\HeadTracker.o
#        G:\code\STM32\Kalman\link_hmd\SYS\EWARM\Debug\Obj\HeadTransform.o
#        G:\code\STM32\Kalman\link_hmd\SYS\EWARM\Debug\Obj\heap_4.o
#        G:\code\STM32\Kalman\link_hmd\SYS\EWARM\Debug\Obj\hlog_excep.o
#        G:\code\STM32\Kalman\link_hmd\SYS\EWARM\Debug\Obj\hlog_main.o
#        G:\code\STM32\Kalman\link_hmd\SYS\EWARM\Debug\Obj\hlog_test.o
#        G:\code\STM32\Kalman\link_hmd\SYS\EWARM\Debug\Obj\hlog_utils.o
#        G:\code\STM32\Kalman\link_hmd\SYS\EWARM\Debug\Obj\htc_3dof_transfer_service.o
#        G:\code\STM32\Kalman\link_hmd\SYS\EWARM\Debug\Obj\htc_adc_func.o
#        G:\code\STM32\Kalman\link_hmd\SYS\EWARM\Debug\Obj\htc_audio_path_service.o
#        G:\code\STM32\Kalman\link_hmd\SYS\EWARM\Debug\Obj\htc_usb_cdc_data_service.o
#        G:\code\STM32\Kalman\link_hmd\SYS\EWARM\Debug\Obj\key_drv.o
#        G:\code\STM32\Kalman\link_hmd\SYS\EWARM\Debug\Obj\led_drv.o
#        G:\code\STM32\Kalman\link_hmd\SYS\EWARM\Debug\Obj\led_hal.o
#        G:\code\STM32\Kalman\link_hmd\SYS\EWARM\Debug\Obj\leds-lp5562.o
#        G:\code\STM32\Kalman\link_hmd\SYS\EWARM\Debug\Obj\list.o
#        G:\code\STM32\Kalman\link_hmd\SYS\EWARM\Debug\Obj\LowPassFilter.o
#        G:\code\STM32\Kalman\link_hmd\SYS\EWARM\Debug\Obj\LSM6DSM_ACC_GYRO_driver.o
#        G:\code\STM32\Kalman\link_hmd\SYS\EWARM\Debug\Obj\LSM6DSM_ACC_GYRO_driver_HL.o
#        G:\code\STM32\Kalman\link_hmd\SYS\EWARM\Debug\Obj\main.o
#        G:\code\STM32\Kalman\link_hmd\SYS\EWARM\Debug\Obj\mat.o
#        G:\code\STM32\Kalman\link_hmd\SYS\EWARM\Debug\Obj\Matrix.o
#        G:\code\STM32\Kalman\link_hmd\SYS\EWARM\Debug\Obj\Matrix3x3d.o
#        G:\code\STM32\Kalman\link_hmd\SYS\EWARM\Debug\Obj\max17050_fuel_gauge.o
#        G:\code\STM32\Kalman\link_hmd\SYS\EWARM\Debug\Obj\measure.o
#        G:\code\STM32\Kalman\link_hmd\SYS\EWARM\Debug\Obj\misc_data.o
#        G:\code\STM32\Kalman\link_hmd\SYS\EWARM\Debug\Obj\mymath.o
#        G:\code\STM32\Kalman\link_hmd\SYS\EWARM\Debug\Obj\myprintf.o
#        G:\code\STM32\Kalman\link_hmd\SYS\EWARM\Debug\Obj\ncp6924.o
#        G:\code\STM32\Kalman\link_hmd\SYS\EWARM\Debug\Obj\OrientationEKF.o
#        G:\code\STM32\Kalman\link_hmd\SYS\EWARM\Debug\Obj\periph_multiple_drv.o
#        G:\code\STM32\Kalman\link_hmd\SYS\EWARM\Debug\Obj\port.o
#        G:\code\STM32\Kalman\link_hmd\SYS\EWARM\Debug\Obj\portasm.o
#        G:\code\STM32\Kalman\link_hmd\SYS\EWARM\Debug\Obj\PowerManager.o
#        G:\code\STM32\Kalman\link_hmd\SYS\EWARM\Debug\Obj\PowerManager_battery.o
#        G:\code\STM32\Kalman\link_hmd\SYS\EWARM\Debug\Obj\PowerManager_command.o
#        G:\code\STM32\Kalman\link_hmd\SYS\EWARM\Debug\Obj\PowerManager_notify_func.o
#        G:\code\STM32\Kalman\link_hmd\SYS\EWARM\Debug\Obj\PowerManager_peripherals.o
#        G:\code\STM32\Kalman\link_hmd\SYS\EWARM\Debug\Obj\PowerManager_power.o
#        G:\code\STM32\Kalman\link_hmd\SYS\EWARM\Debug\Obj\PowerManager_state_machine.o
#        G:\code\STM32\Kalman\link_hmd\SYS\EWARM\Debug\Obj\PowerManager_system.o
#        G:\code\STM32\Kalman\link_hmd\SYS\EWARM\Debug\Obj\proximity_task.o
#        G:\code\STM32\Kalman\link_hmd\SYS\EWARM\Debug\Obj\ps176_driver.o
#        G:\code\STM32\Kalman\link_hmd\SYS\EWARM\Debug\Obj\px8468wm.o
#        G:\code\STM32\Kalman\link_hmd\SYS\EWARM\Debug\Obj\quat.o
#        G:\code\STM32\Kalman\link_hmd\SYS\EWARM\Debug\Obj\queue.o
#        G:\code\STM32\Kalman\link_hmd\SYS\EWARM\Debug\Obj\rtc_drv.o
#        G:\code\STM32\Kalman\link_hmd\SYS\EWARM\Debug\Obj\rtos_i2c_drv.o
#        G:\code\STM32\Kalman\link_hmd\SYS\EWARM\Debug\Obj\sensor_task.o
#        G:\code\STM32\Kalman\link_hmd\SYS\EWARM\Debug\Obj\SensorTile.o
#        G:\code\STM32\Kalman\link_hmd\SYS\EWARM\Debug\Obj\So3Util.o
#        G:\code\STM32\Kalman\link_hmd\SYS\EWARM\Debug\Obj\startup_stm32f412rx.o
#        G:\code\STM32\Kalman\link_hmd\SYS\EWARM\Debug\Obj\stm32f4xx_hal.o
#        G:\code\STM32\Kalman\link_hmd\SYS\EWARM\Debug\Obj\stm32f4xx_hal_adc.o
#        G:\code\STM32\Kalman\link_hmd\SYS\EWARM\Debug\Obj\stm32f4xx_hal_adc_ex.o
#        G:\code\STM32\Kalman\link_hmd\SYS\EWARM\Debug\Obj\stm32f4xx_hal_cortex.o
#        G:\code\STM32\Kalman\link_hmd\SYS\EWARM\Debug\Obj\stm32f4xx_hal_crc.o
#        G:\code\STM32\Kalman\link_hmd\SYS\EWARM\Debug\Obj\stm32f4xx_hal_dma.o
#        G:\code\STM32\Kalman\link_hmd\SYS\EWARM\Debug\Obj\stm32f4xx_hal_dma_ex.o
#        G:\code\STM32\Kalman\link_hmd\SYS\EWARM\Debug\Obj\stm32f4xx_hal_flash.o
#        G:\code\STM32\Kalman\link_hmd\SYS\EWARM\Debug\Obj\stm32f4xx_hal_flash_ex.o
#        G:\code\STM32\Kalman\link_hmd\SYS\EWARM\Debug\Obj\stm32f4xx_hal_flash_ramfunc.o
#        G:\code\STM32\Kalman\link_hmd\SYS\EWARM\Debug\Obj\stm32f4xx_hal_gpio.o
#        G:\code\STM32\Kalman\link_hmd\SYS\EWARM\Debug\Obj\stm32f4xx_hal_i2c.o
#        G:\code\STM32\Kalman\link_hmd\SYS\EWARM\Debug\Obj\stm32f4xx_hal_i2c_ex.o
#        G:\code\STM32\Kalman\link_hmd\SYS\EWARM\Debug\Obj\stm32f4xx_hal_iwdg.o
#        G:\code\STM32\Kalman\link_hmd\SYS\EWARM\Debug\Obj\stm32f4xx_hal_msp.o
#        G:\code\STM32\Kalman\link_hmd\SYS\EWARM\Debug\Obj\stm32f4xx_hal_pcd.o
#        G:\code\STM32\Kalman\link_hmd\SYS\EWARM\Debug\Obj\stm32f4xx_hal_pcd_ex.o
#        G:\code\STM32\Kalman\link_hmd\SYS\EWARM\Debug\Obj\stm32f4xx_hal_pwr.o
#        G:\code\STM32\Kalman\link_hmd\SYS\EWARM\Debug\Obj\stm32f4xx_hal_pwr_ex.o
#        G:\code\STM32\Kalman\link_hmd\SYS\EWARM\Debug\Obj\stm32f4xx_hal_rcc.o
#        G:\code\STM32\Kalman\link_hmd\SYS\EWARM\Debug\Obj\stm32f4xx_hal_rcc_ex.o
#        G:\code\STM32\Kalman\link_hmd\SYS\EWARM\Debug\Obj\stm32f4xx_hal_rtc.o
#        G:\code\STM32\Kalman\link_hmd\SYS\EWARM\Debug\Obj\stm32f4xx_hal_rtc_ex.o
#        G:\code\STM32\Kalman\link_hmd\SYS\EWARM\Debug\Obj\stm32f4xx_hal_spi.o
#        G:\code\STM32\Kalman\link_hmd\SYS\EWARM\Debug\Obj\stm32f4xx_hal_tim.o
#        G:\code\STM32\Kalman\link_hmd\SYS\EWARM\Debug\Obj\stm32f4xx_hal_tim_ex.o
#        G:\code\STM32\Kalman\link_hmd\SYS\EWARM\Debug\Obj\stm32f4xx_hal_timebase_TIM.o
#        G:\code\STM32\Kalman\link_hmd\SYS\EWARM\Debug\Obj\stm32f4xx_hal_uart.o
#        G:\code\STM32\Kalman\link_hmd\SYS\EWARM\Debug\Obj\stm32f4xx_hal_wwdg.o
#        G:\code\STM32\Kalman\link_hmd\SYS\EWARM\Debug\Obj\stm32f4xx_it.o
#        G:\code\STM32\Kalman\link_hmd\SYS\EWARM\Debug\Obj\stm32f4xx_ll_usb.o
#        G:\code\STM32\Kalman\link_hmd\SYS\EWARM\Debug\Obj\sys_header.o
#        G:\code\STM32\Kalman\link_hmd\SYS\EWARM\Debug\Obj\system_command.o
#        G:\code\STM32\Kalman\link_hmd\SYS\EWARM\Debug\Obj\system_property.o
#        G:\code\STM32\Kalman\link_hmd\SYS\EWARM\Debug\Obj\system_stm32f4xx.o
#        G:\code\STM32\Kalman\link_hmd\SYS\EWARM\Debug\Obj\tasks.o
#        G:\code\STM32\Kalman\link_hmd\SYS\EWARM\Debug\Obj\tc358870xbg_driver.o
#        G:\code\STM32\Kalman\link_hmd\SYS\EWARM\Debug\Obj\timers.o
#        G:\code\STM32\Kalman\link_hmd\SYS\EWARM\Debug\Obj\usart_drv.o
#        G:\code\STM32\Kalman\link_hmd\SYS\EWARM\Debug\Obj\usb_device.o
#        G:\code\STM32\Kalman\link_hmd\SYS\EWARM\Debug\Obj\usbd_comp.o
#        G:\code\STM32\Kalman\link_hmd\SYS\EWARM\Debug\Obj\usbd_comp_if.o
#        G:\code\STM32\Kalman\link_hmd\SYS\EWARM\Debug\Obj\usbd_conf.o
#        G:\code\STM32\Kalman\link_hmd\SYS\EWARM\Debug\Obj\usbd_core.o
#        G:\code\STM32\Kalman\link_hmd\SYS\EWARM\Debug\Obj\usbd_ctlreq.o
#        G:\code\STM32\Kalman\link_hmd\SYS\EWARM\Debug\Obj\usbd_desc.o
#        G:\code\STM32\Kalman\link_hmd\SYS\EWARM\Debug\Obj\usbd_ioreq.o
#        G:\code\STM32\Kalman\link_hmd\SYS\EWARM\Debug\Obj\vec.o
#        G:\code\STM32\Kalman\link_hmd\SYS\EWARM\Debug\Obj\Vector3d.o
#        G:\code\STM32\Kalman\link_hmd\SYS\EWARM\Debug\Obj\x_nucleo_iks01a1_accelero.o
#        G:\code\STM32\Kalman\link_hmd\SYS\EWARM\Debug\Obj\x_nucleo_iks01a1_gyro.o
#        G:\code\STM32\Kalman\link_hmd\SYS\EWARM\Debug\Obj\x_nucleo_iks01a1_magneto.o
#        G:\code\STM32\Kalman\link_hmd\SYS\EWARM\Debug\Obj\x_nucleo_iks01a1_proximity.o
#        G:\code\STM32\Kalman\link_hmd\SYS\EWARM\Debug\Obj\x_pmic.o
#        G:\code\STM32\Kalman\link_hmd\SYS\EWARM\Debug\Obj\YAS537_MAG_driver_HL.o
#        G:\code\STM32\Kalman\link_hmd\SYS\EWARM\Debug\Obj\yas_algo.o
#        G:\code\STM32\Kalman\link_hmd\SYS\EWARM\Debug\Obj\yas_drv.o
#        G:\code\STM32\Kalman\link_hmd\SYS\EWARM\Debug\Obj\yas_mag_calib_min.o
#        G:\code\STM32\Kalman\link_hmd\SYS\EWARM\Debug\Obj\yas_mag_drv-yas537.o
#        G:\code\STM32\Kalman\link_hmd\SYS\EWARM\Debug\Obj\yas_mag_filter.o
#        --redirect _Printf=_PrintfFull --redirect _Scanf=_ScanfFull -o
#        G:\code\STM32\Kalman\link_hmd\SYS\EWARM\Debug\Exe\link.out --map
#        G:\code\STM32\Kalman\link_hmd\SYS\EWARM\Debug\List\link.map --config
#        G:\code\STM32\Kalman\link_hmd\SYS\EWARM/stm32f412rx_flash.icf
#        --semihosting --entry __iar_program_start --vfe
#
###############################################################################

*******************************************************************************
*** RUNTIME MODEL ATTRIBUTES
***

CppFlavor                     = *
__Heap_Handler                = DLMalloc
__SystemLibrary               = DLib
__dlib_dynamic_initialization = normal


*******************************************************************************
*** PLACEMENT SUMMARY
***

"A1":  place at 0x08040000 { ro section .intvec };
"P1":  place in [from 0x08040000 to 0x080bfffb] { ro };
"P2":  place in [from 0x20000000 to 0x2003ffff] { rw, block CSTACK, block HEAP };

  Section             Kind        Address     Size  Object
  -------             ----        -------     ----  ------
"A1":                                        0x1c4
  .intvec             ro code  0x08040000    0x1c4  startup_stm32f412rx.o [1]
                             - 0x080401c4    0x1c4

"P1", part 1 of 2:                           0x670
  .rodata             const    0x080401c4      0x0  zero_init3.o [6]
  .rodata             const    0x080401c4      0x0  lz77_init.o [6]
  Initializer bytes   ro data  0x080401c4    0x670  <for P2 s0>
                             - 0x08040834    0x670

Absolute sections, part 1 of 3:               0x40
  .rodata             const    0x08040fc0     0x10  sys_header.o [1]
  .rodata             const    0x08040fd0     0x10  sys_header.o [1]
  .rodata             const    0x08040fe0     0x10  sys_header.o [1]
  .rodata             const    0x08040ff0     0x10  sys_header.o [1]
                             - 0x08041000     0x40

"P1", part 2 of 2:                         0x426ac
  .text               ro code  0x08041000   0x5ad8  command.o [1]
  .text               ro code  0x08046ad8    0x7cc  gpio.o [1]
  .text               ro code  0x080472a4      0x8  atoi.o [4]
  .text               ro code  0x080472ac     0x4e  strncasecmp.o [4]
  .text               ro code  0x080472fa     0x22  zero_init3.o [6]
  .text               ro code  0x0804731c    0x2e8  stm32f4xx_hal_gpio.o [1]
  .text               ro code  0x08047604    0x19a  led_drv.o [1]
  .text               ro code  0x0804779e     0x1a  xsnprout.o [4]
  .text               ro code  0x080477b8    0x24c  led_hal.o [1]
  .text               ro code  0x08047a04      0x6  ABImemclr4.o [6]
  .text               ro code  0x08047a0a      0xa  xsprout.o [4]
  .text               ro code  0x08047a14    0x1f8  gpio_exp.o [1]
  .text               ro code  0x08047c0c     0x42  strcmp_unaligned.o [6]
  .text               ro code  0x08047c50    0x76c  rtos_i2c_drv.o [1]
  .text               ro code  0x080483bc     0x24  printf.o [4]
  .text               ro code  0x080483e0    0x5a4  hlog_main.o [1]
  .text               ro code  0x08048984     0x34  sprintf.o [4]
  .text               ro code  0x080489b8     0x36  strlen.o [6]
  .text               ro code  0x080489f0    0x810  htc_usb_cdc_data_service.o [1]
  .text               ro code  0x08049200    0x8a8  x_pmic.o [1]
  .text               ro code  0x08049aa8    0x444  ncp6924.o [1]
  .text               ro code  0x08049eec     0x76  ABImemcpy_unaligned.o [6]
  .text               ro code  0x08049f64     0x3a  ABImemset48.o [6]
  .text               ro code  0x08049fa0   0x4230  misc_data.o [1]
  .text               ro code  0x0804e1d0      0x4  strtoul.o [4]
  .text               ro code  0x0804e1d4     0x94  anx7737.o [1]
  .text               ro code  0x0804e268    0x360  htc_audio_path_service.o [1]
  .text               ro code  0x0804e5c8    0xdc4  audio_alc5665_driver.o [1]
  .text               ro code  0x0804f38c     0x44  snprintf.o [4]
  .text               ro code  0x0804f3d0    0x1f2  x_nucleo_iks01a1_magneto.o [1]
  .text               ro code  0x0804f5c4    0xe38  epl88051_driver.o [1]
  .text               ro code  0x080503fc   0x13c8  max17050_fuel_gauge.o [1]
  .text               ro code  0x080517c4    0x208  htc_adc_func.o [1]
  .text               ro code  0x080519cc     0x4e  FltToDbl.o [5]
  .text               ro code  0x08051a1c   0x108c  bq2589x_charger.o [1]
  .text               ro code  0x08052aa8    0x6e0  rtc_drv.o [1]
  .text               ro code  0x08053188   0x1ee8  tc358870xbg_driver.o [1]
  .text               ro code  0x08055070    0x6ac  ams361ep01_dsi_vdo.o [1]
  .text               ro code  0x0805571c    0xd40  tasks.o [1]
  .text               ro code  0x0805645c     0x10  atof.o [5]
  .text               ro code  0x0805646c     0x90  DblToFlt.o [5]
  .text               ro code  0x080564fc    0xa58  ccgx_fw.o [1]
  .text               ro code  0x08056f54     0xaa  ccgx_fw_io.o [1]
  .text               ro code  0x08057000   0x1500  dlmalloc.o [4]
  .text               ro code  0x08058500    0x4d8  cmsis_os.o [1]
  .text               ro code  0x080589d8    0x6fc  queue.o [1]
  .text               ro code  0x080590d4      0x6  ABImemclr.o [6]
  .text               ro code  0x080590dc   0x295c  gSensor_Calibate.o [1]
  .text               ro code  0x0805ba38    0x118  stm32f4xx_hal_cortex.o [1]
  .text               ro code  0x0805bb50    0x1a0  proximity_task.o [1]
  .text               ro code  0x0805bcf0    0xcd4  sensor_task.o [1]
  .text               ro code  0x0805c9c4    0x1bc  periph_multiple_drv.o [1]
  .text               ro code  0x0805cb80    0x454  ccgx_ec.o [1]
  .text               ro code  0x0805cfd4    0x484  PowerManager_system.o [1]
  .text               ro code  0x0805d458    0x3d8  key_drv.o [1]
  .text               ro code  0x0805d830    0x198  xstoul.o [4]
  .text               ro code  0x0805d9c8     0x14  tolower.o [4]
  .text               ro code  0x0805d9dc    0x3f0  leds-lp5562.o [1]
  .text               ro code  0x0805ddcc    0x444  PowerManager_notify_func.o [1]
  .text               ro code  0x0805e210     0x6c  strncpy_unaligned.o [6]
  .text               ro code  0x0805e27c    0x7e2  stm32f4xx_hal_i2c.o [1]
  .text               ro code  0x0805ea60   0x114e  xprintffull.o [4]
  .text               ro code  0x0805fbb0    0x590  hlog_utils.o [1]
  .text               ro code  0x08060140     0x3c  vsnprint.o [4]
  .text               ro code  0x0806017c     0x60  stm32f4xx_hal.o [1]
  .text               ro code  0x080601dc    0x444  main.o [1]
  .text               ro code  0x08060620     0xd8  usbd_comp_if.o [1]
  .text               ro code  0x080606f8    0x5c0  flash_drv.o [1]
  .text               ro code  0x08060cb8     0x66  ABImemset.o [6]
  .text               ro code  0x08060d1e     0x1a  sys_header.o [1]
  .text               ro code  0x08060d38     0x44  strcpy_unaligned.o [6]
  .text               ro code  0x08060d7c    0x250  audio_alc4040_driver.o [1]
  .text               ro code  0x08060fcc    0x132  I64DivMod.o [6]
  .text               ro code  0x08061100    0x34c  timers.o [1]
  .text               ro code  0x0806144c    0x5a6  stm32f4xx_hal_adc.o [1]
  .text               ro code  0x080619f4    0x62a  stm32f4xx_hal_rtc.o [1]
  .text               ro code  0x08062020    0x1ae  stm32f4xx_hal_rtc_ex.o [1]
  .text               ro code  0x080621d0   0x1400  PowerManager_battery.o [1]
  .text               ro code  0x080635d0    0x760  PowerManager_state_machine.o [1]
  .text               ro code  0x08063d30    0x284  PowerManager_power.o [1]
  .text               ro code  0x08063fb4    0x57c  htc_3dof_transfer_service.o [1]
  .text               ro code  0x08064530     0xd8  anx7737_driver.o [1]
  .text               ro code  0x08064608     0xb4  ps176_driver.o [1]
  .text               ro code  0x080646bc     0x88  xstol.o [4]
  .text               ro code  0x08064744    0x1e8  port.o [1]
  .text               ro code  0x0806492c     0x8e  list.o [1]
  .text               ro code  0x080649bc    0x264  freertos_trace.o [1]
  .text               ro code  0x08064c20    0x21c  heap_4.o [1]
  .text               ro code  0x08064e3c    0x168  xstod.o [5]
  .text               ro code  0x08064fa4      0x6  abort.o [4]
  .text               ro code  0x08064fac     0x2c  xgetmemchunk.o [4]
  .text               ro code  0x08064fd8    0x27c  x_nucleo_iks01a1_gyro.o [1]
  .text               ro code  0x08065254    0x2b4  x_nucleo_iks01a1_accelero.o [1]
  .text               ro code  0x08065508    0x118  SensorTile.o [1]
  .text               ro code  0x08065620      0x8  abs.o [4]
  .text               ro code  0x08065628    0x180  DblSub.o [5]
  .text               ro code  0x080657a8    0x1a2  DblMul.o [5]
  .text               ro code  0x0806594c     0xe8  DblAdd.o [5]
  .text               ro code  0x08065a34     0x2e  DblCmpLe.o [5]
  .text               ro code  0x08065a64    0x246  DblDiv.o [5]
  .text               ro code  0x08065cac     0xdc  x_nucleo_iks01a1_proximity.o [1]
  .text               ro code  0x08065d88     0x58  DblToI32.o [5]
  .text               ro code  0x08065de0    0x5e4  BMI160_ACC_GYRO_Driver.o [1]
  .text               ro code  0x080663c4   0x1654  BMI160_ACC_GYRO_Driver_Api.o [1]
  .text               ro code  0x08067a18    0xf04  fusion.o [1]
  .text               ro code  0x0806891c    0x3b4  HeadTracker.o [1]
  .text               ro code  0x08068cd0    0x218  HeadTransform.o [1]
  .text               ro code  0x08068ee8    0x2b6  Matrix.o [1]
  .text               ro code  0x080691a0     0x62  I64ToFlt.o [5]
  .text               ro code  0x08069204     0x44  ccgx_ccg4.o [1]
  .text               ro code  0x08069248     0x28  isxxx.o [4]
  .text               ro code  0x08069270     0x58  memchr.o [6]
  .text               ro code  0x080692c8      0xc  errno.o [4]
  .text               ro code  0x080692d4     0x24  setlocale.o [4]
  .text               ro code  0x080692f8      0xc  xlocale_c.o [4]
  .text               ro code  0x08069304    0x394  stm32f4xx_hal_msp.o [1]
  .text               ro code  0x08069698    0x210  stm32f4xx_hal_rcc.o [1]
  .text               ro code  0x080698a8     0x20  xmbtowc.o [4]
  .text               ro code  0x080698c8     0x16  strchr.o [6]
  .text               ro code  0x080698de      0xa  xmbcurmax.o [4]
  .text               ro code  0x080698e8     0x1a  xwctomb.o [4]
  .text               ro code  0x08069902     0x42  xdnorm.o [5]
  .text               ro code  0x08069944     0x2e  DblCmpGe.o [5]
  .text               ro code  0x08069974    0x114  xdscale.o [5]
  .text               ro code  0x08069a88     0x30  I32ToDbl.o [5]
  .text               ro code  0x08069ab8     0x6c  localeconv.o [4]
  .text               ro code  0x08069b24      0xe  div.o [4]
  .text               ro code  0x08069b34    0x628  stm32f4xx_hal_uart.o [1]
  .text               ro code  0x0806a15c    0x1f8  stm32f4xx_hal_flash.o [1]
  .text               ro code  0x0806a354    0x158  stm32f4xx_hal_flash_ex.o [1]
  .text               ro code  0x0806a4ac     0xa6  stm32f4xx_hal_timebase_TIM.o [1]
  .text               ro code  0x0806a552     0x50  stm32f4xx_hal_iwdg.o [1]
  .text               ro code  0x0806a5a4    0x4fc  usart_drv.o [1]
  .text               ro code  0x0806aaa0    0x494  stm32f4xx_hal_spi.o [1]
  .text               ro code  0x0806af34    0x258  usb_device.o [1]
  .text               ro code  0x0806b18c     0x78  PowerManager.o [1]
  .text               ro code  0x0806b204     0x3c  display_drv.o [1]
  .text               ro code  0x0806b240    0x82c  system_property.o [1]
  .text               ro code  0x0806ba6c    0xae4  system_command.o [1]
  .text               ro code  0x0806c550    0x4a0  PowerManager_command.o [1]
  .text               ro code  0x0806c9f0    0x4a4  stm32f4xx_hal_rcc_ex.o [1]
  .text               ro code  0x0806ce94    0x2f4  usbd_comp.o [1]
  .text               ro code  0x0806d188    0x238  usbd_conf.o [1]
  .text               ro code  0x0806d3c0      0x2  I64DivZer.o [6]
  .text               ro code  0x0806d3c4      0x2  stm32f4xx_hal_adc_ex.o [1]
  .text               ro code  0x0806d3c8    0x420  stm32f4xx_hal_dma.o [1]
  .text               ro code  0x0806d7e8     0xac  stm32f4xx_hal_pwr_ex.o [1]
  .text               ro code  0x0806d894     0x50  stm32f4xx_hal_pwr.o [1]
  CODE                ro code  0x0806d8e4     0xa8  portasm.o [1]
  .text               ro code  0x0806d98c    0x270  stm32f4xx_hal_tim.o [1]
  .text               ro code  0x0806dbfc    0x134  xstopfx.o [4]
  .text               ro code  0x0806dd30    0x1b8  xstoflt.o [4]
  .text               ro code  0x0806dee8    0x200  xdtento.o [5]
  .text               ro code  0x0806e0e8    0x218  xstoxflt.o [4]
  .text               ro code  0x0806e300     0x14  exit.o [7]
  .text               ro code  0x0806e314    0x2e4  BMI160_ACC_GYRO_Driver_HL.o [1]
  .text               ro code  0x0806e5f8    0x53a  mat.o [1]
  .text               ro code  0x0806eb34     0x90  vec.o [1]
  .text               ro code  0x0806ebc4    0x21e  quat.o [1]
  .text               ro code  0x0806ede4    0xa84  mymath.o [1]
  .text               ro code  0x0806f868    0x99e  OrientationEKF.o [1]
  .text               ro code  0x08070208    0x236  Vector3d.o [1]
  .text               ro code  0x08070440    0x262  GyroscopeBiasEstimator.o [1]
  .text               ro code  0x080706a4    0x100  sqrt.o [5]
  .text               ro code  0x080707a4     0x12  sin.o [5]
  .text               ro code  0x080707b6     0x12  cos.o [5]
  .text               ro code  0x080707c8     0x16  xlocale_c.o [4]
  .text               ro code  0x080707de     0x14  xlocale_c.o [4]
  .text               ro code  0x080707f2      0x2  xtls.o [4]
  .text               ro code  0x080707f4     0x60  xencoding_sb.o [4]
  .text               ro code  0x08070854    0x300  usbd_core.o [1]
  .text               ro code  0x08070b54      0x2  PowerManager_peripherals.o [1]
  .runtype            ro code  0x08070b58     0x94  fota_command.o [1]
  .text               ro code  0x08070bec     0x46  strcasecmp.o [4]
  .text               ro code  0x08070c34     0xe0  rand.o [4]
  .text               ro code  0x08070d14     0x20  srand.o [4]
  .text               ro code  0x08070d34     0x60  usbd_ioreq.o [1]
  .text               ro code  0x08070d94    0x3d4  usbd_ctlreq.o [1]
  .text               ro code  0x08071168    0x8a0  stm32f4xx_hal_pcd.o [1]
  .text               ro code  0x08071a08     0x86  stm32f4xx_hal_pcd_ex.o [1]
  .text               ro code  0x08071a90      0x4  stm32f4xx_hal_tim_ex.o [1]
  .text               ro code  0x08071a94     0x20  DblCmpEq.o [5]
  .text               ro code  0x08071ab4     0x56  xdunscal.o [5]
  .text               ro code  0x08071b0a     0x1a  copysignf.o [5]
  .text               ro code  0x08071b24    0x6e8  So3Util.o [1]
  .text               ro code  0x0807220c    0x678  Matrix3x3d.o [1]
  .text               ro code  0x08072884     0x68  fmin.o [5]
  .text               ro code  0x080728ec    0x110  LowPassFilter.o [1]
  .text               ro code  0x080729fc      0xc  iarEdom.o [6]
  .text               ro code  0x08072a08    0x46a  xsin.o [5]
  .text               ro code  0x08072e74    0x164  usbd_desc.o [1]
  .text               ro code  0x08072fd8    0x1a8  fota_command.o [1]
  .text               ro code  0x08073180    0x8f4  stm32f4xx_ll_usb.o [1]
  .text               ro code  0x08073a74    0x120  acos.o [5]
  .text               ro code  0x08073b94    0x130  asin.o [5]
  .text               ro code  0x08073cc4     0x40  xdtest.o [5]
  .text               ro code  0x08073d04    0x168  xquad.o [5]
  .rodata             const    0x08073e6c     0x4c  PowerManager_command.o [1]
  .text               ro code  0x08073eb8    0x1f0  xatan.o [5]
  .text               ro code  0x080740a8     0x7e  xdint.o [5]
  .text               ro code  0x08074128    0x1a8  fmod.o [5]
  .rodata             const    0x080742d0   0x4638  tc358870xbg_driver.o [1]
  .text               ro code  0x08078908   0x11d0  LSM6DSM_ACC_GYRO_driver_HL.o [1]
  .text               ro code  0x08079ad8    0x7da  LSM6DSM_ACC_GYRO_driver.o [1]
  .text               ro code  0x0807a2b4   0x1100  yas_mag_calib_min.o [1]
  .text               ro code  0x0807b3b4    0xea8  yas_mag_drv-yas537.o [1]
  .text               ro code  0x0807c25c    0xcb8  YAS537_MAG_driver_HL.o [1]
  .text               ro code  0x0807cf14    0x138  yas_drv.o [1]
  .text               ro code  0x0807d04c    0x1f8  yas_algo.o [1]
  .text               ro code  0x0807d244    0x29c  yas_mag_filter.o [1]
  .rodata             const    0x0807d4e0    0xbd0  command.o [1]
  .text               ro code  0x0807e0b0    0xae8  AKHDOE.o [3]
  .text               ro code  0x0807eb98     0xfa  AKMDevice.o [3]
  .text               ro code  0x0807ec92     0xc2  AKArithOp.o [3]
  .text               ro code  0x0807ed54    0x628  AKDOECore.o [3]
  .text               ro code  0x0807f37c    0x13c  AKMathLib.o [3]
  .text               ro code  0x0807f4b8    0xaac  AKM099XX_MAG_driver_HL.o [1]
  .text               ro code  0x0807ff64    0x2a4  AKH_APIs.o [1]
  .text               ro code  0x08080208    0x268  akl_lib_func.o [1]
  .text               ro code  0x08080470     0xe0  AKS_APIs.o [1]
  .text               ro code  0x08080550    0x338  akl_apis.o [1]
  .text               ro code  0x08080888    0x3ac  aks_mag_ak099xx.o [1]
  .text               ro code  0x08080c34    0x3f4  measure.o [1]
  .text               ro code  0x08081028     0xd8  akl_nonos_ext.o [1]
  .text               ro code  0x08081100     0x1e  AKVersion.o [3]
  .text               ro code  0x0808111e     0x4e  aks_common.o [1]
  .text               ro code  0x0808116c    0x9d4  AKDecomp.o [3]
  .text               ro code  0x08081b40     0x94  AKHFlucCheck.o [3]
  .text               ro code  0x08081bd4     0xbe  AKDirection6D.o [3]
  .text               ro code  0x08081c94    0x674  gSensor_Command.o [1]
  .text               ro code  0x08082308    0x46c  hlog_excep.o [1]
  .text               ro code  0x08082774     0x2c  vsprintf.o [4]
  .text               ro code  0x080827a0    0x3b8  EPL88051_PROXIMITY_driver_HL.o [1]
  .text               ro code  0x08082b58    0x1c2  lz77_init.o [6]
  .text               ro code  0x08082d1c    0x1bc  stm32f4xx_it.o [1]
  .rodata             const    0x08082ed8    0x16c  PowerManager_state_machine.o [1]
  .rodata             const    0x08083044     0xf0  hlog_main.o [1]
  .rodata             const    0x08083134     0xc0  ams361ep01_dsi_vdo.o [1]
  .rodata             const    0x080831f4     0x9c  led_hal.o [1]
  .rodata             const    0x08083290     0x98  x_pmic.o [1]
  .text               ro code  0x08083328     0x50  system_stm32f4xx.o [1]
  .text               ro code  0x08083378     0x40  myprintf.o [1]
  .text               ro code  0x080833b8     0x28  data_init.o [6]
  .iar.init_table     const    0x080833e0     0x2c  - Linker created -
  .text               ro code  0x0808340c     0x1a  fpinit_M.o [5]
  .text               ro code  0x08083428     0x1a  cmain.o [6]
  .text               ro code  0x08083442      0x4  low_level_init.o [4]
  .text               ro code  0x08083446      0x4  exit.o [4]
  .text               ro code  0x0808344c      0xa  cexit.o [6]
  .rodata             const    0x08083458     0x18  max17050_fuel_gauge.o [1]
  .rodata             const    0x08083470     0x18  system_command.o [1]
  .rodata             const    0x08083488     0x14  bq2589x_charger.o [1]
  .rodata             const    0x080834a0     0x18  system_property.o [1]
  .text               ro code  0x080834b8     0x16  xprout.o [4]
  .text               ro code  0x080834d0      0xc  putchar.o [4]
  .rodata             const    0x080834dc     0x10  fusion.o [1]
  .rodata             const    0x080834ec     0x10  htc_audio_path_service.o [1]
  .rodata             const    0x080834fc     0x10  htc_usb_cdc_data_service.o [1]
  .rodata             const    0x0808350c     0x10  key_drv.o [1]
  .rodata             const    0x0808351c     0x10  periph_multiple_drv.o [1]
  .rodata             const    0x0808352c     0x10  PowerManager_system.o [1]
  .rodata             const    0x0808353c     0x10  proximity_task.o [1]
  .rodata             const    0x0808354c      0xc  htc_3dof_transfer_service.o [1]
  .rodata             const    0x08083558     0x10  sensor_task.o [1]
  .rodata             const    0x08083568     0x10  usart_drv.o [1]
  .text               ro code  0x08083578     0x10  startup_stm32f412rx.o [1]
  .rodata             const    0x08083588      0xc  main.o [1]
  .rodata             const    0x08083594      0xc  rtc_drv.o [1]
  .text               ro code  0x080835a0      0xc  cstartup_M.o [6]
  .rodata             const    0x080835ac      0x8  ccgx_ec.o [1]
  .rodata             const    0x080835b4      0x8  AKMDevice.o [3]
  .text               ro code  0x080835bc      0x4  startup_stm32f412rx.o [1]
  .text               ro code  0x080835c0      0x4  startup_stm32f412rx.o [1]
  .text               ro code  0x080835c4      0x4  startup_stm32f412rx.o [1]
  .text               ro code  0x080835c8      0x4  startup_stm32f412rx.o [1]
  .text               ro code  0x080835cc      0x4  startup_stm32f412rx.o [1]
  .text               ro code  0x080835d0      0x4  startup_stm32f412rx.o [1]
  .text               ro code  0x080835d4      0x4  startup_stm32f412rx.o [1]
  .text               ro code  0x080835d8      0x4  startup_stm32f412rx.o [1]
  .text               ro code  0x080835dc      0x4  startup_stm32f412rx.o [1]
  .text               ro code  0x080835e0      0x4  startup_stm32f412rx.o [1]
  .text               ro code  0x080835e4      0x4  startup_stm32f412rx.o [1]
  .text               ro code  0x080835e8      0x4  startup_stm32f412rx.o [1]
  .text               ro code  0x080835ec      0x4  startup_stm32f412rx.o [1]
  .text               ro code  0x080835f0      0x4  startup_stm32f412rx.o [1]
  .text               ro code  0x080835f4      0x4  startup_stm32f412rx.o [1]
  .text               ro code  0x080835f8      0x4  startup_stm32f412rx.o [1]
  .text               ro code  0x080835fc      0x4  startup_stm32f412rx.o [1]
  .text               ro code  0x08083600      0x4  startup_stm32f412rx.o [1]
  .text               ro code  0x08083604      0x4  startup_stm32f412rx.o [1]
  .text               ro code  0x08083608      0x4  startup_stm32f412rx.o [1]
  .text               ro code  0x0808360c      0x4  startup_stm32f412rx.o [1]
  .text               ro code  0x08083610      0x4  startup_stm32f412rx.o [1]
  .text               ro code  0x08083614      0x4  startup_stm32f412rx.o [1]
  .text               ro code  0x08083618      0x4  startup_stm32f412rx.o [1]
  .text               ro code  0x0808361c      0x4  startup_stm32f412rx.o [1]
  .text               ro code  0x08083620      0x4  startup_stm32f412rx.o [1]
  .text               ro code  0x08083624      0x4  startup_stm32f412rx.o [1]
  .text               ro code  0x08083628      0x4  startup_stm32f412rx.o [1]
  .text               ro code  0x0808362c      0x4  startup_stm32f412rx.o [1]
  .text               ro code  0x08083630      0x4  startup_stm32f412rx.o [1]
  .text               ro code  0x08083634      0x4  startup_stm32f412rx.o [1]
  .text               ro code  0x08083638      0x4  startup_stm32f412rx.o [1]
  .text               ro code  0x0808363c      0x4  startup_stm32f412rx.o [1]
  .text               ro code  0x08083640      0x4  startup_stm32f412rx.o [1]
  .text               ro code  0x08083644      0x4  startup_stm32f412rx.o [1]
  .text               ro code  0x08083648      0x4  startup_stm32f412rx.o [1]
  .text               ro code  0x0808364c      0x4  startup_stm32f412rx.o [1]
  .text               ro code  0x08083650      0x4  startup_stm32f412rx.o [1]
  .text               ro code  0x08083654      0x4  startup_stm32f412rx.o [1]
  .text               ro code  0x08083658      0x4  startup_stm32f412rx.o [1]
  .text               ro code  0x0808365c      0x4  startup_stm32f412rx.o [1]
  .text               ro code  0x08083660      0x4  startup_stm32f412rx.o [1]
  .text               ro code  0x08083664      0x4  startup_stm32f412rx.o [1]
  .text               ro code  0x08083668      0x4  startup_stm32f412rx.o [1]
  .text               ro code  0x0808366c      0x4  startup_stm32f412rx.o [1]
  .text               ro code  0x08083670      0x4  startup_stm32f412rx.o [1]
  .text               ro code  0x08083674      0x4  startup_stm32f412rx.o [1]
  .text               ro code  0x08083678      0x4  startup_stm32f412rx.o [1]
  .text               ro code  0x0808367c      0x4  startup_stm32f412rx.o [1]
  .text               ro code  0x08083680      0x4  startup_stm32f412rx.o [1]
  .text               ro code  0x08083684      0x4  startup_stm32f412rx.o [1]
  .text               ro code  0x08083688      0x4  startup_stm32f412rx.o [1]
  .text               ro code  0x0808368c      0x4  startup_stm32f412rx.o [1]
  .text               ro code  0x08083690      0x4  startup_stm32f412rx.o [1]
  .text               ro code  0x08083694      0x4  startup_stm32f412rx.o [1]
  .text               ro code  0x08083698      0x4  startup_stm32f412rx.o [1]
  .text               ro code  0x0808369c      0x4  startup_stm32f412rx.o [1]
  .text               ro code  0x080836a0      0x4  startup_stm32f412rx.o [1]
  .text               ro code  0x080836a4      0x4  startup_stm32f412rx.o [1]
  .text               ro code  0x080836a8      0x4  startup_stm32f412rx.o [1]
                             - 0x080836ac  0x426ac

Absolute sections, part 2 of 3:               0x14
  .noinit             uninit   0x20002000     0x10  PowerManager_power.o [1]
  .noinit             uninit   0x20002010      0x4  hlog_main.o [1]
                             - 0x20002014     0x14

Absolute sections, part 3 of 3:            0x10000
  .noinit             uninit   0x20002018  0x10000  hlog_main.o [1]
                             - 0x20012018  0x10000

"P2":                                      0x12bb0
  P2 s0                        0x20012018    0xbba  <Init block>
    .data             inited   0x20012018     0x9c  x_pmic.o [1]
    .data             inited   0x200120b4     0x94  LSM6DSM_ACC_GYRO_driver_HL.o [1]
    .data             inited   0x20012148     0x94  max17050_fuel_gauge.o [1]
    __DLIB_PERTHREAD  inited   0x200121dc     0x8c  rand.o [4]
    __DLIB_PERTHREAD  inited   0x20012268     0x88  localeconv.o [4]
    .data             inited   0x200122f0     0x84  epl88051_driver.o [1]
    .data             inited   0x20012374     0x74  hlog_main.o [1]
    __DLIB_PERTHREAD  inited   0x200123e8     0x74  setlocale.o [4]
    .data             inited   0x2001245c     0x68  led_hal.o [1]
    .data             inited   0x200124c4     0x5c  PowerManager_state_machine.o [1]
    .data             inited   0x20012520     0x5c  usbd_comp.o [1]
    .data             inited   0x2001257c     0x5c  usbd_comp.o [1]
    .data             inited   0x200125d8     0x5c  usbd_comp.o [1]
    .data             inited   0x20012634     0x50  AKM099XX_MAG_driver_HL.o [1]
    .data             inited   0x20012684     0x50  YAS537_MAG_driver_HL.o [1]
    .data             inited   0x200126d4     0x4c  htc_usb_cdc_data_service.o [1]
    .data             inited   0x20012720     0x48  ams361ep01_dsi_vdo.o [1]
    .data             inited   0x20012768     0x48  ams361ep01_dsi_vdo.o [1]
    .data             inited   0x200127b0     0x48  BMI160_ACC_GYRO_Driver_Api.o [1]
    .data             inited   0x200127f8     0x48  LSM6DSM_ACC_GYRO_driver_HL.o [1]
    .data             inited   0x20012840     0x44  BMI160_ACC_GYRO_Driver_Api.o [1]
    .data             inited   0x20012884     0x44  LSM6DSM_ACC_GYRO_driver_HL.o [1]
    .data             inited   0x200128c8     0x40  tc358870xbg_driver.o [1]
    .data             inited   0x20012908     0x40  xfiles.o [4]
    .data             inited   0x20012948     0x3c  led_hal.o [1]
    .data             inited   0x20012984     0x3c  usbd_comp.o [1]
    .data             inited   0x200129c0     0x38  PowerManager_state_machine.o [1]
    .data             inited   0x200129f8     0x30  bq2589x_charger.o [1]
    .data             inited   0x20012a28     0x2c  YAS537_MAG_driver_HL.o [1]
    .data             inited   0x20012a54     0x24  max17050_fuel_gauge.o [1]
    .data             inited   0x20012a78     0x1c  EPL88051_PROXIMITY_driver_HL.o [1]
    .data             inited   0x20012a94     0x1c  hlog_main.o [1]
    .data             inited   0x20012ab0     0x1c  usbd_desc.o [1]
    .data             inited   0x20012acc     0x18  ccgx_fw.o [1]
    .data             inited   0x20012ae4     0x18  YAS537_MAG_driver_HL.o [1]
    .data             inited   0x20012afc     0x14  gpio_exp.o [1]
    .data             inited   0x20012b10     0x14  hlog_main.o [1]
    .data             inited   0x20012b24     0x14  ncp6924.o [1]
    .data             inited   0x20012b38     0x14  usbd_desc.o [1]
    .data             inited   0x20012b4c     0x10  leds-lp5562.o [1]
    .data             inited   0x20012b5c     0x10  ncp6924.o [1]
    .data             inited   0x20012b6c     0x10  usbd_comp_if.o [1]
    .data             inited   0x20012b7c      0xc  gpio_exp.o [1]
    .data             inited   0x20012b88      0xc  port.o [1]
    .data             inited   0x20012b94      0xc  usbd_comp.o [1]
    .data             inited   0x20012ba0      0x8  ams361ep01_dsi_vdo.o [1]
    .data             inited   0x20012ba8      0x8  ams361ep01_dsi_vdo.o [1]
    .data             inited   0x20012bb0      0x8  BMI160_ACC_GYRO_Driver_HL.o [1]
    .data             inited   0x20012bb8      0x8  mymath.o [1]
    .data             inited   0x20012bc0      0x4  ams361ep01_dsi_vdo.o [1]
    .data             inited   0x20012bc4      0x4  system_stm32f4xx.o [1]
    .data             inited   0x20012bc8      0x4  usbd_desc.o [1]
    __DLIB_PERTHREAD  inited   0x20012bcc      0x4  errno.o [4]
    .data             inited   0x20012bd0      0x1  led_hal.o [1]
    .data             inited   0x20012bd1      0x1  leds-lp5562.o [1]
  .bss                zero     0x20012bd4   0xc018  heap_4.o [1]
  .bss                zero     0x2001ebf0    0xa58  misc_data.o [1]
  .bss                zero     0x2001f648    0x918  HeadTracker.o [1]
  .bss                zero     0x2001ff60    0x3c8  usbd_conf.o [1]
  .bss                zero     0x20020328    0x3c0  freertos_trace.o [1]
  .bss                zero     0x200206e8    0x25c  usb_device.o [1]
  .bss                zero     0x20020944    0x220  usbd_desc.o [1]
  .bss                zero     0x20020b64    0x200  usbd_comp.o [1]
  .bss                zero     0x20020d64    0x1f0  fusion.o [1]
  .bss                zero     0x20020f54    0x1d8  dlmalloc.o [4]
  .bss                zero     0x2002112c    0x15c  yas_mag_calib_min.o [1]
  .bss                zero     0x20021288    0x100  ccgx_fw.o [1]
  .bss                zero     0x20021388    0x100  usart_drv.o [1]
  .bss                zero     0x20021488     0xfc  yas_mag_filter.o [1]
  .bss                zero     0x20021584     0xc8  main.o [1]
  .bss                zero     0x2002164c     0xc8  So3Util.o [1]
  .bss                zero     0x20021714     0xa0  tasks.o [1]
  .bss                zero     0x200217b4     0x90  yas_mag_drv-yas537.o [1]
  .bss                zero     0x20021844     0x8c  tasks.o [1]
  .bss                zero     0x200218d0     0x84  usart_drv.o [1]
  .bss                zero     0x20021954     0x84  usart_drv.o [1]
  .bss                zero     0x200219d8     0x78  system_command.o [1]
  .bss                zero     0x20021a50     0x74  audio_alc5665_driver.o [1]
  .bss                zero     0x20021ac4     0x74  system_property.o [1]
  .bss                zero     0x20021b38     0x74  usart_drv.o [1]
  .bss                zero     0x20021bac     0x70  htc_usb_cdc_data_service.o [1]
  .bss                zero     0x20021c1c     0x6c  htc_3dof_transfer_service.o [1]
  .bss                zero     0x20021c88     0x64  x_nucleo_iks01a1_accelero.o [1]
  .bss                zero     0x20021cec     0x64  x_nucleo_iks01a1_gyro.o [1]
  .bss                zero     0x20021d50     0x60  bq2589x_charger.o [1]
  .bss                zero     0x20021db0     0x60  main.o [1]
  .bss                zero     0x20021e10     0x60  max17050_fuel_gauge.o [1]
  .bss                zero     0x20021e70     0x5c  yas_algo.o [1]
  .bss                zero     0x20021ecc     0x54  rtos_i2c_drv.o [1]
  .bss                zero     0x20021f20     0x54  rtos_i2c_drv.o [1]
  .bss                zero     0x20021f74     0x50  xfiles.o [4]
  .bss                zero     0x20021fc4     0x48  gSensor_Calibate.o [1]
  .bss                zero     0x2002200c     0x44  sensor_task.o [1]
  .bss                zero     0x20022050     0x44  usbd_comp_if.o [1]
  .bss                zero     0x20022094     0x44  yas_drv.o [1]
  .bss                zero     0x200220d8     0x40  BMI160_ACC_GYRO_Driver_Api.o [1]
  .bss                zero     0x20022118     0x40  freertos_trace.o [1]
  .bss                zero     0x20022158     0x40  queue.o [1]
  .bss                zero     0x20022198     0x40  x_nucleo_iks01a1_magneto.o [1]
  .bss                zero     0x200221d8     0x3c  stm32f4xx_hal_timebase_TIM.o [1]
  .bss                zero     0x20022214     0x38  timers.o [1]
  .bss                zero     0x2002224c     0x34  key_drv.o [1]
  .bss                zero     0x20022280     0x30  rtos_i2c_drv.o [1]
  .bss                zero     0x200222b0     0x24  AKM099XX_MAG_driver_HL.o [1]
  .bss                zero     0x200222d4     0x24  PowerManager_battery.o [1]
  .bss                zero     0x200222f8     0x20  AKM099XX_MAG_driver_HL.o [1]
  .bss                zero     0x20022318     0x20  ccgx_ec.o [1]
  .bss                zero     0x20022338     0x20  sensor_task.o [1]
  .bss                zero     0x20022358     0x20  sensor_task.o [1]
  .bss                zero     0x20022378     0x20  stm32f4xx_hal_flash.o [1]
  .bss                zero     0x20022398     0x20  x_nucleo_iks01a1_proximity.o [1]
  .bss                zero     0x200223b8     0x1c  aks_mag_ak099xx.o [1]
  .bss                zero     0x200223d4     0x1c  BMI160_ACC_GYRO_Driver.o [1]
  .bss                zero     0x200223f0     0x1c  BMI160_ACC_GYRO_Driver_Api.o [1]
  .bss                zero     0x2002240c     0x1c  led_hal.o [1]
  .bss                zero     0x20022428     0x1c  PowerManager_battery.o [1]
  .bss                zero     0x20022444     0x1c  PowerManager_system.o [1]
  .bss                zero     0x20022460     0x1c  tc358870xbg_driver.o [1]
  .bss                zero     0x2002247c     0x1c  YAS537_MAG_driver_HL.o [1]
  .bss                zero     0x20022498     0x18  dlmalloc.o [4]
  .bss                zero     0x200224b0     0x15  PowerManager_system.o [1]
  .bss                zero     0x200224c6      0x2  LSM6DSM_ACC_GYRO_driver_HL.o [1]
  .bss                zero     0x200224c8     0x14  periph_multiple_drv.o [1]
  .bss                zero     0x200224dc     0x14  sensor_task.o [1]
  .bss                zero     0x200224f0     0x10  htc_adc_func.o [1]
  .bss                zero     0x20022500     0x10  PowerManager_power.o [1]
  .bss                zero     0x20022510     0x10  proximity_task.o [1]
  .bss                zero     0x20022520     0x10  rtc_drv.o [1]
  .bss                zero     0x20022530      0xc  command.o [1]
  .bss                zero     0x2002253c      0xc  htc_audio_path_service.o [1]
  .bss                zero     0x20022548      0xc  main.o [1]
  .bss                zero     0x20022554      0xc  misc_data.o [1]
  .bss                zero     0x20022560      0xc  PowerManager_notify_func.o [1]
  .bss                zero     0x2002256c      0x8  audio_alc4040_driver.o [1]
  .bss                zero     0x20022574      0x8  BMI160_ACC_GYRO_Driver_Api.o [1]
  .bss                zero     0x2002257c      0x8  PowerManager_battery.o [1]
  .bss                zero     0x20022584      0x8  PowerManager_battery.o [1]
  .bss                zero     0x2002258c      0x8  PowerManager_command.o [1]
  .bss                zero     0x20022594      0x4  BMI160_ACC_GYRO_Driver.o [1]
  .bss                zero     0x20022598      0x4  flash_drv.o [1]
  .bss                zero     0x2002259c      0x4  gSensor_Calibate.o [1]
  .bss                zero     0x200225a0      0x4  gSensor_Calibate.o [1]
  .bss                zero     0x200225a4      0x4  main.o [1]
  .bss                zero     0x200225a8      0x4  sensor_task.o [1]
  .bss                zero     0x200225ac      0x4  sensor_task.o [1]
  .bss                zero     0x200225b0      0x4  stm32f4xx_hal.o [1]
  .bss                zero     0x200225b4      0x4  usart_drv.o [1]
  .bss                zero     0x200225b8      0x4  xgetmemchunk.o [4]
  .bss                zero     0x200225bc      0x1  BMI160_ACC_GYRO_Driver_Api.o [1]
  .bss                zero     0x200225bd      0x1  HeadTracker.o [1]
  .bss                zero     0x200225be      0x1  myprintf.o [1]
  .bss                zero     0x200225bf      0x1  sensor_task.o [1]
  .bss                zero     0x200225c0      0x1  usbd_comp.o [1]
  .bss                zero     0x200225c1      0x1  usbd_ctlreq.o [1]
  CSTACK                       0x200225c8   0x1400  <Block>
    CSTACK            uninit   0x200225c8   0x1400  <Block tail>
  HEAP                         0x200239c8   0x1200  <Block>
    HEAP              uninit   0x200239c8   0x1200  <Block tail>
                             - 0x20024bc8  0x12bb0


*******************************************************************************
*** INIT TABLE
***

          Address     Size
          -------     ----
Zero (__iar_zero_init3)
    1 destination range, total size 0xf9ee:
          0x20012bd4  0xf9ee

Copy/lz77 (__iar_lz77_init3)
    1 source range, total size 0x670 (54% of destination):
          0x080401c4   0x670
    1 destination range, total size 0xbba:
          0x20012018   0xbba



*******************************************************************************
*** MODULE SUMMARY
***

    Module                          ro code  ro data  rw data  ro data  rw data
                                                                (abs)    (abs)
    ------                          -------  -------  -------  -------  -------
G:\code\STM32\Kalman\link_hmd\SYS\EWARM\Debug\Obj: [1]
    AKH_APIs.o                          676
    AKM099XX_MAG_driver_HL.o          2 732       44      148
    AKS_APIs.o                          224
    BMI160_ACC_GYRO_Driver.o          1 508                32
    BMI160_ACC_GYRO_Driver_Api.o      5 716       76      241
    BMI160_ACC_GYRO_Driver_HL.o         740        4        8
    EPL88051_PROXIMITY_driver_HL.o      952       15       28
    GyroscopeBiasEstimator.o            610
    HeadTracker.o                       948             2 329
    HeadTransform.o                     536
    LSM6DSM_ACC_GYRO_driver.o         2 010
    LSM6DSM_ACC_GYRO_driver_HL.o      4 560      158      290
    LowPassFilter.o                     272
    Matrix.o                            694
    Matrix3x3d.o                      1 656
    OrientationEKF.o                  2 462
    PowerManager.o                      120
    PowerManager_battery.o            5 120                80
    PowerManager_command.o            1 184       76        8
    PowerManager_notify_func.o        1 092                12
    PowerManager_peripherals.o            2
    PowerManager_power.o                644                16                16
    PowerManager_state_machine.o      1 888      445      148
    PowerManager_system.o             1 156       16       49
    SensorTile.o                        280
    So3Util.o                         1 768               200
    Vector3d.o                          566
    YAS537_MAG_driver_HL.o            3 256       81      176
    akl_apis.o                          824
    akl_lib_func.o                      616
    akl_nonos_ext.o                     216
    aks_common.o                         78
    aks_mag_ak099xx.o                   940                28
    ams361ep01_dsi_vdo.o              1 708      282      164
    anx7737.o                           148
    anx7737_driver.o                    216
    audio_alc4040_driver.o              592                 8
    audio_alc5665_driver.o            3 524               116
    bq2589x_charger.o                 4 236       47      144
    ccgx_ccg4.o                          68
    ccgx_ec.o                         1 108        8       32
    ccgx_fw.o                         2 648       13      280
    ccgx_fw_io.o                        170
    cmsis_os.o                        1 240
    command.o                        23 256    3 024       12
    display_drv.o                        60
    epl88051_driver.o                 3 640       73      132
    flash_drv.o                       1 472                 4
    fota_command.o                      572
    freertos_trace.o                    612             1 024
    fusion.o                          3 844       16      496
    gSensor_Calibate.o               10 588                80
    gSensor_Command.o                 1 652
    gpio.o                            1 996
    gpio_exp.o                          504       18       32
    heap_4.o                            540            49 176
    hlog_excep.o                      1 132
    hlog_main.o                       1 444      329      164            65 540
    hlog_utils.o                      1 424
    htc_3dof_transfer_service.o       1 404       12      108
    htc_adc_func.o                      520                16
    htc_audio_path_service.o            864       16       12
    htc_usb_cdc_data_service.o        2 064       58      188
    key_drv.o                           984       16       52
    led_drv.o                           410
    led_hal.o                           588      247      193
    leds-lp5562.o                     1 008        9       17
    list.o                              142
    main.o                            1 092       12      312
    mat.o                             1 338
    max17050_fuel_gauge.o             5 064      126      280
    measure.o                         1 012
    misc_data.o                      16 944             2 660
    mymath.o                          2 692        5        8
    myprintf.o                           64                 1
    ncp6924.o                         1 092       20       36
    periph_multiple_drv.o               444       16       20
    port.o                              488        6       12
    portasm.o                           168
    proximity_task.o                    416       16       16
    ps176_driver.o                      180
    quat.o                              542
    queue.o                           1 788                64
    rtc_drv.o                         1 760       12       16
    rtos_i2c_drv.o                    1 900               216
    sensor_task.o                     3 284       16      161
    startup_stm32f412rx.o               708
    stm32f4xx_hal.o                      96                 4
    stm32f4xx_hal_adc.o               1 446
    stm32f4xx_hal_adc_ex.o                2
    stm32f4xx_hal_cortex.o              280
    stm32f4xx_hal_dma.o               1 056
    stm32f4xx_hal_flash.o               504                32
    stm32f4xx_hal_flash_ex.o            344
    stm32f4xx_hal_gpio.o                744
    stm32f4xx_hal_i2c.o               2 018
    stm32f4xx_hal_iwdg.o                 80
    stm32f4xx_hal_msp.o                 916
    stm32f4xx_hal_pcd.o               2 208
    stm32f4xx_hal_pcd_ex.o              134
    stm32f4xx_hal_pwr.o                  80
    stm32f4xx_hal_pwr_ex.o              172
    stm32f4xx_hal_rcc.o                 528
    stm32f4xx_hal_rcc_ex.o            1 188
    stm32f4xx_hal_rtc.o               1 578
    stm32f4xx_hal_rtc_ex.o              430
    stm32f4xx_hal_spi.o               1 172
    stm32f4xx_hal_tim.o                 624
    stm32f4xx_hal_tim_ex.o                4
    stm32f4xx_hal_timebase_TIM.o        166                60
    stm32f4xx_hal_uart.o              1 576
    stm32f4xx_it.o                      444
    stm32f4xx_ll_usb.o                2 292
    sys_header.o                         26                         64
    system_command.o                  2 788       24      120
    system_property.o                 2 092       24      116
    system_stm32f4xx.o                   80        2        4
    tasks.o                           3 392               300
    tc358870xbg_driver.o              7 912   18 012       92
    timers.o                            844                56
    usart_drv.o                       1 276       16      640
    usb_device.o                        600               604
    usbd_comp.o                         756      191      861
    usbd_comp_if.o                      216        8       84
    usbd_conf.o                         568               968
    usbd_core.o                         768
    usbd_ctlreq.o                       980                 1
    usbd_desc.o                         356       29      596
    usbd_ioreq.o                         96
    vec.o                               144
    x_nucleo_iks01a1_accelero.o         692               100
    x_nucleo_iks01a1_gyro.o             636               100
    x_nucleo_iks01a1_magneto.o          498                64
    x_nucleo_iks01a1_proximity.o        220                32
    x_pmic.o                          2 216      237      156
    yas_algo.o                          504                92
    yas_drv.o                           312                68
    yas_mag_calib_min.o               4 352               348
    yas_mag_drv-yas537.o              3 752               144
    yas_mag_filter.o                    668               252
    ---------------------------------------------------------------------------
    Total:                          220 226   23 855   65 939       64   65 556

command line: [2]
    ---------------------------------------------------------------------------
    Total:

ak09916_lib.a: [3]
    AKArithOp.o                         194
    AKDOECore.o                       1 576
    AKDecomp.o                        2 516
    AKDirection6D.o                     190
    AKHDOE.o                          2 792
    AKHFlucCheck.o                      148
    AKMDevice.o                         250        8
    AKMathLib.o                         316
    AKVersion.o                          30
    ---------------------------------------------------------------------------
    Total:                            8 012        8

dl7M_tlf.a: [4]
    abort.o                               6
    abs.o                                 8
    atoi.o                                8
    div.o                                14
    dlmalloc.o                        5 376               496
    errno.o                              12        2        4
    exit.o                                4
    isxxx.o                              40
    localeconv.o                        108       75      136
    low_level_init.o                      4
    printf.o                             36
    putchar.o                            12
    rand.o                              224       76      140
    setlocale.o                          36       64      116
    snprintf.o                           68
    sprintf.o                            52
    srand.o                              32
    strcasecmp.o                         70
    strncasecmp.o                        78
    strtoul.o                             4
    tolower.o                            20
    vsnprint.o                           60
    vsprintf.o                           44
    xencoding_sb.o                       96
    xfiles.o                                      35      144
    xgetmemchunk.o                       44                 4
    xlocale_c.o                          54
    xmbcurmax.o                          10
    xmbtowc.o                            32
    xprintffull.o                     4 430
    xprout.o                             22
    xsnprout.o                           26
    xsprout.o                            10
    xstoflt.o                           440
    xstol.o                             136
    xstopfx.o                           308
    xstoul.o                            408
    xstoxflt.o                          536
    xtls.o                                2
    xwctomb.o                            26
    ---------------------------------------------------------------------------
    Total:                           12 896      252    1 040

m7M_tlv.a: [5]
    DblAdd.o                            232
    DblCmpEq.o                           32
    DblCmpGe.o                           46
    DblCmpLe.o                           46
    DblDiv.o                            582
    DblMul.o                            418
    DblSub.o                            384
    DblToFlt.o                          144
    DblToI32.o                           88
    FltToDbl.o                           78
    I32ToDbl.o                           48
    I64ToFlt.o                           98
    acos.o                              288
    asin.o                              304
    atof.o                               16
    copysignf.o                          26
    cos.o                                18
    fmin.o                              104
    fmod.o                              424
    fpinit_M.o                           26
    sin.o                                18
    sqrt.o                              256
    xatan.o                             496
    xdint.o                             126
    xdnorm.o                             66
    xdscale.o                           276
    xdtento.o                           512
    xdtest.o                             64
    xdunscal.o                           86
    xquad.o                             360
    xsin.o                            1 130
    xstod.o                             360
    ---------------------------------------------------------------------------
    Total:                            7 152

rt7M_tl.a: [6]
    ABImemclr.o                           6
    ABImemclr4.o                          6
    ABImemcpy_unaligned.o               118
    ABImemset.o                         102
    ABImemset48.o                        58
    I64DivMod.o                         306
    I64DivZer.o                           2
    cexit.o                              10
    cmain.o                              26
    cstartup_M.o                         12
    data_init.o                          40
    iarEdom.o                            12
    lz77_init.o                         450
    memchr.o                             88
    strchr.o                             22
    strcmp_unaligned.o                   66
    strcpy_unaligned.o                   68
    strlen.o                             54
    strncpy_unaligned.o                 108
    zero_init3.o                         34
    ---------------------------------------------------------------------------
    Total:                            1 588

shb_l.a: [7]
    exit.o                               20
    ---------------------------------------------------------------------------
    Total:                               20

    Gaps                                 84        6        7
    Linker created                                45    9 728
-------------------------------------------------------------------------------
    Grand Total:                    249 978   24 166   76 714       64   65 556


*******************************************************************************
*** ENTRY LIST
***

Entry                      Address     Size  Type      Object
-----                      -------     ----  ----      ------
?main                   0x08083429           Code  Gb  cmain.o [6]
ACCELERO_Data           0x20021cc4     0x18  Data  Lc  x_nucleo_iks01a1_accelero.o [1]
ACCELERO_SensorHandle   0x20021c88     0x3c  Data  Lc  x_nucleo_iks01a1_accelero.o [1]
ACC_Calibate            0x0805b5c7    0x120  Code  Gb  gSensor_Calibate.o [1]
ACC_Calibate_6          0x0805a669    0x19e  Code  Gb  gSensor_Calibate.o [1]
ACC_fd_test             0x0805a869    0x424  Code  Gb  gSensor_Calibate.o [1]
ADC_DMAConvCplt         0x0806196d     0x62  Code  Lc  stm32f4xx_hal_adc.o [1]
ADC_DMAError            0x080619dd     0x16  Code  Lc  stm32f4xx_hal_adc.o [1]
ADC_DMAHalfConvCplt     0x080619d1      0xa  Code  Lc  stm32f4xx_hal_adc.o [1]
ADC_IRQHandler          0x08082db7      0x6  Code  Gb  stm32f4xx_it.o [1]
ADC_Init                0x08061867     0xe8  Code  Lc  stm32f4xx_hal_adc.o [1]
AID_ctrl                0x20012ba8      0x8  Data  Lc  ams361ep01_dsi_vdo.o [1]
AKH_DelayMicro          0x0807ffcd      0xe  Code  Gb  AKH_APIs.o [1]
AKH_DelayMilli          0x0807ffdb      0x4  Code  Gb  AKH_APIs.o [1]
AKH_Disable             0x08080025     0x54  Code  Gb  AKH_APIs.o [1]
AKH_Enable              0x08080079     0x3e  Code  Gb  AKH_APIs.o [1]
AKH_Init                0x0807ff65     0x1a  Code  Gb  AKH_APIs.o [1]
AKH_LoadParameter       0x0808000f     0x16  Code  Gb  AKH_APIs.o [1]
AKH_RxData              0x0807ffb1     0x1c  Code  Gb  AKH_APIs.o [1]
AKH_SaveParameter       0x0807ffdf     0x28  Code  Gb  AKH_APIs.o [1]
AKH_TxData              0x0807ff7f     0x32  Code  Gb  AKH_APIs.o [1]
AKL_GetLibraryInfo      0x0808084b     0x2a  Code  Gb  akl_apis.o [1]
AKL_GetNVdataSize       0x0808062f     0x16  Code  Gb  akl_apis.o [1]
AKL_GetParameterSize    0x08080611     0x1e  Code  Gb  akl_apis.o [1]
AKL_GetVector           0x08080775     0xd6  Code  Gb  akl_apis.o [1]
AKL_Init                0x08080645     0x3a  Code  Gb  akl_apis.o [1]
AKL_SetVector           0x0808071f     0x4e  Code  Gb  akl_apis.o [1]
AKL_StartMeasurement    0x0808067f     0x5c  Code  Gb  akl_apis.o [1]
AKL_StopMeasurement     0x080806db     0x44  Code  Gb  akl_apis.o [1]
AKM099XXDrv             0x20012634     0x50  Data  Gb  AKM099XX_MAG_driver_HL.o [1]
AKM099XX_Check_WhoAmI   0x0807f6e5     0x46  Code  Lc  AKM099XX_MAG_driver_HL.o [1]
AKM099XX_Data           0x200221d0      0x4  Data  Lc  x_nucleo_iks01a1_magneto.o [1]
AKM099XX_DeInit         0x0807f62d     0x36  Code  Lc  AKM099XX_MAG_driver_HL.o [1]
AKM099XX_Get_Accuracy   0x0807f9e3      0xa  Code  Lc  AKM099XX_MAG_driver_HL.o [1]
AKM099XX_Get_Axes       0x0807f72b     0x92  Code  Lc  AKM099XX_MAG_driver_HL.o [1]
AKM099XX_Get_AxesRaw    0x0807f7c5     0x78  Code  Lc  AKM099XX_MAG_driver_HL.o [1]
AKM099XX_Get_ODR        0x0807f845     0x68  Code  Lc  AKM099XX_MAG_driver_HL.o [1]
AKM099XX_Get_Sensitivity
                        0x0807f83d      0x8  Code  Lc  AKM099XX_MAG_driver_HL.o [1]
AKM099XX_Get_User_Calibration
                        0x0807f9fb     0x30  Code  Lc  AKM099XX_MAG_driver_HL.o [1]
AKM099XX_Get_WhoAmI     0x0807f6cf     0x16  Code  Lc  AKM099XX_MAG_driver_HL.o [1]
AKM099XX_Init           0x0807f56d     0xc0  Code  Lc  AKM099XX_MAG_driver_HL.o [1]
AKM099XX_Sensor_Disable
                        0x0807f69d     0x24  Code  Lc  AKM099XX_MAG_driver_HL.o [1]
AKM099XX_Sensor_Enable  0x0807f66f     0x28  Code  Lc  AKM099XX_MAG_driver_HL.o [1]
AKM099XX_Sensor_Selftest
                        0x0807f9bd     0x26  Code  Lc  AKM099XX_MAG_driver_HL.o [1]
AKM099XX_Set_Mode       0x0807f97d     0x40  Code  Lc  AKM099XX_MAG_driver_HL.o [1]
AKM099XX_Set_ODR        0x0807f8ad     0x40  Code  Lc  AKM099XX_MAG_driver_HL.o [1]
AKM099XX_Set_ODR_Value  0x0807f8ed     0x86  Code  Lc  AKM099XX_MAG_driver_HL.o [1]
AKM099XX_Set_User_Calibration
                        0x0807f9ed      0xe  Code  Lc  AKM099XX_MAG_driver_HL.o [1]
AKSC_CalcAverage        0x08081783     0xc4  Code  Gb  AKDecomp.o [3]
AKSC_DecompS3           0x08081191    0x31e  Code  Gb  AKDecomp.o [3]
AKSC_GetVersion_DateCode
                        0x0808110d      0x6  Code  Gb  AKVersion.o [3]
AKSC_GetVersion_Device  0x08081119      0x6  Code  Gb  AKVersion.o [3]
AKSC_GetVersion_Major   0x08081101      0x4  Code  Gb  AKVersion.o [3]
AKSC_GetVersion_Minor   0x08081105      0x4  Code  Gb  AKVersion.o [3]
AKSC_GetVersion_Revision
                        0x08081109      0x4  Code  Gb  AKVersion.o [3]
AKSC_GetVersion_Variation
                        0x08081113      0x6  Code  Gb  AKVersion.o [3]
AKSC_HFlucCheck         0x08081b5b     0x30  Code  Gb  AKHFlucCheck.o [3]
AKSC_I16MTranspose      0x0807f409     0x48  Code  Gb  AKMathLib.o [3]
AKSC_InitDecomp         0x0808116d     0x1e  Code  Gb  AKDecomp.o [3]
AKSC_InitHFlucCheck     0x08081b41     0x1a  Code  Gb  AKHFlucCheck.o [3]
AKSC_SetHDOELevel       0x0807e5d9     0x8e  Code  Gb  AKHDOE.o [3]
AKSC_SetLayout          0x08081c47     0x4c  Code  Gb  AKDirection6D.o [3]
AKSC_TransByHbase       0x08081b8b     0x46  Code  Gb  AKHFlucCheck.o [3]
AKSC_VNorm              0x08081bd5     0x72  Code  Gb  AKDirection6D.o [3]
AKSC_abs16              0x0807ed07     0x16  Code  Gb  AKArithOp.o [3]
AKSC_buffer             0x0807eb99     0x4a  Code  Gb  AKMDevice.o [3]
AKSC_cholDc             0x0807f201     0xa8  Code  Gb  AKDOECore.o [3]
AKSC_cholSl             0x0807f2a9     0xd4  Code  Gb  AKDOECore.o [3]
AKSC_div16              0x0807ec93     0x18  Code  Gb  AKArithOp.o [3]
AKSC_div16f             0x0807ed1d     0x38  Code  Gb  AKArithOp.o [3]
AKSC_fitOnPlane         0x0807efd3    0x210  Code  Gb  AKDOECore.o [3]
AKSC_getCoeff           0x0807ed55    0x27e  Code  Gb  AKDOECore.o [3]
AKSC_invSqrt            0x0807f3ad     0x5c  Code  Gb  AKMathLib.o [3]
AKSC_norm16             0x0807ecab     0x30  Code  Gb  AKArithOp.o [3]
AKSC_norm32             0x0807ecdb     0x2c  Code  Gb  AKArithOp.o [3]
AKSC_sqrt32             0x0807f37d     0x30  Code  Gb  AKMathLib.o [3]
AKSC_vectorCalc         0x0807ebe3     0xa4  Code  Gb  AKMDevice.o [3]
AKS_ConvertCoordinate   0x0808113b     0x32  Code  Gb  aks_common.o [1]
AKS_GetData             0x08080507     0x1c  Code  Gb  AKS_APIs.o [1]
AKS_GetDeviceInfo       0x0808049f     0x16  Code  Gb  AKS_APIs.o [1]
AKS_GetMode             0x08080535      0xc  Code  Gb  AKS_APIs.o [1]
AKS_GetWhoami           0x08080541      0xa  Code  Gb  AKS_APIs.o [1]
AKS_Init                0x08080471     0x2e  Code  Gb  AKS_APIs.o [1]
AKS_MyStrcpy            0x0808111f     0x1c  Code  Gb  aks_common.o [1]
AKS_SelfTest            0x08080523     0x12  Code  Gb  AKS_APIs.o [1]
AKS_Start               0x080804b5     0x2a  Code  Gb  AKS_APIs.o [1]
AKS_Stop                0x080804df     0x28  Code  Gb  AKS_APIs.o [1]
APBAHBPrescTable        0x08069898     0x10  Data  Gb  stm32f4xx_hal_rcc.o [1]
AddSubBuffer            0x0807ea0f     0x32  Code  Lc  AKHDOE.o [3]
BMI160_Check_WhoAmI     0x08067083     0x2a  Code  Lc  BMI160_ACC_GYRO_Driver_Api.o [1]
BMI160_Combo_Data       0x20022574      0x8  Data  Gb  BMI160_ACC_GYRO_Driver_Api.o [1]
BMI160_G_0_Data         0x20021d40      0x8  Data  Lc  x_nucleo_iks01a1_gyro.o [1]
BMI160_G_Check_WhoAmI   0x08066b2b      0x2  Code  Lc  BMI160_ACC_GYRO_Driver_Api.o [1]
BMI160_G_DeInit         0x08066a4b     0x24  Code  Lc  BMI160_ACC_GYRO_Driver_Api.o [1]
BMI160_G_Drv            0x20012840     0x44  Data  Gb  BMI160_ACC_GYRO_Driver_Api.o [1]
BMI160_G_Get_Axes       0x08066b2d     0xdc  Code  Lc  BMI160_ACC_GYRO_Driver_Api.o [1]
BMI160_G_Get_AxesRaw    0x08066c25     0x14  Code  Lc  BMI160_ACC_GYRO_Driver_Api.o [1]
BMI160_G_Get_Axes_Status
                        0x08067019     0x38  Code  Lc  BMI160_ACC_GYRO_Driver_Api.o [1]
BMI160_G_Get_FS         0x08066f3d     0x4a  Code  Lc  BMI160_ACC_GYRO_Driver_Api.o [1]
BMI160_G_Get_ODR        0x08066cbd     0x6a  Code  Lc  BMI160_ACC_GYRO_Driver_Api.o [1]
BMI160_G_Get_Sensitivity
                        0x08066c69     0x4c  Code  Lc  BMI160_ACC_GYRO_Driver_Api.o [1]
BMI160_G_Get_WhoAmI     0x08066b29      0x2  Code  Lc  BMI160_ACC_GYRO_Driver_Api.o [1]
BMI160_G_Init           0x08066a01     0x3c  Code  Lc  BMI160_ACC_GYRO_Driver_Api.o [1]
BMI160_G_Sensor_Disable
                        0x08066ae3     0x2e  Code  Lc  BMI160_ACC_GYRO_Driver_Api.o [1]
BMI160_G_Sensor_Enable  0x08066a8d     0x56  Code  Lc  BMI160_ACC_GYRO_Driver_Api.o [1]
BMI160_G_Set_Axes_Status
                        0x08067057     0x12  Code  Lc  BMI160_ACC_GYRO_Driver_Api.o [1]
BMI160_G_Set_FS         0x08066f95     0x22  Code  Lc  BMI160_ACC_GYRO_Driver_Api.o [1]
BMI160_G_Set_FS_Value   0x08066fb9     0x40  Code  Lc  BMI160_ACC_GYRO_Driver_Api.o [1]
BMI160_G_Set_ODR        0x08066d2d     0x7c  Code  Lc  BMI160_ACC_GYRO_Driver_Api.o [1]
BMI160_G_Set_ODR_Value  0x08066db9    0x16a  Code  Lc  BMI160_ACC_GYRO_Driver_Api.o [1]
BMI160_G_Set_ODR_Value_When_Enabled
                        0x08067161     0x8a  Code  Lc  BMI160_ACC_GYRO_Driver_Api.o [1]
BMI160_Get_WhoAmI       0x08067077      0xc  Code  Lc  BMI160_ACC_GYRO_Driver_Api.o [1]
BMI160_INIT_SENSOR_API  0x08067215     0xac  Code  Gb  BMI160_ACC_GYRO_Driver_Api.o [1]
BMI160_X_0_Data         0x20021cdc      0x8  Data  Lc  x_nucleo_iks01a1_accelero.o [1]
BMI160_X_Check_WhoAmI   0x080664b5      0x4  Code  Lc  BMI160_ACC_GYRO_Driver_Api.o [1]
BMI160_X_DeInit         0x08066403     0x20  Code  Lc  BMI160_ACC_GYRO_Driver_Api.o [1]
BMI160_X_Drv            0x200127b0     0x48  Data  Gb  BMI160_ACC_GYRO_Driver_Api.o [1]
BMI160_X_Get_Axes       0x080664b9    0x1b0  Code  Lc  BMI160_ACC_GYRO_Driver_Api.o [1]
BMI160_X_Get_AxesRaw    0x08066671     0x16  Code  Lc  BMI160_ACC_GYRO_Driver_Api.o [1]
BMI160_X_Get_Axes_Status
                        0x080669af     0x3c  Code  Lc  BMI160_ACC_GYRO_Driver_Api.o [1]
BMI160_X_Get_FS         0x080668e5     0x46  Code  Lc  BMI160_ACC_GYRO_Driver_Api.o [1]
BMI160_X_Get_ODR        0x080666dd     0x98  Code  Lc  BMI160_ACC_GYRO_Driver_Api.o [1]
BMI160_X_Get_Sensitivity
                        0x08066691     0x46  Code  Lc  BMI160_ACC_GYRO_Driver_Api.o [1]
BMI160_X_Get_WhoAmI     0x080664b1      0x4  Code  Lc  BMI160_ACC_GYRO_Driver_Api.o [1]
BMI160_X_Init           0x080663c5     0x3e  Code  Lc  BMI160_ACC_GYRO_Driver_Api.o [1]
BMI160_X_Sensor_Disable
                        0x08066477     0x3a  Code  Lc  BMI160_ACC_GYRO_Driver_Api.o [1]
BMI160_X_Sensor_Enable  0x08066423     0x54  Code  Lc  BMI160_ACC_GYRO_Driver_Api.o [1]
BMI160_X_Set_Axes_Status
                        0x080669eb     0x10  Code  Lc  BMI160_ACC_GYRO_Driver_Api.o [1]
BMI160_X_Set_FS         0x08066959     0x22  Code  Lc  BMI160_ACC_GYRO_Driver_Api.o [1]
BMI160_X_Set_FS_Value   0x0806697d     0x32  Code  Lc  BMI160_ACC_GYRO_Driver_Api.o [1]
BMI160_X_Set_Mode       0x08067559     0x9e  Code  Lc  BMI160_ACC_GYRO_Driver_Api.o [1]
BMI160_X_Set_ODR        0x08066775     0x64  Code  Lc  BMI160_ACC_GYRO_Driver_Api.o [1]
BMI160_X_Set_ODR_Value  0x080667dd     0xfc  Code  Lc  BMI160_ACC_GYRO_Driver_Api.o [1]
BMI160_X_Set_ODR_Value_When_Enabled
                        0x080670ad     0xa0  Code  Lc  BMI160_ACC_GYRO_Driver_Api.o [1]
BQ25896_Drv             0x200129f8     0x30  Data  Gb  bq2589x_charger.o [1]
BSP_ACCELERO_Get_Axes   0x0806545f     0x20  Code  Gb  x_nucleo_iks01a1_accelero.o [1]
BSP_ACCELERO_Get_AxesRaw
                        0x0806547f     0x20  Code  Gb  x_nucleo_iks01a1_accelero.o [1]
BSP_ACCELERO_Init       0x08065255     0x84  Code  Gb  x_nucleo_iks01a1_accelero.o [1]
BSP_ACCELERO_Sensor_Enable
                        0x08065445     0x1a  Code  Gb  x_nucleo_iks01a1_accelero.o [1]
BSP_ACCELERO_Set_ODR    0x0806549f     0x1a  Code  Gb  x_nucleo_iks01a1_accelero.o [1]
BSP_AKM099XX_MAGNETO_Init
                        0x0804f40f     0x56  Code  Lc  x_nucleo_iks01a1_magneto.o [1]
BSP_BMI160_ACCELERO_Init
                        0x080653ab     0x80  Code  Lc  x_nucleo_iks01a1_accelero.o [1]
BSP_BMI160_GYRO_Init    0x080650dd     0x80  Code  Lc  x_nucleo_iks01a1_gyro.o [1]
BSP_EPL88051_PROXIMITY_Init
                        0x08065cd1     0x5a  Code  Lc  x_nucleo_iks01a1_proximity.o [1]
BSP_GYRO_Get_Axes       0x0806518b     0x20  Code  Gb  x_nucleo_iks01a1_gyro.o [1]
BSP_GYRO_Get_AxesRaw    0x080651ab     0x20  Code  Gb  x_nucleo_iks01a1_gyro.o [1]
BSP_GYRO_Get_Sensitivity
                        0x080651cb     0x20  Code  Gb  x_nucleo_iks01a1_gyro.o [1]
BSP_GYRO_Init           0x08064fd9     0x84  Code  Gb  x_nucleo_iks01a1_gyro.o [1]
BSP_GYRO_Sensor_Enable  0x08065171     0x1a  Code  Gb  x_nucleo_iks01a1_gyro.o [1]
BSP_GYRO_Set_ODR        0x080651eb     0x1a  Code  Gb  x_nucleo_iks01a1_gyro.o [1]
BSP_LSM6DSM_ACCELERO_Init
                        0x080652d9     0xc2  Code  Lc  x_nucleo_iks01a1_accelero.o [1]
BSP_LSM6DSM_GYRO_Init   0x0806505d     0x80  Code  Lc  x_nucleo_iks01a1_gyro.o [1]
BSP_MAGNETO_Get_Accuracy
                        0x0804f575     0x1a  Code  Gb  x_nucleo_iks01a1_magneto.o [1]
BSP_MAGNETO_Get_Axes    0x0804f521     0x20  Code  Gb  x_nucleo_iks01a1_magneto.o [1]
BSP_MAGNETO_Get_User_Calibration
                        0x0804f5a9     0x1a  Code  Gb  x_nucleo_iks01a1_magneto.o [1]
BSP_MAGNETO_Get_WhoAmI  0x0804f501     0x20  Code  Gb  x_nucleo_iks01a1_magneto.o [1]
BSP_MAGNETO_Init        0x0804f3d1     0x3e  Code  Gb  x_nucleo_iks01a1_magneto.o [1]
BSP_MAGNETO_Sensor_Enable
                        0x0804f4e7     0x1a  Code  Gb  x_nucleo_iks01a1_magneto.o [1]
BSP_MAGNETO_Sensor_Selftest
                        0x0804f55b     0x1a  Code  Gb  x_nucleo_iks01a1_magneto.o [1]
BSP_MAGNETO_Set_ODR     0x0804f541     0x1a  Code  Gb  x_nucleo_iks01a1_magneto.o [1]
BSP_MAGNETO_Set_User_Calibration
                        0x0804f58f     0x1a  Code  Gb  x_nucleo_iks01a1_magneto.o [1]
BSP_PROXIMITY_Get_Proximity
                        0x08065d69     0x20  Code  Gb  x_nucleo_iks01a1_proximity.o [1]
BSP_PROXIMITY_Init      0x08065cad     0x24  Code  Gb  x_nucleo_iks01a1_proximity.o [1]
BSP_PROXIMITY_Sensor_Disable
                        0x08065d4f     0x1a  Code  Gb  x_nucleo_iks01a1_proximity.o [1]
BSP_PROXIMITY_Sensor_Enable
                        0x08065d35     0x1a  Code  Gb  x_nucleo_iks01a1_proximity.o [1]
BSP_YAS537_MAGNETO_Init
                        0x0804f465     0x66  Code  Lc  x_nucleo_iks01a1_magneto.o [1]
Bmi160PmNotifyData      0x200223f0     0x1c  Data  Lc  BMI160_ACC_GYRO_Driver_Api.o [1]
BusFault_Handler        0x08082d99      0x6  Code  Gb  stm32f4xx_it.o [1]
ButtonMsgQueueHandle    0x20022270      0x4  Data  Lc  key_drv.o [1]
CAL_G_0_handle          0x200225a0      0x4  Data  Gb  gSensor_Calibate.o [1]
CAL_X_0_handle          0x2002259c      0x4  Data  Gb  gSensor_Calibate.o [1]
COMP_CDC_Control_FS     0x08060637      0x4  Code  Lc  usbd_comp_if.o [1]
COMP_CDC_DeInit_FS      0x08060633      0x4  Code  Lc  usbd_comp_if.o [1]
COMP_CDC_Init_FS        0x08060621     0x12  Code  Lc  usbd_comp_if.o [1]
COMP_CDC_Receive_FS     0x0806063b     0x2c  Code  Lc  usbd_comp_if.o [1]
COMP_CDC_Transmit_FS    0x08060683     0x2c  Code  Gb  usbd_comp_if.o [1]
COMP_CDC_Transmit_STATE
                        0x08060667     0x1c  Code  Gb  usbd_comp_if.o [1]
COMP_VendorSpec_Transmit
                        0x080606af     0x40  Code  Gb  usbd_comp_if.o [1]
CSTACK$$Base            0x200225c8           Data  Gb  - Linker created -
CSTACK$$Limit           0x200239c8           Data  Gb  - Linker created -
Cal_initializeAccSensor
                        0x0805914f     0x3c  Code  Gb  gSensor_Calibate.o [1]
Cal_initializeGyroSensor
                        0x0805918b     0x3c  Code  Gb  gSensor_Calibate.o [1]
[...]
stop_and_save           0x080802c5     0x40  Code  Gb  akl_lib_func.o [1]
strcasecmp              0x08070bed     0x46  Code  Gb  strcasecmp.o [4]
strchr                  0x080698c9           Code  Gb  strchr.o [6]
stress_reboot_timer_callback
                        0x0806c627     0x1e  Code  Lc  PowerManager_command.o [1]
string_copy             0x08080209     0x1c  Code  Lc  akl_lib_func.o [1]
strlen                  0x080489b9           Code  Gb  strlen.o [6]
strncasecmp             0x080472ad     0x4e  Code  Gb  strncasecmp.o [4]
strtoul                 0x0804e1d1      0x4  Code  Gb  strtoul.o [4]
sync_event_handle       0x0805418b    0x120  Code  Lc  tc358870xbg_driver.o [1]
sys_alloc               0x080573ef    0x38c  Code  Lc  dlmalloc.o [4]
sys_audio_cmd           0x0806ba83     0x8c  Code  Lc  system_command.o [1]
sys_cmd_pm_notify_func  0x0806bfdf     0x32  Code  Gb  system_command.o [1]
sys_cmd_set             0x0806c510     0x40  Data  Gb  system_command.o [1]
sys_display_cmd         0x0806bb0f     0x58  Code  Lc  system_command.o [1]
sys_ecompass_cmd        0x0806bb67    0x100  Code  Lc  system_command.o [1]
sys_led_cmd             0x0806bc6f     0xe0  Code  Lc  system_command.o [1]
sys_log_cmd             0x0806bd65     0x4e  Code  Lc  system_command.o [1]
sys_power_cmd           0x0806bdb3     0x62  Code  Lc  system_command.o [1]
sys_prop_pm_notify_func
                        0x0806b785     0x32  Code  Gb  system_property.o [1]
sys_sensor_fusion_cmd   0x0806ba6d     0x16  Code  Lc  system_command.o [1]
sys_system_cmd          0x0806be19     0x1e  Code  Lc  system_command.o [1]
system_command          0x0806becb     0x6c  Code  Gb  system_command.o [1]
system_command_init     0x0806c019     0xa0  Code  Gb  system_command.o [1]
system_property         0x0806b66f     0x6c  Code  Gb  system_property.o [1]
system_property_get     0x0806b241    0x3e6  Code  Lc  system_property.o [1]
system_property_init    0x0806b7bf     0x96  Code  Gb  system_property.o [1]
t_infoI2C               0x20022280     0x28  Data  Lc  rtos_i2c_drv.o [1]
tag_names               0x20012374     0x74  Data  Lc  hlog_main.o [1]
take_write_mutex        0x0804a01d     0x18  Code  Gb  misc_data.o [1]
tc358870_i2c_read16     0x08053265     0x42  Code  Lc  tc358870xbg_driver.o [1]
tc358870_i2c_read32     0x08053305     0x42  Code  Lc  tc358870xbg_driver.o [1]
tc358870_i2c_read8      0x080531c5     0x2c  Code  Lc  tc358870xbg_driver.o [1]
tc358870_i2c_write16    0x08053205     0x2e  Code  Lc  tc358870xbg_driver.o [1]
tc358870_i2c_write32    0x080532bd     0x30  Code  Lc  tc358870xbg_driver.o [1]
tc358870_i2c_write8     0x08053189     0x26  Code  Lc  tc358870xbg_driver.o [1]
test_gyro               0x08059325     0xf4  Code  Gb  gSensor_Calibate.o [1]
tmalloc_large           0x08057789    0x39a  Code  Lc  dlmalloc.o [4]
tmalloc_small           0x08057b23    0x210  Code  Lc  dlmalloc.o [4]
tmpfunc2                0x0807e2e3     0x12  Code  Lc  AKHDOE.o [3]
tolower                 0x0805d9c9     0x14  Code  Gb  tolower.o [4]
tracking_on             0x200225bd      0x1  Data  Gb  HeadTracker.o [1]
twom100                 0x20012bbc      0x4  Data  Lc  mymath.o [1]
ucHeap                  0x20012bec   0xc000  Data  Lc  heap_4.o [1]
ucMaxSysCallPriority    0x20012b88      0x1  Data  Lc  port.o [1]
ulMaxPRIGROUPValue      0x20012b90      0x4  Data  Lc  port.o [1]
ulTaskSwitchedInTime    0x20021788      0x4  Data  Lc  tasks.o [1]
updateCovariancesAfterMotion
                        0x0807017f     0x36  Code  Lc  OrientationEKF.o [1]
updateDt                0x08067c95     0x94  Code  Lc  fusion.o [1]
update_gamma_setting    0x0805547d     0x16  Code  Lc  ams361ep01_dsi_vdo.o [1]
update_intrvlr          0x0807b5cf     0x4a  Code  Lc  yas_mag_drv-yas537.o [1]
update_vendor_desctiptor_string
                        0x08072f05     0x3c  Code  Gb  usbd_desc.o [1]
usb_cdc_execute_command
                        0x08048a7f     0x3c  Code  Lc  htc_usb_cdc_data_service.o [1]
usb_cdc_handle_command  0x08048b5f    0x146  Code  Lc  htc_usb_cdc_data_service.o [1]
usb_cdc_handle_resp_string
                        0x08048abb     0xa4  Code  Lc  htc_usb_cdc_data_service.o [1]
usb_cdc_printf          0x08048a41     0x36  Code  Gb  htc_usb_cdc_data_service.o [1]
usb_cdc_receive_data    0x08048ce3     0x5c  Code  Gb  htc_usb_cdc_data_service.o [1]
usb_cdc_service_func    0x08048cc3     0x20  Code  Gb  htc_usb_cdc_data_service.o [1]
usb_cdc_service_init    0x08048e81     0xa0  Code  Gb  htc_usb_cdc_data_service.o [1]
usb_cdc_transmit_data   0x080489f1     0x50  Code  Gb  htc_usb_cdc_data_service.o [1]
usb_device_pm_notify_func
                        0x0806afb5     0x36  Code  Gb  usb_device.o [1]
usb_hub_oac_det_irq     0x0805ca17     0x2e  Code  Gb  periph_multiple_drv.o [1]
usb_hub_reset           0x0805c9c5     0x52  Code  Gb  periph_multiple_drv.o [1]
usb_shell_data_handler  0x08048d3f     0x5a  Code  Gb  htc_usb_cdc_data_service.o [1]
uwTick                  0x200225b0      0x4  Data  Gb  stm32f4xx_hal.o [1]
uxCriticalNesting       0x20012b8c      0x4  Data  Lc  port.o [1]
uxCurrentNumberOfTasks  0x20021760      0x4  Data  Lc  tasks.o [1]
uxListRemove            0x08064997     0x24  Code  Gb  list.o [1]
uxPendedTicks           0x20021770      0x4  Data  Lc  tasks.o [1]
uxSchedulerSuspended    0x20021784      0x4  Data  Lc  tasks.o [1]
uxTaskGetNumberOfTasks  0x08055bcd      0x8  Code  Gb  tasks.o [1]
uxTaskGetSystemState    0x08055bd5     0x6e  Code  Gb  tasks.o [1]
uxTaskNumber            0x2002177c      0x4  Data  Lc  tasks.o [1]
uxTasksDeleted          0x20021748      0x4  Data  Lc  tasks.o [1]
uxTopReadyPriority      0x20021768      0x4  Data  Lc  tasks.o [1]
v7m_exp_handler         0x08082d1d     0x64  Code  Gb  stm32f4xx_it.o [1]
vConfigureTimerForRunTimeStats
                        0x080649bd     0x5e  Code  Gb  freertos_trace.o [1]
vListInitialise         0x0806492d     0x1a  Code  Gb  list.o [1]
vListInitialiseItem     0x08064947      0x6  Code  Gb  list.o [1]
vListInsert             0x08064965     0x32  Code  Gb  list.o [1]
vListInsertEnd          0x0806494d     0x18  Code  Gb  list.o [1]
vPortEnableVFP          0x0806d971           Code  Gb  portasm.o [1]
vPortEnterCritical      0x08064829     0x32  Code  Gb  port.o [1]
vPortExitCritical       0x0806485b     0x24  Code  Gb  port.o [1]
vPortFree               0x08064d41     0x44  Code  Gb  heap_4.o [1]
vPortSetupTimerInterrupt
                        0x080648a5     0x18  Code  Wk  port.o [1]
vPortStartFirstTask     0x0806d959           Code  Gb  portasm.o [1]
vPortValidateInterruptPriority
                        0x080648bd     0x42  Code  Gb  port.o [1]
vPort_get_malloc_size   0x08064d93     0x1e  Code  Gb  heap_4.o [1]
vQueueAddToRegistry     0x0805904d     0x20  Code  Gb  queue.o [1]
vQueueDelete            0x08058f1d     0x1e  Code  Gb  queue.o [1]
vQueueUnregisterQueue   0x0805906d     0x1e  Code  Gb  queue.o [1]
vQueueWaitForMessageRestricted
                        0x08059095     0x40  Code  Gb  queue.o [1]
vTaskDelay              0x080558af     0x3e  Code  Gb  tasks.o [1]
vTaskDelayUntil         0x08055847     0x68  Code  Gb  tasks.o [1]
vTaskMissedYield        0x08055ee5      0x8  Code  Gb  tasks.o [1]
vTaskPlaceOnEventList   0x08055d6d     0x28  Code  Gb  tasks.o [1]
vTaskPlaceOnEventListRestricted
                        0x08055dc9     0x42  Code  Gb  tasks.o [1]
vTaskPriorityInherit    0x080560bb     0x70  Code  Gb  tasks.o [1]
vTaskResume             0x080559f7     0x4a  Code  Gb  tasks.o [1]
vTaskSetTimeOutState    0x08055e71     0x1e  Code  Gb  tasks.o [1]
vTaskStartScheduler     0x08055aab     0x66  Code  Gb  tasks.o [1]
vTaskSuspend            0x0805591f     0x50  Code  Gb  tasks.o [1]
vTaskSuspendAll         0x08055b19      0xc  Code  Gb  tasks.o [1]
vTaskSwitchContext      0x08055d0d     0x60  Code  Gb  tasks.o [1]
vTask_get_current_taskinfo
                        0x08055907     0x18  Code  Gb  tasks.o [1]
vec3Add                 0x08067a2d     0x2e  Code  Lc  fusion.o [1]
vec3Cross               0x08067b1b     0x52  Code  Lc  fusion.o [1]
vec3Dot                 0x08067aaf     0x26  Code  Lc  fusion.o [1]
vec3Norm                0x08067ad9      0xc  Code  Lc  fusion.o [1]
vec3NormSquared         0x08067ad5      0x4  Code  Lc  fusion.o [1]
vec3Normalize           0x08067ae5     0x36  Code  Lc  fusion.o [1]
vec3ScalarMul           0x08067a8d     0x22  Code  Lc  fusion.o [1]
vec3Sub                 0x08067a5b     0x2c  Code  Lc  fusion.o [1]
vector0                 0x0807b37c      0xc  Data  Lc  yas_mag_calib_min.o [1]
vendor_data_str         0x20020944     0x20  Data  Lc  usbd_desc.o [1]
version_string          0x08040fc0     0x10  Data  Gb  sys_header.o [1]
vsnprintf               0x08060141     0x3c  Code  Gb  vsnprint.o [4]
vsprintf                0x08082775     0x2c  Code  Gb  vsprintf.o [4]
wait_150ms              0x080831b0      0x4  Data  Lc  ams361ep01_dsi_vdo.o [1]
wait_30ms               0x080831f0      0x4  Data  Lc  ams361ep01_dsi_vdo.o [1]
wait_40ms               0x080831ec      0x4  Data  Lc  ams361ep01_dsi_vdo.o [1]
wait_50ms               0x080831e4      0x4  Data  Lc  ams361ep01_dsi_vdo.o [1]
wait_5ms                0x080831dc      0x4  Data  Lc  ams361ep01_dsi_vdo.o [1]
wait_dcs_queue          0x08053397     0x7c  Code  Lc  tc358870xbg_driver.o [1]
wakeup_source           0x20022504      0x4  Data  Gb  PowerManager_power.o [1]
watchdog_init           0x0806020f     0x20  Code  Gb  main.o [1]
watchdog_refresh        0x0806022f      0xe  Code  Gb  main.o [1]
watchdog_task           0x080601dd     0x32  Code  Lc  main.o [1]
watchdog_th             0x200225a4      0x4  Data  Gb  main.o [1]
whiteSpace              0x0804650c      0x8  Data  Gb  command.o [1]
write_args              0x08055375     0x4c  Code  Lc  ams361ep01_dsi_vdo.o [1]
write_gamma_setting     0x080556fc     0x20  Data  Lc  ams361ep01_dsi_vdo.o [1]
write_h2d_reg_item      0x080547f7     0x52  Code  Lc  tc358870xbg_driver.o [1]
xActiveTimerList1       0x20022224     0x14  Data  Lc  timers.o [1]
xActiveTimerList2       0x20022238     0x14  Data  Lc  timers.o [1]
xBlockAllocatedBit      0x20012be8      0x4  Data  Lc  heap_4.o [1]
xDelayedTaskList1       0x2002178c     0x14  Data  Lc  tasks.o [1]
xDelayedTaskList2       0x200217a0     0x14  Data  Lc  tasks.o [1]
xFreeBytesRemaining     0x20012be0      0x4  Data  Lc  heap_4.o [1]
xMinimumEverFreeBytesRemaining
                        0x20012be4      0x4  Data  Lc  heap_4.o [1]
xNextTaskUnblockTime    0x20021780      0x4  Data  Lc  tasks.o [1]
xNumOfOverflows         0x20021778      0x4  Data  Lc  tasks.o [1]
xPendingReadyList       0x20021714     0x14  Data  Lc  tasks.o [1]
xPortStartScheduler     0x08064791     0x84  Code  Gb  port.o [1]
xPortSysTickHandler     0x0806487f     0x26  Code  Gb  port.o [1]
xProximityTaskWoken     0x2002251c      0x4  Data  Gb  proximity_task.o [1]
xQueueCreateMutex       0x08058aab     0x52  Code  Gb  queue.o [1]
xQueueGenericCreate     0x08058a4f     0x5c  Code  Gb  queue.o [1]
xQueueGenericReceive    0x08058d53    0x128  Code  Gb  queue.o [1]
xQueueGenericReset      0x080589d9     0x76  Code  Gb  queue.o [1]
xQueueGenericSend       0x08058afd    0x12c  Code  Gb  queue.o [1]
xQueueGenericSendFromISR
                        0x08058c29     0x9c  Code  Gb  queue.o [1]
xQueueGiveFromISR       0x08058cc5     0x86  Code  Gb  queue.o [1]
xQueueIsQueueFullFromISR
                        0x0805902b     0x22  Code  Gb  queue.o [1]
xQueueReceiveFromISR    0x08058e99     0x74  Code  Gb  queue.o [1]
xQueueRegistry          0x20022158     0x40  Data  Gb  queue.o [1]
xSchedulerRunning       0x2002176c      0x4  Data  Lc  tasks.o [1]
xSensorTaskWoken        0x200224e0      0x4  Data  Gb  sensor_task.o [1]
xSpi2SemaphoreMutex     0x20012bb4      0x4  Data  Lc  BMI160_ACC_GYRO_Driver_HL.o [1]
xStart                  0x20012bd4      0x8  Data  Lc  heap_4.o [1]
xSuspendedTaskList      0x2002174c     0x14  Data  Lc  tasks.o [1]
xTaskCheckForTimeOut    0x08055e8f     0x4e  Code  Gb  tasks.o [1]
xTaskGenericCreate      0x0805571d    0x12a  Code  Gb  tasks.o [1]
xTaskGenericNotify      0x080562ab     0xaa  Code  Gb  tasks.o [1]
xTaskGenericNotifyFromISR
                        0x08056377     0xca  Code  Gb  tasks.o [1]
xTaskGetSchedulerState  0x080560a5     0x16  Code  Gb  tasks.o [1]
xTaskGetTickCount       0x08055bb7      0x8  Code  Gb  tasks.o [1]
xTaskGetTickCountFromISR
                        0x08055bbf      0xe  Code  Gb  tasks.o [1]
xTaskIncrementTick      0x08055c4b     0xb8  Code  Gb  tasks.o [1]
xTaskNotifyWait         0x080561f5     0x98  Code  Gb  tasks.o [1]
xTaskPriorityDisinherit
                        0x0805612b     0x7a  Code  Gb  tasks.o [1]
xTaskRemoveFromEventList
                        0x08055e0b     0x58  Code  Gb  tasks.o [1]
xTaskResumeAll          0x08055b25     0x92  Code  Gb  tasks.o [1]
xTaskResumeFromISR      0x08055a41     0x6a  Code  Gb  tasks.o [1]
xTasksWaitingTermination
                        0x20021728     0x14  Data  Lc  tasks.o [1]
xTickCount              0x20021764      0x4  Data  Lc  tasks.o [1]
xTimerCreate            0x08061139     0x3c  Code  Gb  timers.o [1]
xTimerCreateTimerTask   0x08061101     0x38  Code  Gb  timers.o [1]
xTimerGenericCommand    0x08061175     0x50  Code  Gb  timers.o [1]
xTimerQueue             0x2002221c      0x4  Data  Lc  timers.o [1]
xYieldPending           0x20021774      0x4  Data  Lc  tasks.o [1]
xdown_x                 0x20021fd0      0x4  Data  Gb  gSensor_Calibate.o [1]
xdown_y                 0x20021fd4      0x4  Data  Gb  gSensor_Calibate.o [1]
xdown_z                 0x20021fd8      0x4  Data  Gb  gSensor_Calibate.o [1]
xup_x                   0x20021fc4      0x4  Data  Gb  gSensor_Calibate.o [1]
xup_y                   0x20021fc8      0x4  Data  Gb  gSensor_Calibate.o [1]
xup_z                   0x20021fcc      0x4  Data  Gb  gSensor_Calibate.o [1]
xy1y2_to_xyz            0x0807b9cd     0x32  Code  Lc  yas_mag_drv-yas537.o [1]
yas_adap_filter_init    0x0807d2e5     0x28  Code  Lc  yas_mag_filter.o [1]
yas_adap_filter_update  0x0807d245     0xa0  Code  Lc  yas_mag_filter.o [1]
yas_algo_init           0x0807d1d3     0x50  Code  Gb  yas_algo.o [1]
yas_algo_set_calib_enable
                        0x0807d081     0x28  Code  Gb  yas_algo.o [1]
yas_algo_set_filter_enable
                        0x0807d0af     0x3e  Code  Gb  yas_algo.o [1]
yas_algo_set_state      0x0807d04d     0x34  Code  Gb  yas_algo.o [1]
yas_algo_term           0x0807d223     0x1c  Code  Gb  yas_algo.o [1]
yas_algo_update         0x0807d0f3     0xe0  Code  Gb  yas_algo.o [1]
yas_cdrv_sensitivity_measuremnet
                        0x0807b9ff     0xf0  Code  Lc  yas_mag_drv-yas537.o [1]
yas_device_close        0x0807c261      0x4  Code  Lc  YAS537_MAG_driver_HL.o [1]
yas_device_current_time
                        0x0807c2c3      0x4  Code  Lc  YAS537_MAG_driver_HL.o [1]
yas_device_open         0x0807c25d      0x4  Code  Lc  YAS537_MAG_driver_HL.o [1]
yas_device_read         0x0807c285     0x20  Code  Lc  YAS537_MAG_driver_HL.o [1]
yas_device_usleep       0x0807c2c7      0xe  Code  Lc  YAS537_MAG_driver_HL.o [1]
yas_device_write        0x0807c265     0x20  Code  Lc  YAS537_MAG_driver_HL.o [1]
yas_driver_ext          0x0807cfc5     0x22  Code  Gb  yas_drv.o [1]
yas_driver_get_delay    0x0807cf33     0x12  Code  Gb  yas_drv.o [1]
yas_driver_init         0x0807cfe7     0x54  Code  Gb  yas_drv.o [1]
yas_driver_measure      0x0807cf93     0x32  Code  Gb  yas_drv.o [1]
yas_driver_set_delay    0x0807cf51     0x1e  Code  Gb  yas_drv.o [1]
yas_driver_set_enable   0x0807cf15     0x1e  Code  Gb  yas_drv.o [1]
yas_driver_set_position
                        0x0807cf75     0x1e  Code  Gb  yas_drv.o [1]
yas_ext                 0x0807be3d    0x21e  Code  Lc  yas_mag_drv-yas537.o [1]
yas_get_config          0x0807b24b     0x1c  Code  Lc  yas_mag_calib_min.o [1]
yas_get_config          0x0807d38b     0x24  Code  Lc  yas_mag_filter.o [1]
yas_get_delay           0x0807bd51      0xe  Code  Lc  yas_mag_drv-yas537.o [1]
yas_get_enable          0x0807bd93      0xe  Code  Lc  yas_mag_drv-yas537.o [1]
yas_get_offset          0x0807b045     0x2a  Code  Lc  yas_mag_calib_min.o [1]
yas_get_position        0x0807bafb      0xe  Code  Lc  yas_mag_drv-yas537.o [1]
yas_get_result          0x0807b2c9     0x1c  Code  Lc  yas_mag_calib_min.o [1]
yas_init                0x0807b1bb     0x7c  Code  Lc  yas_mag_calib_min.o [1]
yas_init                0x0807c061     0xd8  Code  Lc  yas_mag_drv-yas537.o [1]
yas_init                0x0807d3ff     0x4e  Code  Lc  yas_mag_filter.o [1]
yas_mag_calib_init      0x0807b321     0x34  Code  Gb  yas_mag_calib_min.o [1]
yas_mag_driver_init     0x0807c157     0x64  Code  Gb  yas_mag_drv-yas537.o [1]
yas_mag_filter_init     0x0807d499     0x2a  Code  Gb  yas_mag_filter.o [1]
yas_measure             0x0807bb3b    0x20c  Code  Lc  yas_mag_drv-yas537.o [1]
yas_measure_wrap        0x0807bd47      0xa  Code  Lc  yas_mag_drv-yas537.o [1]
yas_nv_data             0x20012a28     0x14  Data  Lc  YAS537_MAG_driver_HL.o [1]
yas_open                0x0807b3b5     0x1e  Code  Lc  yas_mag_drv-yas537.o [1]
yas_reset               0x0807b2f1     0x30  Code  Lc  yas_mag_calib_min.o [1]
yas_reset               0x0807d46b     0x2e  Code  Lc  yas_mag_filter.o [1]
yas_set_config          0x0807b267     0x62  Code  Lc  yas_mag_calib_min.o [1]
yas_set_config          0x0807d3af     0x50  Code  Lc  yas_mag_filter.o [1]
yas_set_delay           0x0807bd5f     0x34  Code  Lc  yas_mag_drv-yas537.o [1]
yas_set_enable          0x0807be37      0x4  Code  Lc  yas_mag_drv-yas537.o [1]
yas_set_enable_wrap     0x0807bda1     0x86  Code  Lc  yas_mag_drv-yas537.o [1]
yas_set_offset          0x0807b06f     0x44  Code  Lc  yas_mag_calib_min.o [1]
yas_set_position        0x0807bb09     0x2c  Code  Lc  yas_mag_drv-yas537.o [1]
yas_single_write        0x0807b3db     0x14  Code  Lc  yas_mag_drv-yas537.o [1]
yas_term                0x0807b237     0x14  Code  Lc  yas_mag_calib_min.o [1]
yas_term                0x0807c139     0x14  Code  Lc  yas_mag_drv-yas537.o [1]
yas_term                0x0807d453     0x18  Code  Lc  yas_mag_filter.o [1]
yas_thresh_filter_init  0x0807d30d      0xa  Code  Lc  yas_mag_filter.o [1]
yas_update              0x0807b0c5     0xe4  Code  Lc  yas_mag_calib_min.o [1]
yas_update              0x0807d317     0x74  Code  Lc  yas_mag_filter.o [1]
ydown_x                 0x20021fe8      0x4  Data  Gb  gSensor_Calibate.o [1]
ydown_y                 0x20021fec      0x4  Data  Gb  gSensor_Calibate.o [1]
ydown_z                 0x20021ff0      0x4  Data  Gb  gSensor_Calibate.o [1]
yup_x                   0x20021fdc      0x4  Data  Gb  gSensor_Calibate.o [1]
yup_y                   0x20021fe0      0x4  Data  Gb  gSensor_Calibate.o [1]
yup_z                   0x20021fe4      0x4  Data  Gb  gSensor_Calibate.o [1]
zdown_x                 0x20022000      0x4  Data  Gb  gSensor_Calibate.o [1]
zdown_y                 0x20022004      0x4  Data  Gb  gSensor_Calibate.o [1]
zdown_z                 0x20022008      0x4  Data  Gb  gSensor_Calibate.o [1]
zup_x                   0x20021ff4      0x4  Data  Gb  gSensor_Calibate.o [1]
zup_y                   0x20021ff8      0x4  Data  Gb  gSensor_Calibate.o [1]
zup_z                   0x20021ffc      0x4  Data  Gb  gSensor_Calibate.o [1]
zzAKSC_HDOEProcessS3    0x0807e31f    0x2b2  Code  Gb  AKHDOE.o [3]
zzAKSC_InitHDOEProcPrmsS3
                        0x0807e2f5     0x2a  Code  Gb  AKHDOE.o [3]


[1] = G:\code\STM32\Kalman\link_hmd\SYS\EWARM\Debug\Obj
[2] = command line
[3] = ak09916_lib.a
[4] = dl7M_tlf.a
[5] = m7M_tlv.a
[6] = rt7M_tl.a
[7] = shb_l.a

  249 978 bytes of readonly  code memory
   24 166 bytes of readonly  data memory (+ 64     absolute)
   76 714 bytes of readwrite data memory (+ 65 556 absolute)

Errors: none
Warnings: none
