###############################################################################
#
# IAR ELF Linker V7.20.2.7424/W32 for ARM                 09/Aug/2017  14:56:55
# Copyright 2007-2014 IAR Systems AB.
#
#    Output file  =  
#        G:\code\STM32\Kalman\link_hmd\SYS\EWARM\Release\Exe\link.out
#    Map file     =  
#        G:\code\STM32\Kalman\link_hmd\SYS\EWARM\Release\List\link.map
#    Command line =  
#        G:\code\STM32\Kalman\link_hmd\SYS\Drivers\BSP\Components\akm099xx\AKM_Library\libSmartCompass\ak09916_lib.a
#        G:\code\STM32\Kalman\link_hmd\SYS\EWARM\Release\Obj\AKH_APIs.o
#        G:\code\STM32\Kalman\link_hmd\SYS\EWARM\Release\Obj\akl_apis.o
#        G:\code\STM32\Kalman\link_hmd\SYS\EWARM\Release\Obj\akl_lib_func.o
#        G:\code\STM32\Kalman\link_hmd\SYS\EWARM\Release\Obj\akl_nonos_ext.o
#        G:\code\STM32\Kalman\link_hmd\SYS\EWARM\Release\Obj\AKM099XX_MAG_driver_HL.o
#        G:\code\STM32\Kalman\link_hmd\SYS\EWARM\Release\Obj\AKS_APIs.o
#        G:\code\STM32\Kalman\link_hmd\SYS\EWARM\Release\Obj\aks_common.o
#        G:\code\STM32\Kalman\link_hmd\SYS\EWARM\Release\Obj\aks_mag_ak099xx.o
#        G:\code\STM32\Kalman\link_hmd\SYS\EWARM\Release\Obj\ams361ep01_dsi_vdo.o
#        G:\code\STM32\Kalman\link_hmd\SYS\EWARM\Release\Obj\anx7737.o
#        G:\code\STM32\Kalman\link_hmd\SYS\EWARM\Release\Obj\anx7737_driver.o
#        G:\code\STM32\Kalman\link_hmd\SYS\EWARM\Release\Obj\audio_alc4040_driver.o
#        G:\code\STM32\Kalman\link_hmd\SYS\EWARM\Release\Obj\audio_alc5665_driver.o
#        G:\code\STM32\Kalman\link_hmd\SYS\EWARM\Release\Obj\BMI160_ACC_GYRO_Driver.o
#        G:\code\STM32\Kalman\link_hmd\SYS\EWARM\Release\Obj\BMI160_ACC_GYRO_Driver_Api.o
#        G:\code\STM32\Kalman\link_hmd\SYS\EWARM\Release\Obj\BMI160_ACC_GYRO_Driver_HL.o
#        G:\code\STM32\Kalman\link_hmd\SYS\EWARM\Release\Obj\bq2589x_charger.o
#        G:\code\STM32\Kalman\link_hmd\SYS\EWARM\Release\Obj\ccgx_ccg4.o
#        G:\code\STM32\Kalman\link_hmd\SYS\EWARM\Release\Obj\ccgx_ec.o
#        G:\code\STM32\Kalman\link_hmd\SYS\EWARM\Release\Obj\ccgx_fw.o
#        G:\code\STM32\Kalman\link_hmd\SYS\EWARM\Release\Obj\ccgx_fw_io.o
#        G:\code\STM32\Kalman\link_hmd\SYS\EWARM\Release\Obj\cmsis_os.o
#        G:\code\STM32\Kalman\link_hmd\SYS\EWARM\Release\Obj\command.o
#        G:\code\STM32\Kalman\link_hmd\SYS\EWARM\Release\Obj\croutine.o
#        G:\code\STM32\Kalman\link_hmd\SYS\EWARM\Release\Obj\display_drv.o
#        G:\code\STM32\Kalman\link_hmd\SYS\EWARM\Release\Obj\epl88051_driver.o
#        G:\code\STM32\Kalman\link_hmd\SYS\EWARM\Release\Obj\EPL88051_PROXIMITY_driver_HL.o
#        G:\code\STM32\Kalman\link_hmd\SYS\EWARM\Release\Obj\event_groups.o
#        G:\code\STM32\Kalman\link_hmd\SYS\EWARM\Release\Obj\flash_drv.o
#        G:\code\STM32\Kalman\link_hmd\SYS\EWARM\Release\Obj\fota_command.o
#        G:\code\STM32\Kalman\link_hmd\SYS\EWARM\Release\Obj\freertos.o
#        G:\code\STM32\Kalman\link_hmd\SYS\EWARM\Release\Obj\freertos_trace.o
#        G:\code\STM32\Kalman\link_hmd\SYS\EWARM\Release\Obj\fusion.o
#        G:\code\STM32\Kalman\link_hmd\SYS\EWARM\Release\Obj\gpio.o
#        G:\code\STM32\Kalman\link_hmd\SYS\EWARM\Release\Obj\gpio_exp.o
#        G:\code\STM32\Kalman\link_hmd\SYS\EWARM\Release\Obj\gSensor_Calibate.o
#        G:\code\STM32\Kalman\link_hmd\SYS\EWARM\Release\Obj\gSensor_Command.o
#        G:\code\STM32\Kalman\link_hmd\SYS\EWARM\Release\Obj\GyroscopeBiasEstimator.o
#        G:\code\STM32\Kalman\link_hmd\SYS\EWARM\Release\Obj\HeadTracker.o
#        G:\code\STM32\Kalman\link_hmd\SYS\EWARM\Release\Obj\HeadTransform.o
#        G:\code\STM32\Kalman\link_hmd\SYS\EWARM\Release\Obj\heap_4.o
#        G:\code\STM32\Kalman\link_hmd\SYS\EWARM\Release\Obj\hlog_excep.o
#        G:\code\STM32\Kalman\link_hmd\SYS\EWARM\Release\Obj\hlog_main.o
#        G:\code\STM32\Kalman\link_hmd\SYS\EWARM\Release\Obj\hlog_test.o
#        G:\code\STM32\Kalman\link_hmd\SYS\EWARM\Release\Obj\hlog_utils.o
#        G:\code\STM32\Kalman\link_hmd\SYS\EWARM\Release\Obj\htc_3dof_transfer_service.o
#        G:\code\STM32\Kalman\link_hmd\SYS\EWARM\Release\Obj\htc_adc_func.o
#        G:\code\STM32\Kalman\link_hmd\SYS\EWARM\Release\Obj\htc_audio_path_service.o
#        G:\code\STM32\Kalman\link_hmd\SYS\EWARM\Release\Obj\htc_usb_cdc_data_service.o
#        G:\code\STM32\Kalman\link_hmd\SYS\EWARM\Release\Obj\key_drv.o
#        G:\code\STM32\Kalman\link_hmd\SYS\EWARM\Release\Obj\led_drv.o
#        G:\code\STM32\Kalman\link_hmd\SYS\EWARM\Release\Obj\led_hal.o
#        G:\code\STM32\Kalman\link_hmd\SYS\EWARM\Release\Obj\leds-lp5562.o
#        G:\code\STM32\Kalman\link_hmd\SYS\EWARM\Release\Obj\list.o
#        G:\code\STM32\Kalman\link_hmd\SYS\EWARM\Release\Obj\LowPassFilter.o
#        G:\code\STM32\Kalman\link_hmd\SYS\EWARM\Release\Obj\LSM6DSM_ACC_GYRO_driver.o
#        G:\code\STM32\Kalman\link_hmd\SYS\EWARM\Release\Obj\LSM6DSM_ACC_GYRO_driver_HL.o
#        G:\code\STM32\Kalman\link_hmd\SYS\EWARM\Release\Obj\main.o
#        G:\code\STM32\Kalman\link_hmd\SYS\EWARM\Release\Obj\mat.o
#        G:\code\STM32\Kalman\link_hmd\SYS\EWARM\Release\Obj\Matrix.o
#        G:\code\STM32\Kalman\link_hmd\SYS\EWARM\Release\Obj\Matrix3x3d.o
#        G:\code\STM32\Kalman\link_hmd\SYS\EWARM\Release\Obj\max17050_fuel_gauge.o
#        G:\code\STM32\Kalman\link_hmd\SYS\EWARM\Release\Obj\measure.o
#        G:\code\STM32\Kalman\link_hmd\SYS\EWARM\Release\Obj\misc_data.o
#        G:\code\STM32\Kalman\link_hmd\SYS\EWARM\Release\Obj\mymath.o
#        G:\code\STM32\Kalman\link_hmd\SYS\EWARM\Release\Obj\myprintf.o
#        G:\code\STM32\Kalman\link_hmd\SYS\EWARM\Release\Obj\ncp6924.o
#        G:\code\STM32\Kalman\link_hmd\SYS\EWARM\Release\Obj\OrientationEKF.o
#        G:\code\STM32\Kalman\link_hmd\SYS\EWARM\Release\Obj\periph_multiple_drv.o
#        G:\code\STM32\Kalman\link_hmd\SYS\EWARM\Release\Obj\port.o
#        G:\code\STM32\Kalman\link_hmd\SYS\EWARM\Release\Obj\portasm.o
#        G:\code\STM32\Kalman\link_hmd\SYS\EWARM\Release\Obj\PowerManager.o
#        G:\code\STM32\Kalman\link_hmd\SYS\EWARM\Release\Obj\PowerManager_battery.o
#        G:\code\STM32\Kalman\link_hmd\SYS\EWARM\Release\Obj\PowerManager_command.o
#        G:\code\STM32\Kalman\link_hmd\SYS\EWARM\Release\Obj\PowerManager_notify_func.o
#        G:\code\STM32\Kalman\link_hmd\SYS\EWARM\Release\Obj\PowerManager_peripherals.o
#        G:\code\STM32\Kalman\link_hmd\SYS\EWARM\Release\Obj\PowerManager_power.o
#        G:\code\STM32\Kalman\link_hmd\SYS\EWARM\Release\Obj\PowerManager_state_machine.o
#        G:\code\STM32\Kalman\link_hmd\SYS\EWARM\Release\Obj\PowerManager_system.o
#        G:\code\STM32\Kalman\link_hmd\SYS\EWARM\Release\Obj\proximity_task.o
#        G:\code\STM32\Kalman\link_hmd\SYS\EWARM\Release\Obj\ps176_driver.o
#        G:\code\STM32\Kalman\link_hmd\SYS\EWARM\Release\Obj\px8468wm.o
#        G:\code\STM32\Kalman\link_hmd\SYS\EWARM\Release\Obj\quat.o
#        G:\code\STM32\Kalman\link_hmd\SYS\EWARM\Release\Obj\queue.o
#        G:\code\STM32\Kalman\link_hmd\SYS\EWARM\Release\Obj\rtc_drv.o
#        G:\code\STM32\Kalman\link_hmd\SYS\EWARM\Release\Obj\rtos_i2c_drv.o
#        G:\code\STM32\Kalman\link_hmd\SYS\EWARM\Release\Obj\sensor_task.o
#        G:\code\STM32\Kalman\link_hmd\SYS\EWARM\Release\Obj\SensorTile.o
#        G:\code\STM32\Kalman\link_hmd\SYS\EWARM\Release\Obj\So3Util.o
#        G:\code\STM32\Kalman\link_hmd\SYS\EWARM\Release\Obj\startup_stm32f412rx.o
#        G:\code\STM32\Kalman\link_hmd\SYS\EWARM\Release\Obj\stm32f4xx_hal.o
#        G:\code\STM32\Kalman\link_hmd\SYS\EWARM\Release\Obj\stm32f4xx_hal_adc.o
#        G:\code\STM32\Kalman\link_hmd\SYS\EWARM\Release\Obj\stm32f4xx_hal_adc_ex.o
#        G:\code\STM32\Kalman\link_hmd\SYS\EWARM\Release\Obj\stm32f4xx_hal_cortex.o
#        G:\code\STM32\Kalman\link_hmd\SYS\EWARM\Release\Obj\stm32f4xx_hal_crc.o
#        G:\code\STM32\Kalman\link_hmd\SYS\EWARM\Release\Obj\stm32f4xx_hal_dma.o
#        G:\code\STM32\Kalman\link_hmd\SYS\EWARM\Release\Obj\stm32f4xx_hal_dma_ex.o
#        G:\code\STM32\Kalman\link_hmd\SYS\EWARM\Release\Obj\stm32f4xx_hal_flash.o
#        G:\code\STM32\Kalman\link_hmd\SYS\EWARM\Release\Obj\stm32f4xx_hal_flash_ex.o
#        G:\code\STM32\Kalman\link_hmd\SYS\EWARM\Release\Obj\stm32f4xx_hal_flash_ramfunc.o
#        G:\code\STM32\Kalman\link_hmd\SYS\EWARM\Release\Obj\stm32f4xx_hal_gpio.o
#        G:\code\STM32\Kalman\link_hmd\SYS\EWARM\Release\Obj\stm32f4xx_hal_i2c.o
#        G:\code\STM32\Kalman\link_hmd\SYS\EWARM\Release\Obj\stm32f4xx_hal_i2c_ex.o
#        G:\code\STM32\Kalman\link_hmd\SYS\EWARM\Release\Obj\stm32f4xx_hal_iwdg.o
#        G:\code\STM32\Kalman\link_hmd\SYS\EWARM\Release\Obj\stm32f4xx_hal_msp.o
#        G:\code\STM32\Kalman\link_hmd\SYS\EWARM\Release\Obj\stm32f4xx_hal_pcd.o
#        G:\code\STM32\Kalman\link_hmd\SYS\EWARM\Release\Obj\stm32f4xx_hal_pcd_ex.o
#        G:\code\STM32\Kalman\link_hmd\SYS\EWARM\Release\Obj\stm32f4xx_hal_pwr.o
#        G:\code\STM32\Kalman\link_hmd\SYS\EWARM\Release\Obj\stm32f4xx_hal_pwr_ex.o
#        G:\code\STM32\Kalman\link_hmd\SYS\EWARM\Release\Obj\stm32f4xx_hal_rcc.o
#        G:\code\STM32\Kalman\link_hmd\SYS\EWARM\Release\Obj\stm32f4xx_hal_rcc_ex.o
#        G:\code\STM32\Kalman\link_hmd\SYS\EWARM\Release\Obj\stm32f4xx_hal_rtc.o
#        G:\code\STM32\Kalman\link_hmd\SYS\EWARM\Release\Obj\stm32f4xx_hal_rtc_ex.o
#        G:\code\STM32\Kalman\link_hmd\SYS\EWARM\Release\Obj\stm32f4xx_hal_spi.o
#        G:\code\STM32\Kalman\link_hmd\SYS\EWARM\Release\Obj\stm32f4xx_hal_tim.o
#        G:\code\STM32\Kalman\link_hmd\SYS\EWARM\Release\Obj\stm32f4xx_hal_tim_ex.o
#        G:\code\STM32\Kalman\link_hmd\SYS\EWARM\Release\Obj\stm32f4xx_hal_timebase_TIM.o
#        G:\code\STM32\Kalman\link_hmd\SYS\EWARM\Release\Obj\stm32f4xx_hal_uart.o
#        G:\code\STM32\Kalman\link_hmd\SYS\EWARM\Release\Obj\stm32f4xx_hal_wwdg.o
#        G:\code\STM32\Kalman\link_hmd\SYS\EWARM\Release\Obj\stm32f4xx_it.o
#        G:\code\STM32\Kalman\link_hmd\SYS\EWARM\Release\Obj\stm32f4xx_ll_usb.o
#        G:\code\STM32\Kalman\link_hmd\SYS\EWARM\Release\Obj\sys_header.o
#        G:\code\STM32\Kalman\link_hmd\SYS\EWARM\Release\Obj\system_command.o
#        G:\code\STM32\Kalman\link_hmd\SYS\EWARM\Release\Obj\system_property.o
#        G:\code\STM32\Kalman\link_hmd\SYS\EWARM\Release\Obj\system_stm32f4xx.o
#        G:\code\STM32\Kalman\link_hmd\SYS\EWARM\Release\Obj\tasks.o
#        G:\code\STM32\Kalman\link_hmd\SYS\EWARM\Release\Obj\tc358870xbg_driver.o
#        G:\code\STM32\Kalman\link_hmd\SYS\EWARM\Release\Obj\timers.o
#        G:\code\STM32\Kalman\link_hmd\SYS\EWARM\Release\Obj\usart_drv.o
#        G:\code\STM32\Kalman\link_hmd\SYS\EWARM\Release\Obj\usb_device.o
#        G:\code\STM32\Kalman\link_hmd\SYS\EWARM\Release\Obj\usbd_comp.o
#        G:\code\STM32\Kalman\link_hmd\SYS\EWARM\Release\Obj\usbd_comp_if.o
#        G:\code\STM32\Kalman\link_hmd\SYS\EWARM\Release\Obj\usbd_conf.o
#        G:\code\STM32\Kalman\link_hmd\SYS\EWARM\Release\Obj\usbd_core.o
#        G:\code\STM32\Kalman\link_hmd\SYS\EWARM\Release\Obj\usbd_ctlreq.o
#        G:\code\STM32\Kalman\link_hmd\SYS\EWARM\Release\Obj\usbd_desc.o
#        G:\code\STM32\Kalman\link_hmd\SYS\EWARM\Release\Obj\usbd_ioreq.o
#        G:\code\STM32\Kalman\link_hmd\SYS\EWARM\Release\Obj\vec.o
#        G:\code\STM32\Kalman\link_hmd\SYS\EWARM\Release\Obj\Vector3d.o
#        G:\code\STM32\Kalman\link_hmd\SYS\EWARM\Release\Obj\x_nucleo_iks01a1_accelero.o
#        G:\code\STM32\Kalman\link_hmd\SYS\EWARM\Release\Obj\x_nucleo_iks01a1_gyro.o
#        G:\code\STM32\Kalman\link_hmd\SYS\EWARM\Release\Obj\x_nucleo_iks01a1_magneto.o
#        G:\code\STM32\Kalman\link_hmd\SYS\EWARM\Release\Obj\x_nucleo_iks01a1_proximity.o
#        G:\code\STM32\Kalman\link_hmd\SYS\EWARM\Release\Obj\x_pmic.o
#        G:\code\STM32\Kalman\link_hmd\SYS\EWARM\Release\Obj\YAS537_MAG_driver_HL.o
#        G:\code\STM32\Kalman\link_hmd\SYS\EWARM\Release\Obj\yas_algo.o
#        G:\code\STM32\Kalman\link_hmd\SYS\EWARM\Release\Obj\yas_drv.o
#        G:\code\STM32\Kalman\link_hmd\SYS\EWARM\Release\Obj\yas_mag_calib_min.o
#        G:\code\STM32\Kalman\link_hmd\SYS\EWARM\Release\Obj\yas_mag_drv-yas537.o
#        G:\code\STM32\Kalman\link_hmd\SYS\EWARM\Release\Obj\yas_mag_filter.o
#        --redirect _Printf=_PrintfFull --redirect _Scanf=_ScanfFull -o
#        G:\code\STM32\Kalman\link_hmd\SYS\EWARM\Release\Exe\link.out --map
#        G:\code\STM32\Kalman\link_hmd\SYS\EWARM\Release\List\link.map --config
#        G:\code\STM32\Kalman\link_hmd\SYS\EWARM/stm32f412rx_flash.icf
#        --semihosting --entry __iar_program_start --vfe
#
###############################################################################

*******************************************************************************
*** RUNTIME MODEL ATTRIBUTES
***

CppFlavor                     = *
__Heap_Handler                = DLMalloc
__SystemLibrary               = DLib
__dlib_dynamic_initialization = normal


*******************************************************************************
*** PLACEMENT SUMMARY
***

"A1":  place at 0x08040000 { ro section .intvec };
"P1":  place in [from 0x08040000 to 0x080bfffb] { ro };
"P2":  place in [from 0x20000000 to 0x2003ffff] { rw, block CSTACK, block HEAP };

  Section             Kind        Address     Size  Object
  -------             ----        -------     ----  ------
"A1":                                        0x1c4
  .intvec             ro code  0x08040000    0x1c4  startup_stm32f412rx.o [1]
                             - 0x080401c4    0x1c4

"P1", part 1 of 2:                           0x672
  .rodata             const    0x080401c4      0x0  zero_init3.o [6]
  .rodata             const    0x080401c4      0x0  lz77_init.o [6]
  Initializer bytes   ro data  0x080401c4    0x672  <for P2 s0>
                             - 0x08040836    0x672

Absolute sections, part 1 of 3:               0x40
  .rodata             const    0x08040fc0     0x10  sys_header.o [1]
  .rodata             const    0x08040fd0     0x10  sys_header.o [1]
  .rodata             const    0x08040fe0     0x10  sys_header.o [1]
  .rodata             const    0x08040ff0     0x10  sys_header.o [1]
                             - 0x08041000     0x40

"P1", part 2 of 2:                         0x424e4
  .text               ro code  0x08041000   0x5b08  command.o [1]
  .text               ro code  0x08046b08    0x7cc  gpio.o [1]
  .text               ro code  0x080472d4      0x8  atoi.o [4]
  .text               ro code  0x080472dc     0x4e  strncasecmp.o [4]
  .text               ro code  0x0804732a     0x22  zero_init3.o [6]
  .text               ro code  0x0804734c    0x2e8  stm32f4xx_hal_gpio.o [1]
  .text               ro code  0x08047634    0x19a  led_drv.o [1]
  .text               ro code  0x080477ce     0x1a  xsnprout.o [4]
  .text               ro code  0x080477e8    0x24c  led_hal.o [1]
  .text               ro code  0x08047a34      0x6  ABImemclr4.o [6]
  .text               ro code  0x08047a3a      0xa  xsprout.o [4]
  .text               ro code  0x08047a44    0x1f8  gpio_exp.o [1]
  .text               ro code  0x08047c3c     0x42  strcmp_unaligned.o [6]
  .text               ro code  0x08047c80    0x76c  rtos_i2c_drv.o [1]
  .text               ro code  0x080483ec     0x24  printf.o [4]
  .text               ro code  0x08048410    0x5a4  hlog_main.o [1]
  .text               ro code  0x080489b4     0x34  sprintf.o [4]
  .text               ro code  0x080489e8     0x36  strlen.o [6]
  .text               ro code  0x08048a20    0x810  htc_usb_cdc_data_service.o [1]
  .text               ro code  0x08049230    0x8a8  x_pmic.o [1]
  .text               ro code  0x08049ad8    0x444  ncp6924.o [1]
  .text               ro code  0x08049f1c     0x76  ABImemcpy_unaligned.o [6]
  .text               ro code  0x08049f94     0x3a  ABImemset48.o [6]
  .text               ro code  0x08049fd0   0x4230  misc_data.o [1]
  .text               ro code  0x0804e200      0x4  strtoul.o [4]
  .text               ro code  0x0804e204     0x94  anx7737.o [1]
  .text               ro code  0x0804e298    0x360  htc_audio_path_service.o [1]
  .text               ro code  0x0804e5f8    0xdc4  audio_alc5665_driver.o [1]
  .text               ro code  0x0804f3bc     0x44  snprintf.o [4]
  .text               ro code  0x0804f400    0x1f2  x_nucleo_iks01a1_magneto.o [1]
  .text               ro code  0x0804f5f4    0xe38  epl88051_driver.o [1]
  .text               ro code  0x0805042c   0x13c8  max17050_fuel_gauge.o [1]
  .text               ro code  0x080517f4    0x208  htc_adc_func.o [1]
  .text               ro code  0x080519fc     0x4e  FltToDbl.o [5]
  .text               ro code  0x08051a4c   0x108c  bq2589x_charger.o [1]
  .text               ro code  0x08052ad8    0x6e0  rtc_drv.o [1]
  .text               ro code  0x080531b8   0x1ed8  tc358870xbg_driver.o [1]
  .text               ro code  0x08055090    0x6ac  ams361ep01_dsi_vdo.o [1]
  .text               ro code  0x0805573c     0x10  atof.o [5]
  .text               ro code  0x0805574c     0x90  DblToFlt.o [5]
  .text               ro code  0x080557dc    0xa58  ccgx_fw.o [1]
  .text               ro code  0x08056234     0xaa  ccgx_fw_io.o [1]
  .text               ro code  0x080562e0   0x1500  dlmalloc.o [4]
  .text               ro code  0x080577e0    0x4d8  cmsis_os.o [1]
  .text               ro code  0x08057cb8    0x6fc  queue.o [1]
  .text               ro code  0x080583b4      0x6  ABImemclr.o [6]
  .text               ro code  0x080583bc   0x295c  gSensor_Calibate.o [1]
  .text               ro code  0x0805ad18    0x118  stm32f4xx_hal_cortex.o [1]
  .text               ro code  0x0805ae30    0x1a0  proximity_task.o [1]
  .text               ro code  0x0805afd0    0xd58  sensor_task.o [1]
  .text               ro code  0x0805bd28    0x1bc  periph_multiple_drv.o [1]
  .text               ro code  0x0805bee4    0x454  ccgx_ec.o [1]
  .text               ro code  0x0805c338    0x488  PowerManager_system.o [1]
  .text               ro code  0x0805c7c0    0x3d8  key_drv.o [1]
  .text               ro code  0x0805cb98    0x198  xstoul.o [4]
  .text               ro code  0x0805cd30     0x14  tolower.o [4]
  .text               ro code  0x0805cd44    0x3f0  leds-lp5562.o [1]
  .text               ro code  0x0805d134    0x444  PowerManager_notify_func.o [1]
  .text               ro code  0x0805d578     0x6c  strncpy_unaligned.o [6]
  .text               ro code  0x0805d5e4    0x7e2  stm32f4xx_hal_i2c.o [1]
  .text               ro code  0x0805ddc8   0x114e  xprintffull.o [4]
  .text               ro code  0x0805ef18    0x590  hlog_utils.o [1]
  .text               ro code  0x0805f4a8    0xc28  tasks.o [1]
  .text               ro code  0x080600d0     0x3c  vsnprint.o [4]
  .text               ro code  0x0806010c     0x60  stm32f4xx_hal.o [1]
  .text               ro code  0x0806016c    0x444  main.o [1]
  .text               ro code  0x080605b0     0xd8  usbd_comp_if.o [1]
  .text               ro code  0x08060688    0x5c0  flash_drv.o [1]
  .text               ro code  0x08060c48     0x66  ABImemset.o [6]
  .text               ro code  0x08060cae     0x1a  sys_header.o [1]
  .text               ro code  0x08060cc8     0x44  strcpy_unaligned.o [6]
  .text               ro code  0x08060d0c    0x250  audio_alc4040_driver.o [1]
  .text               ro code  0x08060f5c    0x132  I64DivMod.o [6]
  .text               ro code  0x08061090    0x34c  timers.o [1]
  .text               ro code  0x080613dc    0x5a6  stm32f4xx_hal_adc.o [1]
  .text               ro code  0x08061984    0x62a  stm32f4xx_hal_rtc.o [1]
  .text               ro code  0x08061fb0    0x1ae  stm32f4xx_hal_rtc_ex.o [1]
  .text               ro code  0x08062160   0x1400  PowerManager_battery.o [1]
  .text               ro code  0x08063560    0x760  PowerManager_state_machine.o [1]
  .text               ro code  0x08063cc0    0x284  PowerManager_power.o [1]
  .text               ro code  0x08063f44    0x57c  htc_3dof_transfer_service.o [1]
  .text               ro code  0x080644c0     0xd8  anx7737_driver.o [1]
  .text               ro code  0x08064598     0xb4  ps176_driver.o [1]
  .text               ro code  0x0806464c     0x88  xstol.o [4]
  .text               ro code  0x080646d4    0x168  xstod.o [5]
  .text               ro code  0x0806483c      0x6  abort.o [4]
  .text               ro code  0x08064844     0x2c  xgetmemchunk.o [4]
  .text               ro code  0x08064870    0x1e8  port.o [1]
  .text               ro code  0x08064a58     0x8e  list.o [1]
  .text               ro code  0x08064ae8    0x21c  heap_4.o [1]
  .text               ro code  0x08064d04    0x27c  x_nucleo_iks01a1_gyro.o [1]
  .text               ro code  0x08064f80    0x2b4  x_nucleo_iks01a1_accelero.o [1]
  .text               ro code  0x08065234    0x118  SensorTile.o [1]
  .text               ro code  0x0806534c      0x8  abs.o [4]
  .text               ro code  0x08065354    0x180  DblSub.o [5]
  .text               ro code  0x080654d4    0x1a2  DblMul.o [5]
  .text               ro code  0x08065678     0xe8  DblAdd.o [5]
  .text               ro code  0x08065760     0x2e  DblCmpLe.o [5]
  .text               ro code  0x08065790    0x246  DblDiv.o [5]
  .text               ro code  0x080659d8     0xdc  x_nucleo_iks01a1_proximity.o [1]
  .text               ro code  0x08065ab4     0x58  DblToI32.o [5]
  .text               ro code  0x08065b0c    0x5e4  BMI160_ACC_GYRO_Driver.o [1]
  .text               ro code  0x080660f0   0x1654  BMI160_ACC_GYRO_Driver_Api.o [1]
  .text               ro code  0x08067744   0x1024  fusion.o [1]
  .text               ro code  0x08068768    0x3b4  HeadTracker.o [1]
  .text               ro code  0x08068b1c    0x218  HeadTransform.o [1]
  .text               ro code  0x08068d34    0x2b6  Matrix.o [1]
  .text               ro code  0x08068fec     0x44  ccgx_ccg4.o [1]
  .text               ro code  0x08069030     0x28  isxxx.o [4]
  .text               ro code  0x08069058     0x58  memchr.o [6]
  .text               ro code  0x080690b0      0xc  errno.o [4]
  .text               ro code  0x080690bc     0x24  setlocale.o [4]
  .text               ro code  0x080690e0      0xc  xlocale_c.o [4]
  .text               ro code  0x080690ec    0x394  stm32f4xx_hal_msp.o [1]
  .text               ro code  0x08069480    0x210  stm32f4xx_hal_rcc.o [1]
  .text               ro code  0x08069690     0x20  xmbtowc.o [4]
  .text               ro code  0x080696b0     0x16  strchr.o [6]
  .text               ro code  0x080696c6      0xa  xmbcurmax.o [4]
  .text               ro code  0x080696d0     0x1a  xwctomb.o [4]
  .text               ro code  0x080696ea     0x42  xdnorm.o [5]
  .text               ro code  0x0806972c     0x2e  DblCmpGe.o [5]
  .text               ro code  0x0806975c    0x114  xdscale.o [5]
  .text               ro code  0x08069870     0x30  I32ToDbl.o [5]
  .text               ro code  0x080698a0     0x6c  localeconv.o [4]
  .text               ro code  0x0806990c      0xe  div.o [4]
  .text               ro code  0x0806991c    0x628  stm32f4xx_hal_uart.o [1]
  .text               ro code  0x08069f44    0x1f8  stm32f4xx_hal_flash.o [1]
  .text               ro code  0x0806a13c    0x158  stm32f4xx_hal_flash_ex.o [1]
  .text               ro code  0x0806a294     0xa6  stm32f4xx_hal_timebase_TIM.o [1]
  .text               ro code  0x0806a33a     0x50  stm32f4xx_hal_iwdg.o [1]
  .text               ro code  0x0806a38c    0x4fc  usart_drv.o [1]
  .text               ro code  0x0806a888    0x494  stm32f4xx_hal_spi.o [1]
  .text               ro code  0x0806ad1c    0x258  usb_device.o [1]
  .text               ro code  0x0806af74     0x78  PowerManager.o [1]
  .text               ro code  0x0806afec     0x3c  display_drv.o [1]
  .text               ro code  0x0806b028    0x82c  system_property.o [1]
  .text               ro code  0x0806b854    0xae4  system_command.o [1]
  .text               ro code  0x0806c338    0x4a0  PowerManager_command.o [1]
  .text               ro code  0x0806c7d8    0x4a4  stm32f4xx_hal_rcc_ex.o [1]
  .text               ro code  0x0806cc7c    0x2f4  usbd_comp.o [1]
  .text               ro code  0x0806cf70    0x238  usbd_conf.o [1]
  .text               ro code  0x0806d1a8      0x2  I64DivZer.o [6]
  .text               ro code  0x0806d1ac      0x2  stm32f4xx_hal_adc_ex.o [1]
  .text               ro code  0x0806d1b0    0x420  stm32f4xx_hal_dma.o [1]
  .text               ro code  0x0806d5d0     0xac  stm32f4xx_hal_pwr_ex.o [1]
  .text               ro code  0x0806d67c     0x50  stm32f4xx_hal_pwr.o [1]
  .text               ro code  0x0806d6cc    0x134  xstopfx.o [4]
  .text               ro code  0x0806d800    0x1b8  xstoflt.o [4]
  .text               ro code  0x0806d9b8    0x200  xdtento.o [5]
  .text               ro code  0x0806dbb8    0x218  xstoxflt.o [4]
  .text               ro code  0x0806ddd0     0x14  exit.o [7]
  CODE                ro code  0x0806dde4     0xa8  portasm.o [1]
  .text               ro code  0x0806de8c    0x2e4  BMI160_ACC_GYRO_Driver_HL.o [1]
  .text               ro code  0x0806e170    0x53a  mat.o [1]
  .text               ro code  0x0806e6ac     0x90  vec.o [1]
  .text               ro code  0x0806e73c    0x21e  quat.o [1]
  .text               ro code  0x0806e95c    0xa84  mymath.o [1]
  .text               ro code  0x0806f3e0    0x99e  OrientationEKF.o [1]
  .text               ro code  0x0806fd80    0x236  Vector3d.o [1]
  .text               ro code  0x0806ffb8    0x262  GyroscopeBiasEstimator.o [1]
  .text               ro code  0x0807021c    0x100  sqrt.o [5]
  .text               ro code  0x0807031c     0x12  sin.o [5]
  .text               ro code  0x0807032e     0x12  cos.o [5]
  .text               ro code  0x08070340     0x16  xlocale_c.o [4]
  .text               ro code  0x08070356     0x14  xlocale_c.o [4]
  .text               ro code  0x0807036a      0x2  xtls.o [4]
  .text               ro code  0x0807036c     0x60  xencoding_sb.o [4]
  .text               ro code  0x080703cc    0x264  stm32f4xx_hal_tim.o [1]
  .text               ro code  0x08070630    0x300  usbd_core.o [1]
  .text               ro code  0x08070930      0x2  PowerManager_peripherals.o [1]
  .runtype            ro code  0x08070934     0x94  fota_command.o [1]
  .text               ro code  0x080709c8     0x46  strcasecmp.o [4]
  .text               ro code  0x08070a10     0xe0  rand.o [4]
  .text               ro code  0x08070af0     0x20  srand.o [4]
  .text               ro code  0x08070b10     0x60  usbd_ioreq.o [1]
  .text               ro code  0x08070b70    0x3d4  usbd_ctlreq.o [1]
  .text               ro code  0x08070f44    0x8a0  stm32f4xx_hal_pcd.o [1]
  .text               ro code  0x080717e4     0x86  stm32f4xx_hal_pcd_ex.o [1]
  .text               ro code  0x0807186c     0x20  DblCmpEq.o [5]
  .text               ro code  0x0807188c     0x56  xdunscal.o [5]
  .text               ro code  0x080718e2     0x1a  copysignf.o [5]
  .text               ro code  0x080718fc    0x6e8  So3Util.o [1]
  .text               ro code  0x08071fe4    0x678  Matrix3x3d.o [1]
  .text               ro code  0x0807265c     0x62  I64ToFlt.o [5]
  .text               ro code  0x080726be     0x68  fmin.o [5]
  .text               ro code  0x08072728    0x110  LowPassFilter.o [1]
  .text               ro code  0x08072838      0xc  iarEdom.o [6]
  .text               ro code  0x08072844    0x46a  xsin.o [5]
  .text               ro code  0x08072cb0      0x4  stm32f4xx_hal_tim_ex.o [1]
  .text               ro code  0x08072cb4    0x164  usbd_desc.o [1]
  .text               ro code  0x08072e18    0x1a8  fota_command.o [1]
  .text               ro code  0x08072fc0    0x8f4  stm32f4xx_ll_usb.o [1]
  .text               ro code  0x080738b4    0x120  acos.o [5]
  .text               ro code  0x080739d4    0x130  asin.o [5]
  .text               ro code  0x08073b04     0x40  xdtest.o [5]
  .text               ro code  0x08073b44    0x168  xquad.o [5]
  .rodata             const    0x08073cac     0x4c  PowerManager_command.o [1]
  .text               ro code  0x08073cf8    0x1f0  xatan.o [5]
  .text               ro code  0x08073ee8     0x7e  xdint.o [5]
  .text               ro code  0x08073f68    0x1a8  fmod.o [5]
  .rodata             const    0x08074110   0x4638  tc358870xbg_driver.o [1]
  .text               ro code  0x08078748   0x11d0  LSM6DSM_ACC_GYRO_driver_HL.o [1]
  .text               ro code  0x08079918    0x7da  LSM6DSM_ACC_GYRO_driver.o [1]
  .text               ro code  0x0807a0f4   0x1100  yas_mag_calib_min.o [1]
  .text               ro code  0x0807b1f4    0xea8  yas_mag_drv-yas537.o [1]
  .text               ro code  0x0807c09c    0xcb8  YAS537_MAG_driver_HL.o [1]
  .text               ro code  0x0807cd54    0x138  yas_drv.o [1]
  .text               ro code  0x0807ce8c    0x1f8  yas_algo.o [1]
  .text               ro code  0x0807d084    0x29c  yas_mag_filter.o [1]
  .rodata             const    0x0807d320    0xbd0  command.o [1]
  .text               ro code  0x0807def0    0xae8  AKHDOE.o [3]
  .text               ro code  0x0807e9d8     0xfa  AKMDevice.o [3]
  .text               ro code  0x0807ead2     0xc2  AKArithOp.o [3]
  .text               ro code  0x0807eb94    0x628  AKDOECore.o [3]
  .text               ro code  0x0807f1bc    0x13c  AKMathLib.o [3]
  .text               ro code  0x0807f2f8    0xaac  AKM099XX_MAG_driver_HL.o [1]
  .text               ro code  0x0807fda4    0x2a4  AKH_APIs.o [1]
  .text               ro code  0x08080048    0x268  akl_lib_func.o [1]
  .text               ro code  0x080802b0     0xe0  AKS_APIs.o [1]
  .text               ro code  0x08080390    0x338  akl_apis.o [1]
  .text               ro code  0x080806c8    0x3ac  aks_mag_ak099xx.o [1]
  .text               ro code  0x08080a74    0x3f4  measure.o [1]
  .text               ro code  0x08080e68     0xd8  akl_nonos_ext.o [1]
  .text               ro code  0x08080f40     0x1e  AKVersion.o [3]
  .text               ro code  0x08080f5e     0x4e  aks_common.o [1]
  .text               ro code  0x08080fac    0x9d4  AKDecomp.o [3]
  .text               ro code  0x08081980     0x94  AKHFlucCheck.o [3]
  .text               ro code  0x08081a14     0xbe  AKDirection6D.o [3]
  .text               ro code  0x08081ad4    0x674  gSensor_Command.o [1]
  .text               ro code  0x08082148    0x46c  hlog_excep.o [1]
  .text               ro code  0x080825b4     0x2c  vsprintf.o [4]
  .text               ro code  0x080825e0    0x3b8  EPL88051_PROXIMITY_driver_HL.o [1]
  .text               ro code  0x08082998    0x1c2  lz77_init.o [6]
  .text               ro code  0x08082b5c    0x1b0  stm32f4xx_it.o [1]
  .rodata             const    0x08082d0c    0x16c  PowerManager_state_machine.o [1]
  .rodata             const    0x08082e78     0xf0  hlog_main.o [1]
  .rodata             const    0x08082f68     0xc0  ams361ep01_dsi_vdo.o [1]
  .rodata             const    0x08083028     0x9c  led_hal.o [1]
  .rodata             const    0x080830c4     0x98  x_pmic.o [1]
  .text               ro code  0x0808315c     0x50  system_stm32f4xx.o [1]
  .text               ro code  0x080831ac     0x40  myprintf.o [1]
  .text               ro code  0x080831ec     0x28  data_init.o [6]
  .iar.init_table     const    0x08083214     0x2c  - Linker created -
  .text               ro code  0x08083240     0x1a  fpinit_M.o [5]
  .text               ro code  0x0808325c     0x1a  cmain.o [6]
  .text               ro code  0x08083276      0x4  low_level_init.o [4]
  .text               ro code  0x0808327a      0x4  exit.o [4]
  .text               ro code  0x08083280      0xa  cexit.o [6]
  .rodata             const    0x0808328c     0x18  max17050_fuel_gauge.o [1]
  .rodata             const    0x080832a4     0x18  system_command.o [1]
  .rodata             const    0x080832c0     0x18  system_property.o [1]
  .text               ro code  0x080832d8     0x16  xprout.o [4]
  .text               ro code  0x080832f0      0xc  putchar.o [4]
  .rodata             const    0x080832fc     0x14  bq2589x_charger.o [1]
  .rodata             const    0x08083310     0x10  fusion.o [1]
  .rodata             const    0x08083320     0x10  htc_audio_path_service.o [1]
  .rodata             const    0x08083330     0x10  htc_usb_cdc_data_service.o [1]
  .rodata             const    0x08083340     0x10  key_drv.o [1]
  .rodata             const    0x08083350     0x10  periph_multiple_drv.o [1]
  .rodata             const    0x08083360     0x10  PowerManager_system.o [1]
  .rodata             const    0x08083370     0x10  proximity_task.o [1]
  .rodata             const    0x08083380     0x10  sensor_task.o [1]
  .rodata             const    0x08083390     0x10  usart_drv.o [1]
  .text               ro code  0x080833a0     0x10  startup_stm32f412rx.o [1]
  .rodata             const    0x080833b0      0xc  htc_3dof_transfer_service.o [1]
  .rodata             const    0x080833bc      0xc  main.o [1]
  .rodata             const    0x080833c8      0xc  rtc_drv.o [1]
  .text               ro code  0x080833d4      0xc  cstartup_M.o [6]
  .rodata             const    0x080833e0      0x8  ccgx_ec.o [1]
  .rodata             const    0x080833e8      0x8  AKMDevice.o [3]
  .text               ro code  0x080833f0      0x4  startup_stm32f412rx.o [1]
  .text               ro code  0x080833f4      0x4  startup_stm32f412rx.o [1]
  .text               ro code  0x080833f8      0x4  startup_stm32f412rx.o [1]
  .text               ro code  0x080833fc      0x4  startup_stm32f412rx.o [1]
  .text               ro code  0x08083400      0x4  startup_stm32f412rx.o [1]
  .text               ro code  0x08083404      0x4  startup_stm32f412rx.o [1]
  .text               ro code  0x08083408      0x4  startup_stm32f412rx.o [1]
  .text               ro code  0x0808340c      0x4  startup_stm32f412rx.o [1]
  .text               ro code  0x08083410      0x4  startup_stm32f412rx.o [1]
  .text               ro code  0x08083414      0x4  startup_stm32f412rx.o [1]
  .text               ro code  0x08083418      0x4  startup_stm32f412rx.o [1]
  .text               ro code  0x0808341c      0x4  startup_stm32f412rx.o [1]
  .text               ro code  0x08083420      0x4  startup_stm32f412rx.o [1]
  .text               ro code  0x08083424      0x4  startup_stm32f412rx.o [1]
  .text               ro code  0x08083428      0x4  startup_stm32f412rx.o [1]
  .text               ro code  0x0808342c      0x4  startup_stm32f412rx.o [1]
  .text               ro code  0x08083430      0x4  startup_stm32f412rx.o [1]
  .text               ro code  0x08083434      0x4  startup_stm32f412rx.o [1]
  .text               ro code  0x08083438      0x4  startup_stm32f412rx.o [1]
  .text               ro code  0x0808343c      0x4  startup_stm32f412rx.o [1]
  .text               ro code  0x08083440      0x4  startup_stm32f412rx.o [1]
  .text               ro code  0x08083444      0x4  startup_stm32f412rx.o [1]
  .text               ro code  0x08083448      0x4  startup_stm32f412rx.o [1]
  .text               ro code  0x0808344c      0x4  startup_stm32f412rx.o [1]
  .text               ro code  0x08083450      0x4  startup_stm32f412rx.o [1]
  .text               ro code  0x08083454      0x4  startup_stm32f412rx.o [1]
  .text               ro code  0x08083458      0x4  startup_stm32f412rx.o [1]
  .text               ro code  0x0808345c      0x4  startup_stm32f412rx.o [1]
  .text               ro code  0x08083460      0x4  startup_stm32f412rx.o [1]
  .text               ro code  0x08083464      0x4  startup_stm32f412rx.o [1]
  .text               ro code  0x08083468      0x4  startup_stm32f412rx.o [1]
  .text               ro code  0x0808346c      0x4  startup_stm32f412rx.o [1]
  .text               ro code  0x08083470      0x4  startup_stm32f412rx.o [1]
  .text               ro code  0x08083474      0x4  startup_stm32f412rx.o [1]
  .text               ro code  0x08083478      0x4  startup_stm32f412rx.o [1]
  .text               ro code  0x0808347c      0x4  startup_stm32f412rx.o [1]
  .text               ro code  0x08083480      0x4  startup_stm32f412rx.o [1]
  .text               ro code  0x08083484      0x4  startup_stm32f412rx.o [1]
  .text               ro code  0x08083488      0x4  startup_stm32f412rx.o [1]
  .text               ro code  0x0808348c      0x4  startup_stm32f412rx.o [1]
  .text               ro code  0x08083490      0x4  startup_stm32f412rx.o [1]
  .text               ro code  0x08083494      0x4  startup_stm32f412rx.o [1]
  .text               ro code  0x08083498      0x4  startup_stm32f412rx.o [1]
  .text               ro code  0x0808349c      0x4  startup_stm32f412rx.o [1]
  .text               ro code  0x080834a0      0x4  startup_stm32f412rx.o [1]
  .text               ro code  0x080834a4      0x4  startup_stm32f412rx.o [1]
  .text               ro code  0x080834a8      0x4  startup_stm32f412rx.o [1]
  .text               ro code  0x080834ac      0x4  startup_stm32f412rx.o [1]
  .text               ro code  0x080834b0      0x4  startup_stm32f412rx.o [1]
  .text               ro code  0x080834b4      0x4  startup_stm32f412rx.o [1]
  .text               ro code  0x080834b8      0x4  startup_stm32f412rx.o [1]
  .text               ro code  0x080834bc      0x4  startup_stm32f412rx.o [1]
  .text               ro code  0x080834c0      0x4  startup_stm32f412rx.o [1]
  .text               ro code  0x080834c4      0x4  startup_stm32f412rx.o [1]
  .text               ro code  0x080834c8      0x4  startup_stm32f412rx.o [1]
  .text               ro code  0x080834cc      0x4  startup_stm32f412rx.o [1]
  .text               ro code  0x080834d0      0x4  startup_stm32f412rx.o [1]
  .text               ro code  0x080834d4      0x4  startup_stm32f412rx.o [1]
  .text               ro code  0x080834d8      0x4  startup_stm32f412rx.o [1]
  .text               ro code  0x080834dc      0x4  startup_stm32f412rx.o [1]
  .text               ro code  0x080834e0      0x4  startup_stm32f412rx.o [1]
                             - 0x080834e4  0x424e4

Absolute sections, part 2 of 3:               0x14
  .noinit             uninit   0x20002000     0x10  PowerManager_power.o [1]
  .noinit             uninit   0x20002010      0x4  hlog_main.o [1]
                             - 0x20002014     0x14

Absolute sections, part 3 of 3:            0x10000
  .noinit             uninit   0x20002018  0x10000  hlog_main.o [1]
                             - 0x20012018  0x10000

"P2":                                      0x127a8
  P2 s0                        0x20012018    0xbba  <Init block>
    .data             inited   0x20012018     0x9c  x_pmic.o [1]
    .data             inited   0x200120b4     0x94  LSM6DSM_ACC_GYRO_driver_HL.o [1]
    .data             inited   0x20012148     0x94  max17050_fuel_gauge.o [1]
    __DLIB_PERTHREAD  inited   0x200121dc     0x8c  rand.o [4]
    __DLIB_PERTHREAD  inited   0x20012268     0x88  localeconv.o [4]
    .data             inited   0x200122f0     0x84  epl88051_driver.o [1]
    .data             inited   0x20012374     0x74  hlog_main.o [1]
    __DLIB_PERTHREAD  inited   0x200123e8     0x74  setlocale.o [4]
    .data             inited   0x2001245c     0x68  led_hal.o [1]
    .data             inited   0x200124c4     0x5c  PowerManager_state_machine.o [1]
    .data             inited   0x20012520     0x5c  usbd_comp.o [1]
    .data             inited   0x2001257c     0x5c  usbd_comp.o [1]
    .data             inited   0x200125d8     0x5c  usbd_comp.o [1]
    .data             inited   0x20012634     0x50  AKM099XX_MAG_driver_HL.o [1]
    .data             inited   0x20012684     0x50  YAS537_MAG_driver_HL.o [1]
    .data             inited   0x200126d4     0x4c  htc_usb_cdc_data_service.o [1]
    .data             inited   0x20012720     0x48  ams361ep01_dsi_vdo.o [1]
    .data             inited   0x20012768     0x48  ams361ep01_dsi_vdo.o [1]
    .data             inited   0x200127b0     0x48  BMI160_ACC_GYRO_Driver_Api.o [1]
    .data             inited   0x200127f8     0x48  LSM6DSM_ACC_GYRO_driver_HL.o [1]
    .data             inited   0x20012840     0x44  BMI160_ACC_GYRO_Driver_Api.o [1]
    .data             inited   0x20012884     0x44  LSM6DSM_ACC_GYRO_driver_HL.o [1]
    .data             inited   0x200128c8     0x40  tc358870xbg_driver.o [1]
    .data             inited   0x20012908     0x40  xfiles.o [4]
    .data             inited   0x20012948     0x3c  led_hal.o [1]
    .data             inited   0x20012984     0x3c  usbd_comp.o [1]
    .data             inited   0x200129c0     0x38  PowerManager_state_machine.o [1]
    .data             inited   0x200129f8     0x30  bq2589x_charger.o [1]
    .data             inited   0x20012a28     0x2c  YAS537_MAG_driver_HL.o [1]
    .data             inited   0x20012a54     0x24  max17050_fuel_gauge.o [1]
    .data             inited   0x20012a78     0x1c  EPL88051_PROXIMITY_driver_HL.o [1]
    .data             inited   0x20012a94     0x1c  hlog_main.o [1]
    .data             inited   0x20012ab0     0x1c  usbd_desc.o [1]
    .data             inited   0x20012acc     0x18  ccgx_fw.o [1]
    .data             inited   0x20012ae4     0x18  YAS537_MAG_driver_HL.o [1]
    .data             inited   0x20012afc     0x14  gpio_exp.o [1]
    .data             inited   0x20012b10     0x14  hlog_main.o [1]
    .data             inited   0x20012b24     0x14  ncp6924.o [1]
    .data             inited   0x20012b38     0x14  usbd_desc.o [1]
    .data             inited   0x20012b4c     0x10  leds-lp5562.o [1]
    .data             inited   0x20012b5c     0x10  ncp6924.o [1]
    .data             inited   0x20012b6c     0x10  usbd_comp_if.o [1]
    .data             inited   0x20012b7c      0xc  gpio_exp.o [1]
    .data             inited   0x20012b88      0xc  port.o [1]
    .data             inited   0x20012b94      0xc  usbd_comp.o [1]
    .data             inited   0x20012ba0      0x8  ams361ep01_dsi_vdo.o [1]
    .data             inited   0x20012ba8      0x8  ams361ep01_dsi_vdo.o [1]
    .data             inited   0x20012bb0      0x8  BMI160_ACC_GYRO_Driver_HL.o [1]
    .data             inited   0x20012bb8      0x8  mymath.o [1]
    .data             inited   0x20012bc0      0x4  ams361ep01_dsi_vdo.o [1]
    .data             inited   0x20012bc4      0x4  system_stm32f4xx.o [1]
    .data             inited   0x20012bc8      0x4  usbd_desc.o [1]
    __DLIB_PERTHREAD  inited   0x20012bcc      0x4  errno.o [4]
    .data             inited   0x20012bd0      0x1  led_hal.o [1]
    .data             inited   0x20012bd1      0x1  leds-lp5562.o [1]
  .bss                zero     0x20012bd4   0xc018  heap_4.o [1]
  .bss                zero     0x2001ebf0    0xa58  misc_data.o [1]
  .bss                zero     0x2001f648    0x918  HeadTracker.o [1]
  .bss                zero     0x2001ff60    0x3c8  usbd_conf.o [1]
  .bss                zero     0x20020328    0x25c  usb_device.o [1]
  .bss                zero     0x20020584    0x220  usbd_desc.o [1]
  .bss                zero     0x200207a4    0x200  usbd_comp.o [1]
  .bss                zero     0x200209a4    0x1ec  fusion.o [1]
  .bss                zero     0x20020b90    0x1d8  dlmalloc.o [4]
  .bss                zero     0x20020d68    0x15c  yas_mag_calib_min.o [1]
  .bss                zero     0x20020ec4    0x100  ccgx_fw.o [1]
  .bss                zero     0x20020fc4    0x100  usart_drv.o [1]
  .bss                zero     0x200210c4     0xfc  yas_mag_filter.o [1]
  .bss                zero     0x200211c0     0xc8  main.o [1]
  .bss                zero     0x20021288     0xc8  So3Util.o [1]
  .bss                zero     0x20021350     0x9c  tasks.o [1]
  .bss                zero     0x200213ec     0x90  yas_mag_drv-yas537.o [1]
  .bss                zero     0x2002147c     0x8c  tasks.o [1]
  .bss                zero     0x20021508     0x84  usart_drv.o [1]
  .bss                zero     0x2002158c     0x84  usart_drv.o [1]
  .bss                zero     0x20021610     0x78  system_command.o [1]
  .bss                zero     0x20021688     0x74  audio_alc5665_driver.o [1]
  .bss                zero     0x200216fc     0x74  system_property.o [1]
  .bss                zero     0x20021770     0x74  usart_drv.o [1]
  .bss                zero     0x200217e4     0x70  htc_usb_cdc_data_service.o [1]
  .bss                zero     0x20021854     0x6c  htc_3dof_transfer_service.o [1]
  .bss                zero     0x200218c0     0x64  x_nucleo_iks01a1_accelero.o [1]
  .bss                zero     0x20021924     0x64  x_nucleo_iks01a1_gyro.o [1]
  .bss                zero     0x20021988     0x60  bq2589x_charger.o [1]
  .bss                zero     0x200219e8     0x60  main.o [1]
  .bss                zero     0x20021a48     0x60  max17050_fuel_gauge.o [1]
  .bss                zero     0x20021aa8     0x5c  yas_algo.o [1]
  .bss                zero     0x20021b04     0x54  rtos_i2c_drv.o [1]
  .bss                zero     0x20021b58     0x54  rtos_i2c_drv.o [1]
  .bss                zero     0x20021bac     0x50  xfiles.o [4]
  .bss                zero     0x20021bfc     0x48  gSensor_Calibate.o [1]
  .bss                zero     0x20021c44     0x44  sensor_task.o [1]
  .bss                zero     0x20021c88     0x44  usbd_comp_if.o [1]
  .bss                zero     0x20021ccc     0x44  yas_drv.o [1]
  .bss                zero     0x20021d10     0x40  BMI160_ACC_GYRO_Driver_Api.o [1]
  .bss                zero     0x20021d50     0x40  queue.o [1]
  .bss                zero     0x20021d90     0x40  x_nucleo_iks01a1_magneto.o [1]
  .bss                zero     0x20021dd0     0x3c  stm32f4xx_hal_timebase_TIM.o [1]
  .bss                zero     0x20021e0c     0x38  timers.o [1]
  .bss                zero     0x20021e44     0x34  key_drv.o [1]
  .bss                zero     0x20021e78     0x30  rtos_i2c_drv.o [1]
  .bss                zero     0x20021ea8     0x24  AKM099XX_MAG_driver_HL.o [1]
  .bss                zero     0x20021ecc     0x24  PowerManager_battery.o [1]
  .bss                zero     0x20021ef0     0x20  AKM099XX_MAG_driver_HL.o [1]
  .bss                zero     0x20021f10     0x20  ccgx_ec.o [1]
  .bss                zero     0x20021f30     0x20  sensor_task.o [1]
  .bss                zero     0x20021f50     0x20  sensor_task.o [1]
  .bss                zero     0x20021f70     0x20  stm32f4xx_hal_flash.o [1]
  .bss                zero     0x20021f90     0x20  x_nucleo_iks01a1_proximity.o [1]
  .bss                zero     0x20021fb0     0x1c  aks_mag_ak099xx.o [1]
  .bss                zero     0x20021fcc     0x1c  BMI160_ACC_GYRO_Driver.o [1]
  .bss                zero     0x20021fe8     0x1c  BMI160_ACC_GYRO_Driver_Api.o [1]
  .bss                zero     0x20022004     0x1c  led_hal.o [1]
  .bss                zero     0x20022020     0x1c  PowerManager_battery.o [1]
  .bss                zero     0x2002203c     0x1c  PowerManager_system.o [1]
  .bss                zero     0x20022058     0x1c  tc358870xbg_driver.o [1]
  .bss                zero     0x20022074     0x1c  YAS537_MAG_driver_HL.o [1]
  .bss                zero     0x20022090     0x18  dlmalloc.o [4]
  .bss                zero     0x200220a8     0x15  PowerManager_system.o [1]
  .bss                zero     0x200220be      0x2  LSM6DSM_ACC_GYRO_driver_HL.o [1]
  .bss                zero     0x200220c0     0x14  periph_multiple_drv.o [1]
  .bss                zero     0x200220d4     0x14  sensor_task.o [1]
  .bss                zero     0x200220e8     0x10  htc_adc_func.o [1]
  .bss                zero     0x200220f8     0x10  PowerManager_power.o [1]
  .bss                zero     0x20022108     0x10  proximity_task.o [1]
  .bss                zero     0x20022118     0x10  rtc_drv.o [1]
  .bss                zero     0x20022128      0xc  command.o [1]
  .bss                zero     0x20022134      0xc  htc_audio_path_service.o [1]
  .bss                zero     0x20022140      0xc  main.o [1]
  .bss                zero     0x2002214c      0xc  misc_data.o [1]
  .bss                zero     0x20022158      0xc  PowerManager_notify_func.o [1]
  .bss                zero     0x20022164      0x8  audio_alc4040_driver.o [1]
  .bss                zero     0x2002216c      0x8  BMI160_ACC_GYRO_Driver_Api.o [1]
  .bss                zero     0x20022174      0x8  PowerManager_battery.o [1]
  .bss                zero     0x2002217c      0x8  PowerManager_battery.o [1]
  .bss                zero     0x20022184      0x8  PowerManager_command.o [1]
  .bss                zero     0x2002218c      0x4  BMI160_ACC_GYRO_Driver.o [1]
  .bss                zero     0x20022190      0x4  flash_drv.o [1]
  .bss                zero     0x20022194      0x4  fusion.o [1]
  .bss                zero     0x20022198      0x4  gSensor_Calibate.o [1]
  .bss                zero     0x2002219c      0x4  gSensor_Calibate.o [1]
  .bss                zero     0x200221a0      0x4  main.o [1]
  .bss                zero     0x200221a4      0x4  sensor_task.o [1]
  .bss                zero     0x200221a8      0x4  sensor_task.o [1]
  .bss                zero     0x200221ac      0x4  stm32f4xx_hal.o [1]
  .bss                zero     0x200221b0      0x4  usart_drv.o [1]
  .bss                zero     0x200221b4      0x4  xgetmemchunk.o [4]
  .bss                zero     0x200221b8      0x1  BMI160_ACC_GYRO_Driver_Api.o [1]
  .bss                zero     0x200221b9      0x1  HeadTracker.o [1]
  .bss                zero     0x200221ba      0x1  myprintf.o [1]
  .bss                zero     0x200221bb      0x1  sensor_task.o [1]
  .bss                zero     0x200221bc      0x1  usbd_comp.o [1]
  .bss                zero     0x200221bd      0x1  usbd_ctlreq.o [1]
  CSTACK                       0x200221c0   0x1400  <Block>
    CSTACK            uninit   0x200221c0   0x1400  <Block tail>
  HEAP                         0x200235c0   0x1200  <Block>
    HEAP              uninit   0x200235c0   0x1200  <Block tail>
                             - 0x200247c0  0x127a8


*******************************************************************************
*** INIT TABLE
***

          Address     Size
          -------     ----
Zero (__iar_zero_init3)
    1 destination range, total size 0xf5ea:
          0x20012bd4  0xf5ea

Copy/lz77 (__iar_lz77_init3)
    1 source range, total size 0x672 (54% of destination):
          0x080401c4   0x672
    1 destination range, total size 0xbba:
          0x20012018   0xbba



*******************************************************************************
*** MODULE SUMMARY
***

    Module                          ro code  ro data  rw data  ro data  rw data
                                                                (abs)    (abs)
    ------                          -------  -------  -------  -------  -------
G:\code\STM32\Kalman\link_hmd\SYS\EWARM\Release\Obj: [1]
    AKH_APIs.o                          676
    AKM099XX_MAG_driver_HL.o          2 732       44      148
    AKS_APIs.o                          224
    BMI160_ACC_GYRO_Driver.o          1 508                32
    BMI160_ACC_GYRO_Driver_Api.o      5 716       78      241
    BMI160_ACC_GYRO_Driver_HL.o         740        4        8
    EPL88051_PROXIMITY_driver_HL.o      952       16       28
    GyroscopeBiasEstimator.o            610
    HeadTracker.o                       948             2 329
    HeadTransform.o                     536
    LSM6DSM_ACC_GYRO_driver.o         2 010
    LSM6DSM_ACC_GYRO_driver_HL.o      4 560      158      290
    LowPassFilter.o                     272
    Matrix.o                            694
    Matrix3x3d.o                      1 656
    OrientationEKF.o                  2 462
    PowerManager.o                      120
    PowerManager_battery.o            5 120                80
    PowerManager_command.o            1 184       76        8
    PowerManager_notify_func.o        1 092                12
    PowerManager_peripherals.o            2
    PowerManager_power.o                644                16                16
    PowerManager_state_machine.o      1 888      445      148
    PowerManager_system.o             1 160       16       49
    SensorTile.o                        280
    So3Util.o                         1 768               200
    Vector3d.o                          566
    YAS537_MAG_driver_HL.o            3 256       82      176
    akl_apis.o                          824
    akl_lib_func.o                      616
    akl_nonos_ext.o                     216
    aks_common.o                         78
    aks_mag_ak099xx.o                   940                28
    ams361ep01_dsi_vdo.o              1 708      282      164
    anx7737.o                           148
    anx7737_driver.o                    216
    audio_alc4040_driver.o              592                 8
    audio_alc5665_driver.o            3 524               116
    bq2589x_charger.o                 4 236       46      144
    ccgx_ccg4.o                          68
    ccgx_ec.o                         1 108        8       32
    ccgx_fw.o                         2 648       14      280
    ccgx_fw_io.o                        170
    cmsis_os.o                        1 240
    command.o                        23 304    3 024       12
    display_drv.o                        60
    epl88051_driver.o                 3 640       72      132
    flash_drv.o                       1 472                 4
    fota_command.o                      572
    fusion.o                          4 132       16      496
    gSensor_Calibate.o               10 588                80
    gSensor_Command.o                 1 652
    gpio.o                            1 996
    gpio_exp.o                          504       18       32
    heap_4.o                            540            49 176
    hlog_excep.o                      1 132
    hlog_main.o                       1 444      330      164            65 540
    hlog_utils.o                      1 424
    htc_3dof_transfer_service.o       1 404       12      108
    htc_adc_func.o                      520                16
    htc_audio_path_service.o            864       16       12
    htc_usb_cdc_data_service.o        2 064       58      188
    key_drv.o                           984       16       52
    led_drv.o                           410
    led_hal.o                           588      247      193
    leds-lp5562.o                     1 008       10       17
    list.o                              142
    main.o                            1 092       12      312
    mat.o                             1 338
    max17050_fuel_gauge.o             5 064      124      280
    measure.o                         1 012
    misc_data.o                      16 944             2 660
    mymath.o                          2 692        5        8
    myprintf.o                           64                 1
    ncp6924.o                         1 092       19       36
    periph_multiple_drv.o               444       16       20
    port.o                              488        6       12
    portasm.o                           168
    proximity_task.o                    416       16       16
    ps176_driver.o                      180
    quat.o                              542
    queue.o                           1 788                64
    rtc_drv.o                         1 760       12       16
    rtos_i2c_drv.o                    1 900               216
    sensor_task.o                     3 416       16      161
    startup_stm32f412rx.o               712
    stm32f4xx_hal.o                      96                 4
    stm32f4xx_hal_adc.o               1 446
    stm32f4xx_hal_adc_ex.o                2
    stm32f4xx_hal_cortex.o              280
    stm32f4xx_hal_dma.o               1 056
    stm32f4xx_hal_flash.o               504                32
    stm32f4xx_hal_flash_ex.o            344
    stm32f4xx_hal_gpio.o                744
    stm32f4xx_hal_i2c.o               2 018
    stm32f4xx_hal_iwdg.o                 80
    stm32f4xx_hal_msp.o                 916
    stm32f4xx_hal_pcd.o               2 208
    stm32f4xx_hal_pcd_ex.o              134
    stm32f4xx_hal_pwr.o                  80
    stm32f4xx_hal_pwr_ex.o              172
    stm32f4xx_hal_rcc.o                 528
    stm32f4xx_hal_rcc_ex.o            1 188
    stm32f4xx_hal_rtc.o               1 578
    stm32f4xx_hal_rtc_ex.o              430
    stm32f4xx_hal_spi.o               1 172
    stm32f4xx_hal_tim.o                 612
    stm32f4xx_hal_tim_ex.o                4
    stm32f4xx_hal_timebase_TIM.o        166                60
    stm32f4xx_hal_uart.o              1 576
    stm32f4xx_it.o                      432
    stm32f4xx_ll_usb.o                2 292
    sys_header.o                         26                         64
    system_command.o                  2 788       24      120
    system_property.o                 2 092       24      116
    system_stm32f4xx.o                   80        2        4
    tasks.o                           3 112               296
    tc358870xbg_driver.o              7 896   18 011       92
    timers.o                            844                56
    usart_drv.o                       1 276       16      640
    usb_device.o                        600               604
    usbd_comp.o                         756      192      861
    usbd_comp_if.o                      216        9       84
    usbd_conf.o                         568               968
    usbd_core.o                         768
    usbd_ctlreq.o                       980                 1
    usbd_desc.o                         356       28      596
    usbd_ioreq.o                         96
    vec.o                               144
    x_nucleo_iks01a1_accelero.o         692               100
    x_nucleo_iks01a1_gyro.o             636               100
    x_nucleo_iks01a1_magneto.o          498                64
    x_nucleo_iks01a1_proximity.o        220                32
    x_pmic.o                          2 216      237      156
    yas_algo.o                          504                92
    yas_drv.o                           312                68
    yas_mag_calib_min.o               4 352               348
    yas_mag_drv-yas537.o              3 752               144
    yas_mag_filter.o                    668               252
    ---------------------------------------------------------------------------
    Total:                          219 770   23 857   64 911       64   65 556

command line: [2]
    ---------------------------------------------------------------------------
    Total:

ak09916_lib.a: [3]
    AKArithOp.o                         194
    AKDOECore.o                       1 576
    AKDecomp.o                        2 516
    AKDirection6D.o                     190
    AKHDOE.o                          2 792
    AKHFlucCheck.o                      148
    AKMDevice.o                         250        8
    AKMathLib.o                         316
    AKVersion.o                          30
    ---------------------------------------------------------------------------
    Total:                            8 012        8

dl7M_tlf.a: [4]
    abort.o                               6
    abs.o                                 8
    atoi.o                                8
    div.o                                14
    dlmalloc.o                        5 376               496
    errno.o                              12        2        4
    exit.o                                4
    isxxx.o                              40
    localeconv.o                        108       75      136
    low_level_init.o                      4
    printf.o                             36
    putchar.o                            12
    rand.o                              224       77      140
    setlocale.o                          36       64      116
    snprintf.o                           68
    sprintf.o                            52
    srand.o                              32
    strcasecmp.o                         70
    strncasecmp.o                        78
    strtoul.o                             4
    tolower.o                            20
    vsnprint.o                           60
    vsprintf.o                           44
    xencoding_sb.o                       96
    xfiles.o                                      35      144
    xgetmemchunk.o                       44                 4
    xlocale_c.o                          54
    xmbcurmax.o                          10
    xmbtowc.o                            32
    xprintffull.o                     4 430
    xprout.o                             22
    xsnprout.o                           26
    xsprout.o                            10
    xstoflt.o                           440
    xstol.o                             136
    xstopfx.o                           308
    xstoul.o                            408
    xstoxflt.o                          536
    xtls.o                                2
    xwctomb.o                            26
    ---------------------------------------------------------------------------
    Total:                           12 896      253    1 040

m7M_tlv.a: [5]
    DblAdd.o                            232
    DblCmpEq.o                           32
    DblCmpGe.o                           46
    DblCmpLe.o                           46
    DblDiv.o                            582
    DblMul.o                            418
    DblSub.o                            384
    DblToFlt.o                          144
    DblToI32.o                           88
    FltToDbl.o                           78
    I32ToDbl.o                           48
    I64ToFlt.o                           98
    acos.o                              288
    asin.o                              304
    atof.o                               16
    copysignf.o                          26
    cos.o                                18
    fmin.o                              104
    fmod.o                              424
    fpinit_M.o                           26
    sin.o                                18
    sqrt.o                              256
    xatan.o                             496
    xdint.o                             126
    xdnorm.o                             66
    xdscale.o                           276
    xdtento.o                           512
    xdtest.o                             64
    xdunscal.o                           86
    xquad.o                             360
    xsin.o                            1 130
    xstod.o                             360
    ---------------------------------------------------------------------------
    Total:                            7 152

rt7M_tl.a: [6]
    ABImemclr.o                           6
    ABImemclr4.o                          6
    ABImemcpy_unaligned.o               118
    ABImemset.o                         102
    ABImemset48.o                        58
    I64DivMod.o                         306
    I64DivZer.o                           2
    cexit.o                              10
    cmain.o                              26
    cstartup_M.o                         12
    data_init.o                          40
    iarEdom.o                            12
    lz77_init.o                         450
    memchr.o                             88
    strchr.o                             22
    strcmp_unaligned.o                   66
    strcpy_unaligned.o                   68
    strlen.o                             54
    strncpy_unaligned.o                 108
    zero_init3.o                         34
    ---------------------------------------------------------------------------
    Total:                            1 588

shb_l.a: [7]
    exit.o                               20
    ---------------------------------------------------------------------------
    Total:                               20

    Gaps                                 84        6        7
    Linker created                                44    9 728
-------------------------------------------------------------------------------
    Grand Total:                    249 522   24 168   75 686       64   65 556


*******************************************************************************
*** ENTRY LIST
***

Entry                      Address     Size  Type      Object
-----                      -------     ----  ----      ------
?main                   0x0808325d           Code  Gb  cmain.o [6]
ACCELERO_Data           0x200218fc     0x18  Data  Lc  x_nucleo_iks01a1_accelero.o [1]
ACCELERO_SensorHandle   0x200218c0     0x3c  Data  Lc  x_nucleo_iks01a1_accelero.o [1]
ACC_Calibate            0x0805a8a7    0x120  Code  Gb  gSensor_Calibate.o [1]
ACC_Calibate_6          0x08059949    0x19e  Code  Gb  gSensor_Calibate.o [1]
ACC_fd_test             0x08059b49    0x424  Code  Gb  gSensor_Calibate.o [1]
ADC_DMAConvCplt         0x080618fd     0x62  Code  Lc  stm32f4xx_hal_adc.o [1]
ADC_DMAError            0x0806196d     0x16  Code  Lc  stm32f4xx_hal_adc.o [1]
ADC_DMAHalfConvCplt     0x08061961      0xa  Code  Lc  stm32f4xx_hal_adc.o [1]
ADC_IRQHandler          0x08082bf7      0x6  Code  Gb  stm32f4xx_it.o [1]
ADC_Init                0x080617f7     0xe8  Code  Lc  stm32f4xx_hal_adc.o [1]
AID_ctrl                0x20012ba8      0x8  Data  Lc  ams361ep01_dsi_vdo.o [1]
AKH_DelayMicro          0x0807fe0d      0xe  Code  Gb  AKH_APIs.o [1]
AKH_DelayMilli          0x0807fe1b      0x4  Code  Gb  AKH_APIs.o [1]
AKH_Disable             0x0807fe65     0x54  Code  Gb  AKH_APIs.o [1]
AKH_Enable              0x0807feb9     0x3e  Code  Gb  AKH_APIs.o [1]
AKH_Init                0x0807fda5     0x1a  Code  Gb  AKH_APIs.o [1]
AKH_LoadParameter       0x0807fe4f     0x16  Code  Gb  AKH_APIs.o [1]
AKH_RxData              0x0807fdf1     0x1c  Code  Gb  AKH_APIs.o [1]
AKH_SaveParameter       0x0807fe1f     0x28  Code  Gb  AKH_APIs.o [1]
AKH_TxData              0x0807fdbf     0x32  Code  Gb  AKH_APIs.o [1]
AKL_GetLibraryInfo      0x0808068b     0x2a  Code  Gb  akl_apis.o [1]
AKL_GetNVdataSize       0x0808046f     0x16  Code  Gb  akl_apis.o [1]
AKL_GetParameterSize    0x08080451     0x1e  Code  Gb  akl_apis.o [1]
AKL_GetVector           0x080805b5     0xd6  Code  Gb  akl_apis.o [1]
AKL_Init                0x08080485     0x3a  Code  Gb  akl_apis.o [1]
AKL_SetVector           0x0808055f     0x4e  Code  Gb  akl_apis.o [1]
AKL_StartMeasurement    0x080804bf     0x5c  Code  Gb  akl_apis.o [1]
AKL_StopMeasurement     0x0808051b     0x44  Code  Gb  akl_apis.o [1]
AKM099XXDrv             0x20012634     0x50  Data  Gb  AKM099XX_MAG_driver_HL.o [1]
AKM099XX_Check_WhoAmI   0x0807f525     0x46  Code  Lc  AKM099XX_MAG_driver_HL.o [1]
AKM099XX_Data           0x20021dc8      0x4  Data  Lc  x_nucleo_iks01a1_magneto.o [1]
AKM099XX_DeInit         0x0807f46d     0x36  Code  Lc  AKM099XX_MAG_driver_HL.o [1]
AKM099XX_Get_Accuracy   0x0807f823      0xa  Code  Lc  AKM099XX_MAG_driver_HL.o [1]
AKM099XX_Get_Axes       0x0807f56b     0x92  Code  Lc  AKM099XX_MAG_driver_HL.o [1]
AKM099XX_Get_AxesRaw    0x0807f605     0x78  Code  Lc  AKM099XX_MAG_driver_HL.o [1]
AKM099XX_Get_ODR        0x0807f685     0x68  Code  Lc  AKM099XX_MAG_driver_HL.o [1]
AKM099XX_Get_Sensitivity
                        0x0807f67d      0x8  Code  Lc  AKM099XX_MAG_driver_HL.o [1]
AKM099XX_Get_User_Calibration
                        0x0807f83b     0x30  Code  Lc  AKM099XX_MAG_driver_HL.o [1]
AKM099XX_Get_WhoAmI     0x0807f50f     0x16  Code  Lc  AKM099XX_MAG_driver_HL.o [1]
AKM099XX_Init           0x0807f3ad     0xc0  Code  Lc  AKM099XX_MAG_driver_HL.o [1]
AKM099XX_Sensor_Disable
                        0x0807f4dd     0x24  Code  Lc  AKM099XX_MAG_driver_HL.o [1]
AKM099XX_Sensor_Enable  0x0807f4af     0x28  Code  Lc  AKM099XX_MAG_driver_HL.o [1]
AKM099XX_Sensor_Selftest
                        0x0807f7fd     0x26  Code  Lc  AKM099XX_MAG_driver_HL.o [1]
AKM099XX_Set_Mode       0x0807f7bd     0x40  Code  Lc  AKM099XX_MAG_driver_HL.o [1]
AKM099XX_Set_ODR        0x0807f6ed     0x40  Code  Lc  AKM099XX_MAG_driver_HL.o [1]
AKM099XX_Set_ODR_Value  0x0807f72d     0x86  Code  Lc  AKM099XX_MAG_driver_HL.o [1]
AKM099XX_Set_User_Calibration
                        0x0807f82d      0xe  Code  Lc  AKM099XX_MAG_driver_HL.o [1]
AKSC_CalcAverage        0x080815c3     0xc4  Code  Gb  AKDecomp.o [3]
AKSC_DecompS3           0x08080fd1    0x31e  Code  Gb  AKDecomp.o [3]
AKSC_GetVersion_DateCode
                        0x08080f4d      0x6  Code  Gb  AKVersion.o [3]
AKSC_GetVersion_Device  0x08080f59      0x6  Code  Gb  AKVersion.o [3]
AKSC_GetVersion_Major   0x08080f41      0x4  Code  Gb  AKVersion.o [3]
AKSC_GetVersion_Minor   0x08080f45      0x4  Code  Gb  AKVersion.o [3]
AKSC_GetVersion_Revision
                        0x08080f49      0x4  Code  Gb  AKVersion.o [3]
AKSC_GetVersion_Variation
                        0x08080f53      0x6  Code  Gb  AKVersion.o [3]
AKSC_HFlucCheck         0x0808199b     0x30  Code  Gb  AKHFlucCheck.o [3]
AKSC_I16MTranspose      0x0807f249     0x48  Code  Gb  AKMathLib.o [3]
AKSC_InitDecomp         0x08080fad     0x1e  Code  Gb  AKDecomp.o [3]
AKSC_InitHFlucCheck     0x08081981     0x1a  Code  Gb  AKHFlucCheck.o [3]
AKSC_SetHDOELevel       0x0807e419     0x8e  Code  Gb  AKHDOE.o [3]
AKSC_SetLayout          0x08081a87     0x4c  Code  Gb  AKDirection6D.o [3]
AKSC_TransByHbase       0x080819cb     0x46  Code  Gb  AKHFlucCheck.o [3]
AKSC_VNorm              0x08081a15     0x72  Code  Gb  AKDirection6D.o [3]
AKSC_abs16              0x0807eb47     0x16  Code  Gb  AKArithOp.o [3]
AKSC_buffer             0x0807e9d9     0x4a  Code  Gb  AKMDevice.o [3]
AKSC_cholDc             0x0807f041     0xa8  Code  Gb  AKDOECore.o [3]
AKSC_cholSl             0x0807f0e9     0xd4  Code  Gb  AKDOECore.o [3]
AKSC_div16              0x0807ead3     0x18  Code  Gb  AKArithOp.o [3]
AKSC_div16f             0x0807eb5d     0x38  Code  Gb  AKArithOp.o [3]
AKSC_fitOnPlane         0x0807ee13    0x210  Code  Gb  AKDOECore.o [3]
AKSC_getCoeff           0x0807eb95    0x27e  Code  Gb  AKDOECore.o [3]
AKSC_invSqrt            0x0807f1ed     0x5c  Code  Gb  AKMathLib.o [3]
AKSC_norm16             0x0807eaeb     0x30  Code  Gb  AKArithOp.o [3]
AKSC_norm32             0x0807eb1b     0x2c  Code  Gb  AKArithOp.o [3]
AKSC_sqrt32             0x0807f1bd     0x30  Code  Gb  AKMathLib.o [3]
AKSC_vectorCalc         0x0807ea23     0xa4  Code  Gb  AKMDevice.o [3]
AKS_ConvertCoordinate   0x08080f7b     0x32  Code  Gb  aks_common.o [1]
AKS_GetData             0x08080347     0x1c  Code  Gb  AKS_APIs.o [1]
AKS_GetDeviceInfo       0x080802df     0x16  Code  Gb  AKS_APIs.o [1]
AKS_GetMode             0x08080375      0xc  Code  Gb  AKS_APIs.o [1]
AKS_GetWhoami           0x08080381      0xa  Code  Gb  AKS_APIs.o [1]
AKS_Init                0x080802b1     0x2e  Code  Gb  AKS_APIs.o [1]
AKS_MyStrcpy            0x08080f5f     0x1c  Code  Gb  aks_common.o [1]
AKS_SelfTest            0x08080363     0x12  Code  Gb  AKS_APIs.o [1]
AKS_Start               0x080802f5     0x2a  Code  Gb  AKS_APIs.o [1]
AKS_Stop                0x0808031f     0x28  Code  Gb  AKS_APIs.o [1]
APBAHBPrescTable        0x08069680     0x10  Data  Gb  stm32f4xx_hal_rcc.o [1]
AddSubBuffer            0x0807e84f     0x32  Code  Lc  AKHDOE.o [3]
BMI160_Check_WhoAmI     0x08066daf     0x2a  Code  Lc  BMI160_ACC_GYRO_Driver_Api.o [1]
BMI160_Combo_Data       0x2002216c      0x8  Data  Gb  BMI160_ACC_GYRO_Driver_Api.o [1]
BMI160_G_0_Data         0x20021978      0x8  Data  Lc  x_nucleo_iks01a1_gyro.o [1]
BMI160_G_Check_WhoAmI   0x08066857      0x2  Code  Lc  BMI160_ACC_GYRO_Driver_Api.o [1]
BMI160_G_DeInit         0x08066777     0x24  Code  Lc  BMI160_ACC_GYRO_Driver_Api.o [1]
BMI160_G_Drv            0x20012840     0x44  Data  Gb  BMI160_ACC_GYRO_Driver_Api.o [1]
BMI160_G_Get_Axes       0x08066859     0xdc  Code  Lc  BMI160_ACC_GYRO_Driver_Api.o [1]
BMI160_G_Get_AxesRaw    0x08066951     0x14  Code  Lc  BMI160_ACC_GYRO_Driver_Api.o [1]
BMI160_G_Get_Axes_Status
                        0x08066d45     0x38  Code  Lc  BMI160_ACC_GYRO_Driver_Api.o [1]
BMI160_G_Get_FS         0x08066c69     0x4a  Code  Lc  BMI160_ACC_GYRO_Driver_Api.o [1]
BMI160_G_Get_ODR        0x080669e9     0x6a  Code  Lc  BMI160_ACC_GYRO_Driver_Api.o [1]
BMI160_G_Get_Sensitivity
                        0x08066995     0x4c  Code  Lc  BMI160_ACC_GYRO_Driver_Api.o [1]
BMI160_G_Get_WhoAmI     0x08066855      0x2  Code  Lc  BMI160_ACC_GYRO_Driver_Api.o [1]
BMI160_G_Init           0x0806672d     0x3c  Code  Lc  BMI160_ACC_GYRO_Driver_Api.o [1]
BMI160_G_Sensor_Disable
                        0x0806680f     0x2e  Code  Lc  BMI160_ACC_GYRO_Driver_Api.o [1]
BMI160_G_Sensor_Enable  0x080667b9     0x56  Code  Lc  BMI160_ACC_GYRO_Driver_Api.o [1]
BMI160_G_Set_Axes_Status
                        0x08066d83     0x12  Code  Lc  BMI160_ACC_GYRO_Driver_Api.o [1]
BMI160_G_Set_FS         0x08066cc1     0x22  Code  Lc  BMI160_ACC_GYRO_Driver_Api.o [1]
BMI160_G_Set_FS_Value   0x08066ce5     0x40  Code  Lc  BMI160_ACC_GYRO_Driver_Api.o [1]
BMI160_G_Set_ODR        0x08066a59     0x7c  Code  Lc  BMI160_ACC_GYRO_Driver_Api.o [1]
BMI160_G_Set_ODR_Value  0x08066ae5    0x16a  Code  Lc  BMI160_ACC_GYRO_Driver_Api.o [1]
BMI160_G_Set_ODR_Value_When_Enabled
                        0x08066e8d     0x8a  Code  Lc  BMI160_ACC_GYRO_Driver_Api.o [1]
BMI160_Get_WhoAmI       0x08066da3      0xc  Code  Lc  BMI160_ACC_GYRO_Driver_Api.o [1]
BMI160_INIT_SENSOR_API  0x08066f41     0xac  Code  Gb  BMI160_ACC_GYRO_Driver_Api.o [1]
BMI160_X_0_Data         0x20021914      0x8  Data  Lc  x_nucleo_iks01a1_accelero.o [1]
BMI160_X_Check_WhoAmI   0x080661e1      0x4  Code  Lc  BMI160_ACC_GYRO_Driver_Api.o [1]
BMI160_X_DeInit         0x0806612f     0x20  Code  Lc  BMI160_ACC_GYRO_Driver_Api.o [1]
BMI160_X_Drv            0x200127b0     0x48  Data  Gb  BMI160_ACC_GYRO_Driver_Api.o [1]
BMI160_X_Get_Axes       0x080661e5    0x1b0  Code  Lc  BMI160_ACC_GYRO_Driver_Api.o [1]
BMI160_X_Get_AxesRaw    0x0806639d     0x16  Code  Lc  BMI160_ACC_GYRO_Driver_Api.o [1]
BMI160_X_Get_Axes_Status
                        0x080666db     0x3c  Code  Lc  BMI160_ACC_GYRO_Driver_Api.o [1]
BMI160_X_Get_FS         0x08066611     0x46  Code  Lc  BMI160_ACC_GYRO_Driver_Api.o [1]
BMI160_X_Get_ODR        0x08066409     0x98  Code  Lc  BMI160_ACC_GYRO_Driver_Api.o [1]
BMI160_X_Get_Sensitivity
                        0x080663bd     0x46  Code  Lc  BMI160_ACC_GYRO_Driver_Api.o [1]
BMI160_X_Get_WhoAmI     0x080661dd      0x4  Code  Lc  BMI160_ACC_GYRO_Driver_Api.o [1]
BMI160_X_Init           0x080660f1     0x3e  Code  Lc  BMI160_ACC_GYRO_Driver_Api.o [1]
BMI160_X_Sensor_Disable
                        0x080661a3     0x3a  Code  Lc  BMI160_ACC_GYRO_Driver_Api.o [1]
BMI160_X_Sensor_Enable  0x0806614f     0x54  Code  Lc  BMI160_ACC_GYRO_Driver_Api.o [1]
BMI160_X_Set_Axes_Status
                        0x08066717     0x10  Code  Lc  BMI160_ACC_GYRO_Driver_Api.o [1]
BMI160_X_Set_FS         0x08066685     0x22  Code  Lc  BMI160_ACC_GYRO_Driver_Api.o [1]
BMI160_X_Set_FS_Value   0x080666a9     0x32  Code  Lc  BMI160_ACC_GYRO_Driver_Api.o [1]
BMI160_X_Set_Mode       0x08067285     0x9e  Code  Lc  BMI160_ACC_GYRO_Driver_Api.o [1]
BMI160_X_Set_ODR        0x080664a1     0x64  Code  Lc  BMI160_ACC_GYRO_Driver_Api.o [1]
BMI160_X_Set_ODR_Value  0x08066509     0xfc  Code  Lc  BMI160_ACC_GYRO_Driver_Api.o [1]
BMI160_X_Set_ODR_Value_When_Enabled
                        0x08066dd9     0xa0  Code  Lc  BMI160_ACC_GYRO_Driver_Api.o [1]
BQ25896_Drv             0x200129f8     0x30  Data  Gb  bq2589x_charger.o [1]
BSP_ACCELERO_Get_Axes   0x0806518b     0x20  Code  Gb  x_nucleo_iks01a1_accelero.o [1]
BSP_ACCELERO_Get_AxesRaw
                        0x080651ab     0x20  Code  Gb  x_nucleo_iks01a1_accelero.o [1]
BSP_ACCELERO_Init       0x08064f81     0x84  Code  Gb  x_nucleo_iks01a1_accelero.o [1]
BSP_ACCELERO_Sensor_Enable
                        0x08065171     0x1a  Code  Gb  x_nucleo_iks01a1_accelero.o [1]
BSP_ACCELERO_Set_ODR    0x080651cb     0x1a  Code  Gb  x_nucleo_iks01a1_accelero.o [1]
BSP_AKM099XX_MAGNETO_Init
                        0x0804f43f     0x56  Code  Lc  x_nucleo_iks01a1_magneto.o [1]
BSP_BMI160_ACCELERO_Init
                        0x080650d7     0x80  Code  Lc  x_nucleo_iks01a1_accelero.o [1]
BSP_BMI160_GYRO_Init    0x08064e09     0x80  Code  Lc  x_nucleo_iks01a1_gyro.o [1]
BSP_EPL88051_PROXIMITY_Init
                        0x080659fd     0x5a  Code  Lc  x_nucleo_iks01a1_proximity.o [1]
BSP_GYRO_Get_Axes       0x08064eb7     0x20  Code  Gb  x_nucleo_iks01a1_gyro.o [1]
BSP_GYRO_Get_AxesRaw    0x08064ed7     0x20  Code  Gb  x_nucleo_iks01a1_gyro.o [1]
BSP_GYRO_Get_Sensitivity
                        0x08064ef7     0x20  Code  Gb  x_nucleo_iks01a1_gyro.o [1]
BSP_GYRO_Init           0x08064d05     0x84  Code  Gb  x_nucleo_iks01a1_gyro.o [1]
BSP_GYRO_Sensor_Enable  0x08064e9d     0x1a  Code  Gb  x_nucleo_iks01a1_gyro.o [1]
BSP_GYRO_Set_ODR        0x08064f17     0x1a  Code  Gb  x_nucleo_iks01a1_gyro.o [1]
BSP_LSM6DSM_ACCELERO_Init
                        0x08065005     0xc2  Code  Lc  x_nucleo_iks01a1_accelero.o [1]
BSP_LSM6DSM_GYRO_Init   0x08064d89     0x80  Code  Lc  x_nucleo_iks01a1_gyro.o [1]
BSP_MAGNETO_Get_Accuracy
                        0x0804f5a5     0x1a  Code  Gb  x_nucleo_iks01a1_magneto.o [1]
BSP_MAGNETO_Get_Axes    0x0804f551     0x20  Code  Gb  x_nucleo_iks01a1_magneto.o [1]
BSP_MAGNETO_Get_User_Calibration
                        0x0804f5d9     0x1a  Code  Gb  x_nucleo_iks01a1_magneto.o [1]
BSP_MAGNETO_Get_WhoAmI  0x0804f531     0x20  Code  Gb  x_nucleo_iks01a1_magneto.o [1]
BSP_MAGNETO_Init        0x0804f401     0x3e  Code  Gb  x_nucleo_iks01a1_magneto.o [1]
BSP_MAGNETO_Sensor_Enable
                        0x0804f517     0x1a  Code  Gb  x_nucleo_iks01a1_magneto.o [1]
BSP_MAGNETO_Sensor_Selftest
                        0x0804f58b     0x1a  Code  Gb  x_nucleo_iks01a1_magneto.o [1]
BSP_MAGNETO_Set_ODR     0x0804f571     0x1a  Code  Gb  x_nucleo_iks01a1_magneto.o [1]
BSP_MAGNETO_Set_User_Calibration
                        0x0804f5bf     0x1a  Code  Gb  x_nucleo_iks01a1_magneto.o [1]
BSP_PROXIMITY_Get_Proximity
                        0x08065a95     0x20  Code  Gb  x_nucleo_iks01a1_proximity.o [1]
BSP_PROXIMITY_Init      0x080659d9     0x24  Code  Gb  x_nucleo_iks01a1_proximity.o [1]
BSP_PROXIMITY_Sensor_Disable
                        0x08065a7b     0x1a  Code  Gb  x_nucleo_iks01a1_proximity.o [1]
BSP_PROXIMITY_Sensor_Enable
                        0x08065a61     0x1a  Code  Gb  x_nucleo_iks01a1_proximity.o [1]
BSP_YAS537_MAGNETO_Init
                        0x0804f495     0x66  Code  Lc  x_nucleo_iks01a1_magneto.o [1]
Bmi160PmNotifyData      0x20021fe8     0x1c  Data  Lc  BMI160_ACC_GYRO_Driver_Api.o [1]
BusFault_Handler        0x08082bd9      0x6  Code  Gb  stm32f4xx_it.o [1]
ButtonMsgQueueHandle    0x20021e68      0x4  Data  Lc  key_drv.o [1]
CAL_G_0_handle          0x2002219c      0x4  Data  Gb  gSensor_Calibate.o [1]
CAL_X_0_handle          0x20022198      0x4  Data  Gb  gSensor_Calibate.o [1]
COMP_CDC_Control_FS     0x080605c7      0x4  Code  Lc  usbd_comp_if.o [1]
COMP_CDC_DeInit_FS      0x080605c3      0x4  Code  Lc  usbd_comp_if.o [1]
COMP_CDC_Init_FS        0x080605b1     0x12  Code  Lc  usbd_comp_if.o [1]
COMP_CDC_Receive_FS     0x080605cb     0x2c  Code  Lc  usbd_comp_if.o [1]
COMP_CDC_Transmit_FS    0x08060613     0x2c  Code  Gb  usbd_comp_if.o [1]
COMP_CDC_Transmit_STATE
                        0x080605f7     0x1c  Code  Gb  usbd_comp_if.o [1]
COMP_VendorSpec_Transmit
                        0x0806063f     0x40  Code  Gb  usbd_comp_if.o [1]
CSTACK$$Base            0x200221c0           Data  Gb  - Linker created -
CSTACK$$Limit           0x200235c0           Data  Gb  - Linker created -
Cal_initializeAccSensor
[...]
start_video_tx          0x08054089     0x54  Code  Lc  tc358870xbg_driver.o [1]
start_yas537            0x0807b23f     0x22  Code  Lc  yas_mag_drv-yas537.o [1]
static_matrix           0x20012a40     0x14  Data  Gb  YAS537_MAG_driver_HL.o [1]
stopTracking            0x080688f7     0x12  Code  Gb  HeadTracker.o [1]
stop_and_save           0x08080105     0x40  Code  Gb  akl_lib_func.o [1]
strcasecmp              0x080709c9     0x46  Code  Gb  strcasecmp.o [4]
strchr                  0x080696b1           Code  Gb  strchr.o [6]
stress_reboot_timer_callback
                        0x0806c40f     0x1e  Code  Lc  PowerManager_command.o [1]
string_copy             0x08080049     0x1c  Code  Lc  akl_lib_func.o [1]
strlen                  0x080489e9           Code  Gb  strlen.o [6]
strncasecmp             0x080472dd     0x4e  Code  Gb  strncasecmp.o [4]
strtoul                 0x0804e201      0x4  Code  Gb  strtoul.o [4]
sync_event_handle       0x0805419f    0x120  Code  Lc  tc358870xbg_driver.o [1]
sys_alloc               0x080566cf    0x38c  Code  Lc  dlmalloc.o [4]
sys_audio_cmd           0x0806b86b     0x8c  Code  Lc  system_command.o [1]
sys_cmd_pm_notify_func  0x0806bdc7     0x32  Code  Gb  system_command.o [1]
sys_cmd_set             0x0806c2f8     0x40  Data  Gb  system_command.o [1]
sys_display_cmd         0x0806b8f7     0x58  Code  Lc  system_command.o [1]
sys_ecompass_cmd        0x0806b94f    0x100  Code  Lc  system_command.o [1]
sys_led_cmd             0x0806ba57     0xe0  Code  Lc  system_command.o [1]
sys_log_cmd             0x0806bb4d     0x4e  Code  Lc  system_command.o [1]
sys_power_cmd           0x0806bb9b     0x62  Code  Lc  system_command.o [1]
sys_prop_pm_notify_func
                        0x0806b56d     0x32  Code  Gb  system_property.o [1]
sys_sensor_fusion_cmd   0x0806b855     0x16  Code  Lc  system_command.o [1]
sys_system_cmd          0x0806bc01     0x1e  Code  Lc  system_command.o [1]
system_command          0x0806bcb3     0x6c  Code  Gb  system_command.o [1]
system_command_init     0x0806be01     0xa0  Code  Gb  system_command.o [1]
system_property         0x0806b457     0x6c  Code  Gb  system_property.o [1]
system_property_get     0x0806b029    0x3e6  Code  Lc  system_property.o [1]
system_property_init    0x0806b5a7     0x96  Code  Gb  system_property.o [1]
t_infoI2C               0x20021e78     0x28  Data  Lc  rtos_i2c_drv.o [1]
tag_names               0x20012374     0x74  Data  Lc  hlog_main.o [1]
take_write_mutex        0x0804a04d     0x18  Code  Gb  misc_data.o [1]
tc358870_i2c_read16     0x08053295     0x42  Code  Lc  tc358870xbg_driver.o [1]
tc358870_i2c_read32     0x08053335     0x42  Code  Lc  tc358870xbg_driver.o [1]
tc358870_i2c_read8      0x080531f5     0x2c  Code  Lc  tc358870xbg_driver.o [1]
tc358870_i2c_write16    0x08053235     0x2e  Code  Lc  tc358870xbg_driver.o [1]
tc358870_i2c_write32    0x080532ed     0x30  Code  Lc  tc358870xbg_driver.o [1]
tc358870_i2c_write8     0x080531b9     0x26  Code  Lc  tc358870xbg_driver.o [1]
test_gyro               0x08058605     0xf4  Code  Gb  gSensor_Calibate.o [1]
tmalloc_large           0x08056a69    0x39a  Code  Lc  dlmalloc.o [4]
tmalloc_small           0x08056e03    0x210  Code  Lc  dlmalloc.o [4]
tmpfunc2                0x0807e123     0x12  Code  Lc  AKHDOE.o [3]
tolower                 0x0805cd31     0x14  Code  Gb  tolower.o [4]
tracking_on             0x200221b9      0x1  Data  Gb  HeadTracker.o [1]
twom100                 0x20012bbc      0x4  Data  Lc  mymath.o [1]
ucHeap                  0x20012bec   0xc000  Data  Lc  heap_4.o [1]
ucMaxSysCallPriority    0x20012b88      0x1  Data  Lc  port.o [1]
ulMaxPRIGROUPValue      0x20012b90      0x4  Data  Lc  port.o [1]
updateCovariancesAfterMotion
                        0x0806fcf7     0x36  Code  Lc  OrientationEKF.o [1]
updateDt                0x080679cd     0x94  Code  Lc  fusion.o [1]
update_gamma_setting    0x0805549d     0x16  Code  Lc  ams361ep01_dsi_vdo.o [1]
update_intrvlr          0x0807b40f     0x4a  Code  Lc  yas_mag_drv-yas537.o [1]
update_vendor_desctiptor_string
                        0x08072d45     0x3c  Code  Gb  usbd_desc.o [1]
usb_cdc_execute_command
                        0x08048aaf     0x3c  Code  Lc  htc_usb_cdc_data_service.o [1]
usb_cdc_handle_command  0x08048b8f    0x146  Code  Lc  htc_usb_cdc_data_service.o [1]
usb_cdc_handle_resp_string
                        0x08048aeb     0xa4  Code  Lc  htc_usb_cdc_data_service.o [1]
usb_cdc_printf          0x08048a71     0x36  Code  Gb  htc_usb_cdc_data_service.o [1]
usb_cdc_receive_data    0x08048d13     0x5c  Code  Gb  htc_usb_cdc_data_service.o [1]
usb_cdc_service_func    0x08048cf3     0x20  Code  Gb  htc_usb_cdc_data_service.o [1]
usb_cdc_service_init    0x08048eb1     0xa0  Code  Gb  htc_usb_cdc_data_service.o [1]
usb_cdc_transmit_data   0x08048a21     0x50  Code  Gb  htc_usb_cdc_data_service.o [1]
usb_device_pm_notify_func
                        0x0806ad9d     0x36  Code  Gb  usb_device.o [1]
usb_hub_oac_det_irq     0x0805bd7b     0x2e  Code  Gb  periph_multiple_drv.o [1]
usb_hub_reset           0x0805bd29     0x52  Code  Gb  periph_multiple_drv.o [1]
usb_shell_data_handler  0x08048d6f     0x5a  Code  Gb  htc_usb_cdc_data_service.o [1]
uwTick                  0x200221ac      0x4  Data  Gb  stm32f4xx_hal.o [1]
uxCriticalNesting       0x20012b8c      0x4  Data  Lc  port.o [1]
uxCurrentNumberOfTasks  0x2002139c      0x4  Data  Lc  tasks.o [1]
uxListRemove            0x08064ac3     0x24  Code  Gb  list.o [1]
uxPendedTicks           0x200213ac      0x4  Data  Lc  tasks.o [1]
uxSchedulerSuspended    0x200213c0      0x4  Data  Lc  tasks.o [1]
uxTaskNumber            0x200213b8      0x4  Data  Lc  tasks.o [1]
uxTasksDeleted          0x20021384      0x4  Data  Lc  tasks.o [1]
uxTopReadyPriority      0x200213a4      0x4  Data  Lc  tasks.o [1]
v7m_exp_handler         0x08082b5d     0x64  Code  Gb  stm32f4xx_it.o [1]
vListInitialise         0x08064a59     0x1a  Code  Gb  list.o [1]
vListInitialiseItem     0x08064a73      0x6  Code  Gb  list.o [1]
vListInsert             0x08064a91     0x32  Code  Gb  list.o [1]
vListInsertEnd          0x08064a79     0x18  Code  Gb  list.o [1]
vPortEnableVFP          0x0806de71           Code  Gb  portasm.o [1]
vPortEnterCritical      0x08064955     0x32  Code  Gb  port.o [1]
vPortExitCritical       0x08064987     0x24  Code  Gb  port.o [1]
vPortFree               0x08064c09     0x44  Code  Gb  heap_4.o [1]
vPortSetupTimerInterrupt
                        0x080649d1     0x18  Code  Wk  port.o [1]
vPortStartFirstTask     0x0806de59           Code  Gb  portasm.o [1]
vPortValidateInterruptPriority
                        0x080649e9     0x42  Code  Gb  port.o [1]
vPort_get_malloc_size   0x08064c5b     0x1e  Code  Gb  heap_4.o [1]
vQueueAddToRegistry     0x0805832d     0x20  Code  Gb  queue.o [1]
vQueueDelete            0x080581fd     0x1e  Code  Gb  queue.o [1]
vQueueUnregisterQueue   0x0805834d     0x1e  Code  Gb  queue.o [1]
vQueueWaitForMessageRestricted
                        0x08058375     0x40  Code  Gb  queue.o [1]
vTaskDelay              0x0805f63b     0x3e  Code  Gb  tasks.o [1]
vTaskDelayUntil         0x0805f5d3     0x68  Code  Gb  tasks.o [1]
vTaskMissedYield        0x0805fbdb      0x8  Code  Gb  tasks.o [1]
vTaskPlaceOnEventList   0x0805fa61     0x28  Code  Gb  tasks.o [1]
vTaskPlaceOnEventListRestricted
                        0x0805fabd     0x42  Code  Gb  tasks.o [1]
vTaskPriorityInherit    0x0805fd2b     0x70  Code  Gb  tasks.o [1]
vTaskResume             0x0805f783     0x4a  Code  Gb  tasks.o [1]
vTaskSetTimeOutState    0x0805fb65     0x20  Code  Gb  tasks.o [1]
vTaskStartScheduler     0x0805f837     0x62  Code  Gb  tasks.o [1]
vTaskSuspend            0x0805f6ab     0x50  Code  Gb  tasks.o [1]
vTaskSuspendAll         0x0805f899      0xc  Code  Gb  tasks.o [1]
vTaskSwitchContext      0x0805fa0f     0x52  Code  Gb  tasks.o [1]
vTask_get_current_taskinfo
                        0x0805f693     0x18  Code  Gb  tasks.o [1]
vec3Add                 0x08067759     0x2e  Code  Lc  fusion.o [1]
vec3Cross               0x08067847     0x52  Code  Lc  fusion.o [1]
vec3Dot                 0x080677db     0x26  Code  Lc  fusion.o [1]
vec3Norm                0x08067805      0xc  Code  Lc  fusion.o [1]
vec3NormSquared         0x08067801      0x4  Code  Lc  fusion.o [1]
vec3Normalize           0x08067811     0x36  Code  Lc  fusion.o [1]
vec3ScalarMul           0x080677b9     0x22  Code  Lc  fusion.o [1]
vec3Sub                 0x08067787     0x2c  Code  Lc  fusion.o [1]
vector0                 0x0807b1bc      0xc  Data  Lc  yas_mag_calib_min.o [1]
vendor_data_str         0x20020584     0x20  Data  Lc  usbd_desc.o [1]
version_string          0x08040fc0     0x10  Data  Gb  sys_header.o [1]
vsnprintf               0x080600d1     0x3c  Code  Gb  vsnprint.o [4]
vsprintf                0x080825b5     0x2c  Code  Gb  vsprintf.o [4]
wait_150ms              0x08082fe4      0x4  Data  Lc  ams361ep01_dsi_vdo.o [1]
wait_30ms               0x08083024      0x4  Data  Lc  ams361ep01_dsi_vdo.o [1]
wait_40ms               0x08083020      0x4  Data  Lc  ams361ep01_dsi_vdo.o [1]
wait_50ms               0x08083018      0x4  Data  Lc  ams361ep01_dsi_vdo.o [1]
wait_5ms                0x08083010      0x4  Data  Lc  ams361ep01_dsi_vdo.o [1]
wait_dcs_queue          0x080533c7     0x7c  Code  Lc  tc358870xbg_driver.o [1]
wakeup_source           0x200220fc      0x4  Data  Gb  PowerManager_power.o [1]
watchdog_init           0x0806019f     0x20  Code  Gb  main.o [1]
watchdog_refresh        0x080601bf      0xe  Code  Gb  main.o [1]
watchdog_task           0x0806016d     0x32  Code  Lc  main.o [1]
watchdog_th             0x200221a0      0x4  Data  Gb  main.o [1]
whiteSpace              0x0804653c      0x8  Data  Gb  command.o [1]
write_args              0x08055395     0x4c  Code  Lc  ams361ep01_dsi_vdo.o [1]
write_gamma_setting     0x0805571c     0x20  Data  Lc  ams361ep01_dsi_vdo.o [1]
write_h2d_reg_item      0x0805486d     0x52  Code  Lc  tc358870xbg_driver.o [1]
xActiveTimerList1       0x20021e1c     0x14  Data  Lc  timers.o [1]
xActiveTimerList2       0x20021e30     0x14  Data  Lc  timers.o [1]
xBlockAllocatedBit      0x20012be8      0x4  Data  Lc  heap_4.o [1]
xDelayedTaskList1       0x200213c4     0x14  Data  Lc  tasks.o [1]
xDelayedTaskList2       0x200213d8     0x14  Data  Lc  tasks.o [1]
xFreeBytesRemaining     0x20012be0      0x4  Data  Lc  heap_4.o [1]
xMinimumEverFreeBytesRemaining
                        0x20012be4      0x4  Data  Lc  heap_4.o [1]
xNextTaskUnblockTime    0x200213bc      0x4  Data  Lc  tasks.o [1]
xNumOfOverflows         0x200213b4      0x4  Data  Lc  tasks.o [1]
xPendingReadyList       0x20021350     0x14  Data  Lc  tasks.o [1]
xPortStartScheduler     0x080648bd     0x84  Code  Gb  port.o [1]
xPortSysTickHandler     0x080649ab     0x26  Code  Gb  port.o [1]
xProximityTaskWoken     0x20022114      0x4  Data  Gb  proximity_task.o [1]
xQueueCreateMutex       0x08057d8b     0x52  Code  Gb  queue.o [1]
xQueueGenericCreate     0x08057d2f     0x5c  Code  Gb  queue.o [1]
xQueueGenericReceive    0x08058033    0x128  Code  Gb  queue.o [1]
xQueueGenericReset      0x08057cb9     0x76  Code  Gb  queue.o [1]
xQueueGenericSend       0x08057ddd    0x12c  Code  Gb  queue.o [1]
xQueueGenericSendFromISR
                        0x08057f09     0x9c  Code  Gb  queue.o [1]
xQueueGiveFromISR       0x08057fa5     0x86  Code  Gb  queue.o [1]
xQueueIsQueueFullFromISR
                        0x0805830b     0x22  Code  Gb  queue.o [1]
xQueueReceiveFromISR    0x08058179     0x74  Code  Gb  queue.o [1]
xQueueRegistry          0x20021d50     0x40  Data  Gb  queue.o [1]
xSchedulerRunning       0x200213a8      0x4  Data  Lc  tasks.o [1]
xSensorTaskWoken        0x200220d8      0x4  Data  Gb  sensor_task.o [1]
xSpi2SemaphoreMutex     0x20012bb4      0x4  Data  Lc  BMI160_ACC_GYRO_Driver_HL.o [1]
xStart                  0x20012bd4      0x8  Data  Lc  heap_4.o [1]
xSuspendedTaskList      0x20021388     0x14  Data  Lc  tasks.o [1]
xTaskCheckForTimeOut    0x0805fb85     0x4e  Code  Gb  tasks.o [1]
xTaskGenericCreate      0x0805f4a9    0x12a  Code  Gb  tasks.o [1]
xTaskGenericNotify      0x0805ff1b     0xaa  Code  Gb  tasks.o [1]
xTaskGenericNotifyFromISR
                        0x0805ffe7     0xca  Code  Gb  tasks.o [1]
xTaskGetSchedulerState  0x0805fd15     0x16  Code  Gb  tasks.o [1]
xTaskGetTickCount       0x0805f937      0x8  Code  Gb  tasks.o [1]
xTaskGetTickCountFromISR
                        0x0805f93f      0xe  Code  Gb  tasks.o [1]
xTaskIncrementTick      0x0805f94d     0xb8  Code  Gb  tasks.o [1]
xTaskNotifyWait         0x0805fe65     0x98  Code  Gb  tasks.o [1]
xTaskPriorityDisinherit
                        0x0805fd9b     0x7a  Code  Gb  tasks.o [1]
xTaskRemoveFromEventList
                        0x0805faff     0x58  Code  Gb  tasks.o [1]
xTaskResumeAll          0x0805f8a5     0x92  Code  Gb  tasks.o [1]
xTaskResumeFromISR      0x0805f7cd     0x6a  Code  Gb  tasks.o [1]
xTasksWaitingTermination
                        0x20021364     0x14  Data  Lc  tasks.o [1]
xTickCount              0x200213a0      0x4  Data  Lc  tasks.o [1]
xTimerCreate            0x080610c9     0x3c  Code  Gb  timers.o [1]
xTimerCreateTimerTask   0x08061091     0x38  Code  Gb  timers.o [1]
xTimerGenericCommand    0x08061105     0x50  Code  Gb  timers.o [1]
xTimerQueue             0x20021e14      0x4  Data  Lc  timers.o [1]
xYieldPending           0x200213b0      0x4  Data  Lc  tasks.o [1]
xdown_x                 0x20021c08      0x4  Data  Gb  gSensor_Calibate.o [1]
xdown_y                 0x20021c0c      0x4  Data  Gb  gSensor_Calibate.o [1]
xdown_z                 0x20021c10      0x4  Data  Gb  gSensor_Calibate.o [1]
xup_x                   0x20021bfc      0x4  Data  Gb  gSensor_Calibate.o [1]
xup_y                   0x20021c00      0x4  Data  Gb  gSensor_Calibate.o [1]
xup_z                   0x20021c04      0x4  Data  Gb  gSensor_Calibate.o [1]
xy1y2_to_xyz            0x0807b80d     0x32  Code  Lc  yas_mag_drv-yas537.o [1]
yas_adap_filter_init    0x0807d125     0x28  Code  Lc  yas_mag_filter.o [1]
yas_adap_filter_update  0x0807d085     0xa0  Code  Lc  yas_mag_filter.o [1]
yas_algo_init           0x0807d013     0x50  Code  Gb  yas_algo.o [1]
yas_algo_set_calib_enable
                        0x0807cec1     0x28  Code  Gb  yas_algo.o [1]
yas_algo_set_filter_enable
                        0x0807ceef     0x3e  Code  Gb  yas_algo.o [1]
yas_algo_set_state      0x0807ce8d     0x34  Code  Gb  yas_algo.o [1]
yas_algo_term           0x0807d063     0x1c  Code  Gb  yas_algo.o [1]
yas_algo_update         0x0807cf33     0xe0  Code  Gb  yas_algo.o [1]
yas_cdrv_sensitivity_measuremnet
                        0x0807b83f     0xf0  Code  Lc  yas_mag_drv-yas537.o [1]
yas_device_close        0x0807c0a1      0x4  Code  Lc  YAS537_MAG_driver_HL.o [1]
yas_device_current_time
                        0x0807c103      0x4  Code  Lc  YAS537_MAG_driver_HL.o [1]
yas_device_open         0x0807c09d      0x4  Code  Lc  YAS537_MAG_driver_HL.o [1]
yas_device_read         0x0807c0c5     0x20  Code  Lc  YAS537_MAG_driver_HL.o [1]
yas_device_usleep       0x0807c107      0xe  Code  Lc  YAS537_MAG_driver_HL.o [1]
yas_device_write        0x0807c0a5     0x20  Code  Lc  YAS537_MAG_driver_HL.o [1]
yas_driver_ext          0x0807ce05     0x22  Code  Gb  yas_drv.o [1]
yas_driver_get_delay    0x0807cd73     0x12  Code  Gb  yas_drv.o [1]
yas_driver_init         0x0807ce27     0x54  Code  Gb  yas_drv.o [1]
yas_driver_measure      0x0807cdd3     0x32  Code  Gb  yas_drv.o [1]
yas_driver_set_delay    0x0807cd91     0x1e  Code  Gb  yas_drv.o [1]
yas_driver_set_enable   0x0807cd55     0x1e  Code  Gb  yas_drv.o [1]
yas_driver_set_position
                        0x0807cdb5     0x1e  Code  Gb  yas_drv.o [1]
yas_ext                 0x0807bc7d    0x21e  Code  Lc  yas_mag_drv-yas537.o [1]
yas_get_config          0x0807b08b     0x1c  Code  Lc  yas_mag_calib_min.o [1]
yas_get_config          0x0807d1cb     0x24  Code  Lc  yas_mag_filter.o [1]
yas_get_delay           0x0807bb91      0xe  Code  Lc  yas_mag_drv-yas537.o [1]
yas_get_enable          0x0807bbd3      0xe  Code  Lc  yas_mag_drv-yas537.o [1]
yas_get_offset          0x0807ae85     0x2a  Code  Lc  yas_mag_calib_min.o [1]
yas_get_position        0x0807b93b      0xe  Code  Lc  yas_mag_drv-yas537.o [1]
yas_get_result          0x0807b109     0x1c  Code  Lc  yas_mag_calib_min.o [1]
yas_init                0x0807affb     0x7c  Code  Lc  yas_mag_calib_min.o [1]
yas_init                0x0807bea1     0xd8  Code  Lc  yas_mag_drv-yas537.o [1]
yas_init                0x0807d23f     0x4e  Code  Lc  yas_mag_filter.o [1]
yas_mag_calib_init      0x0807b161     0x34  Code  Gb  yas_mag_calib_min.o [1]
yas_mag_driver_init     0x0807bf97     0x64  Code  Gb  yas_mag_drv-yas537.o [1]
yas_mag_filter_init     0x0807d2d9     0x2a  Code  Gb  yas_mag_filter.o [1]
yas_measure             0x0807b97b    0x20c  Code  Lc  yas_mag_drv-yas537.o [1]
yas_measure_wrap        0x0807bb87      0xa  Code  Lc  yas_mag_drv-yas537.o [1]
yas_nv_data             0x20012a28     0x14  Data  Lc  YAS537_MAG_driver_HL.o [1]
yas_open                0x0807b1f5     0x1e  Code  Lc  yas_mag_drv-yas537.o [1]
yas_reset               0x0807b131     0x30  Code  Lc  yas_mag_calib_min.o [1]
yas_reset               0x0807d2ab     0x2e  Code  Lc  yas_mag_filter.o [1]
yas_set_config          0x0807b0a7     0x62  Code  Lc  yas_mag_calib_min.o [1]
yas_set_config          0x0807d1ef     0x50  Code  Lc  yas_mag_filter.o [1]
yas_set_delay           0x0807bb9f     0x34  Code  Lc  yas_mag_drv-yas537.o [1]
yas_set_enable          0x0807bc77      0x4  Code  Lc  yas_mag_drv-yas537.o [1]
yas_set_enable_wrap     0x0807bbe1     0x86  Code  Lc  yas_mag_drv-yas537.o [1]
yas_set_offset          0x0807aeaf     0x44  Code  Lc  yas_mag_calib_min.o [1]
yas_set_position        0x0807b949     0x2c  Code  Lc  yas_mag_drv-yas537.o [1]
yas_single_write        0x0807b21b     0x14  Code  Lc  yas_mag_drv-yas537.o [1]
yas_term                0x0807b077     0x14  Code  Lc  yas_mag_calib_min.o [1]
yas_term                0x0807bf79     0x14  Code  Lc  yas_mag_drv-yas537.o [1]
yas_term                0x0807d293     0x18  Code  Lc  yas_mag_filter.o [1]
yas_thresh_filter_init  0x0807d14d      0xa  Code  Lc  yas_mag_filter.o [1]
yas_update              0x0807af05     0xe4  Code  Lc  yas_mag_calib_min.o [1]
yas_update              0x0807d157     0x74  Code  Lc  yas_mag_filter.o [1]
ydown_x                 0x20021c20      0x4  Data  Gb  gSensor_Calibate.o [1]
ydown_y                 0x20021c24      0x4  Data  Gb  gSensor_Calibate.o [1]
ydown_z                 0x20021c28      0x4  Data  Gb  gSensor_Calibate.o [1]
yup_x                   0x20021c14      0x4  Data  Gb  gSensor_Calibate.o [1]
yup_y                   0x20021c18      0x4  Data  Gb  gSensor_Calibate.o [1]
yup_z                   0x20021c1c      0x4  Data  Gb  gSensor_Calibate.o [1]
zdown_x                 0x20021c38      0x4  Data  Gb  gSensor_Calibate.o [1]
zdown_y                 0x20021c3c      0x4  Data  Gb  gSensor_Calibate.o [1]
zdown_z                 0x20021c40      0x4  Data  Gb  gSensor_Calibate.o [1]
zup_x                   0x20021c2c      0x4  Data  Gb  gSensor_Calibate.o [1]
zup_y                   0x20021c30      0x4  Data  Gb  gSensor_Calibate.o [1]
zup_z                   0x20021c34      0x4  Data  Gb  gSensor_Calibate.o [1]
zzAKSC_HDOEProcessS3    0x0807e15f    0x2b2  Code  Gb  AKHDOE.o [3]
zzAKSC_InitHDOEProcPrmsS3
                        0x0807e135     0x2a  Code  Gb  AKHDOE.o [3]


[1] = G:\code\STM32\Kalman\link_hmd\SYS\EWARM\Release\Obj
[2] = command line
[3] = ak09916_lib.a
[4] = dl7M_tlf.a
[5] = m7M_tlv.a
[6] = rt7M_tl.a
[7] = shb_l.a

  249 522 bytes of readonly  code memory
   24 168 bytes of readonly  data memory (+ 64     absolute)
   75 686 bytes of readwrite data memory (+ 65 556 absolute)

Errors: none
Warnings: none
