###############################################################################
#
# IAR ELF Linker V7.20.2.7424/W32 for ARM                 31/Mar/2017  09:24:43
# Copyright 2007-2014 IAR Systems AB.
#
#    Output file  =  
#        G:\code\STM32\Link\link_hmd\BL0\EWARM\Release\Exe\link_BL0.out
#    Map file     =  
#        G:\code\STM32\Link\link_hmd\BL0\EWARM\Release\List\link_BL0.map
#    Command line =  
#        G:\code\STM32\Link\link_hmd\BL0\EWARM\Release\Obj\bl1_check.o
#        G:\code\STM32\Link\link_hmd\BL0\EWARM\Release\Obj\flash_drv.o
#        G:\code\STM32\Link\link_hmd\BL0\EWARM\Release\Obj\main.o
#        G:\code\STM32\Link\link_hmd\BL0\EWARM\Release\Obj\misc_data.o
#        G:\code\STM32\Link\link_hmd\BL0\EWARM\Release\Obj\myprintf.o
#        G:\code\STM32\Link\link_hmd\BL0\EWARM\Release\Obj\startup_stm32f412rx.o
#        G:\code\STM32\Link\link_hmd\BL0\EWARM\Release\Obj\stm32f4xx_hal.o
#        G:\code\STM32\Link\link_hmd\BL0\EWARM\Release\Obj\stm32f4xx_hal_cortex.o
#        G:\code\STM32\Link\link_hmd\BL0\EWARM\Release\Obj\stm32f4xx_hal_crc.o
#        G:\code\STM32\Link\link_hmd\BL0\EWARM\Release\Obj\stm32f4xx_hal_dma.o
#        G:\code\STM32\Link\link_hmd\BL0\EWARM\Release\Obj\stm32f4xx_hal_dma_ex.o
#        G:\code\STM32\Link\link_hmd\BL0\EWARM\Release\Obj\stm32f4xx_hal_flash.o
#        G:\code\STM32\Link\link_hmd\BL0\EWARM\Release\Obj\stm32f4xx_hal_flash_ex.o
#        G:\code\STM32\Link\link_hmd\BL0\EWARM\Release\Obj\stm32f4xx_hal_flash_ramfunc.o
#        G:\code\STM32\Link\link_hmd\BL0\EWARM\Release\Obj\stm32f4xx_hal_gpio.o
#        G:\code\STM32\Link\link_hmd\BL0\EWARM\Release\Obj\stm32f4xx_hal_msp.o
#        G:\code\STM32\Link\link_hmd\BL0\EWARM\Release\Obj\stm32f4xx_hal_pwr.o
#        G:\code\STM32\Link\link_hmd\BL0\EWARM\Release\Obj\stm32f4xx_hal_pwr_ex.o
#        G:\code\STM32\Link\link_hmd\BL0\EWARM\Release\Obj\stm32f4xx_hal_rcc.o
#        G:\code\STM32\Link\link_hmd\BL0\EWARM\Release\Obj\stm32f4xx_hal_rcc_ex.o
#        G:\code\STM32\Link\link_hmd\BL0\EWARM\Release\Obj\stm32f4xx_hal_tim.o
#        G:\code\STM32\Link\link_hmd\BL0\EWARM\Release\Obj\stm32f4xx_hal_tim_ex.o
#        G:\code\STM32\Link\link_hmd\BL0\EWARM\Release\Obj\stm32f4xx_hal_uart.o
#        G:\code\STM32\Link\link_hmd\BL0\EWARM\Release\Obj\stm32f4xx_it.o
#        G:\code\STM32\Link\link_hmd\BL0\EWARM\Release\Obj\system_stm32f4xx.o
#        --redirect _Printf=_PrintfFull --redirect _Scanf=_ScanfFull -o
#        G:\code\STM32\Link\link_hmd\BL0\EWARM\Release\Exe\link_BL0.out --map
#        G:\code\STM32\Link\link_hmd\BL0\EWARM\Release\List\link_BL0.map
#        --config G:\code\STM32\Link\link_hmd\BL0\EWARM/stm32f412rx_flash.icf
#        --semihosting --entry __iar_program_start --vfe
#
###############################################################################

*******************************************************************************
*** RUNTIME MODEL ATTRIBUTES
***

CppFlavor       = *
__SystemLibrary = DLib


*******************************************************************************
*** PLACEMENT SUMMARY
***

"A1":  place at 0x08000000 { ro section .intvec };
"P1":  place in [from 0x08000000 to 0x08003ffb] { ro };
"P2":  place in [from 0x20000000 to 0x2003ffff] { rw, block CSTACK, block HEAP };

  Section            Kind        Address     Size  Object
  -------            ----        -------     ----  ------
"A1":                                       0x1c4
  .intvec            ro code  0x08000000    0x1c4  startup_stm32f412rx.o [1]
                            - 0x080001c4    0x1c4

"P1":                                      0x1870
  .text              ro code  0x080001c4    0x4a4  stm32f4xx_hal_rcc_ex.o [1]
  .text              ro code  0x08000668     0x70  stm32f4xx_hal.o [1]
  .text              ro code  0x080006d8    0x122  stm32f4xx_hal_cortex.o [1]
  .text              ro code  0x080007fa     0x2e  copy_init3.o [5]
  .text              ro code  0x08000828    0x104  stm32f4xx_hal_msp.o [1]
  .text              ro code  0x0800092c    0x2dc  stm32f4xx_hal_gpio.o [1]
  .text              ro code  0x08000c08    0x334  main.o [1]
  .text              ro code  0x08000f3c     0x36  strlen.o [5]
  .text              ro code  0x08000f72     0x22  zero_init3.o [5]
  .text              ro code  0x08000f94    0x324  stm32f4xx_hal_uart.o [1]
  .text              ro code  0x080012b8     0x76  ABImemcpy_unaligned.o [5]
  .text              ro code  0x08001330     0x28  flash_drv.o [1]
  .text              ro code  0x08001358     0x40  misc_data.o [1]
  .text              ro code  0x08001398     0x4c  bl1_check.o [1]
  .text              ro code  0x080013e4    0x1dc  stm32f4xx_hal_rcc.o [1]
  .text              ro code  0x080015c0     0x20  stm32f4xx_hal_flash.o [1]
  .text              ro code  0x080015e0     0x5e  stm32f4xx_hal_crc.o [1]
  .text              ro code  0x08001640    0x110  system_stm32f4xx.o [1]
  .text              ro code  0x08001750     0x66  ABImemset.o [5]
  .text              ro code  0x080017b6     0x2a  strncmp.o [3]
  .text              ro code  0x080017e0     0x54  stm32f4xx_it.o [1]
  .text              ro code  0x08001834     0x28  data_init.o [5]
  .iar.init_table    const    0x0800185c     0x24  - Linker created -
  .text              ro code  0x08001880     0x1a  fpinit_M.o [4]
  .text              ro code  0x0800189c     0x1a  cmain.o [5]
  .text              ro code  0x080018b6      0x4  low_level_init.o [3]
  .text              ro code  0x080018ba      0x4  exit.o [3]
  .text              ro code  0x080018c0      0xa  cexit.o [5]
  .text              ro code  0x080018cc     0x14  exit.o [6]
  .text              ro code  0x080018e0     0x10  startup_stm32f412rx.o [1]
  .text              ro code  0x080018f0      0xc  cstartup_M.o [5]
  .text              ro code  0x080018fc      0x4  startup_stm32f412rx.o [1]
  .text              ro code  0x08001900      0x4  startup_stm32f412rx.o [1]
  .text              ro code  0x08001904      0x4  startup_stm32f412rx.o [1]
  .text              ro code  0x08001908      0x4  startup_stm32f412rx.o [1]
  .text              ro code  0x0800190c      0x4  startup_stm32f412rx.o [1]
  .text              ro code  0x08001910      0x4  startup_stm32f412rx.o [1]
  .text              ro code  0x08001914      0x4  startup_stm32f412rx.o [1]
  .text              ro code  0x08001918      0x4  startup_stm32f412rx.o [1]
  .text              ro code  0x0800191c      0x4  startup_stm32f412rx.o [1]
  .text              ro code  0x08001920      0x4  startup_stm32f412rx.o [1]
  .text              ro code  0x08001924      0x4  startup_stm32f412rx.o [1]
  .text              ro code  0x08001928      0x4  startup_stm32f412rx.o [1]
  .text              ro code  0x0800192c      0x4  startup_stm32f412rx.o [1]
  .text              ro code  0x08001930      0x4  startup_stm32f412rx.o [1]
  .text              ro code  0x08001934      0x4  startup_stm32f412rx.o [1]
  .text              ro code  0x08001938      0x4  startup_stm32f412rx.o [1]
  .text              ro code  0x0800193c      0x4  startup_stm32f412rx.o [1]
  .text              ro code  0x08001940      0x4  startup_stm32f412rx.o [1]
  .text              ro code  0x08001944      0x4  startup_stm32f412rx.o [1]
  .text              ro code  0x08001948      0x4  startup_stm32f412rx.o [1]
  .text              ro code  0x0800194c      0x4  startup_stm32f412rx.o [1]
  .text              ro code  0x08001950      0x4  startup_stm32f412rx.o [1]
  .text              ro code  0x08001954      0x4  startup_stm32f412rx.o [1]
  .text              ro code  0x08001958      0x4  startup_stm32f412rx.o [1]
  .text              ro code  0x0800195c      0x4  startup_stm32f412rx.o [1]
  .text              ro code  0x08001960      0x4  startup_stm32f412rx.o [1]
  .text              ro code  0x08001964      0x4  startup_stm32f412rx.o [1]
  .text              ro code  0x08001968      0x4  startup_stm32f412rx.o [1]
  .text              ro code  0x0800196c      0x4  startup_stm32f412rx.o [1]
  .text              ro code  0x08001970      0x4  startup_stm32f412rx.o [1]
  .text              ro code  0x08001974      0x4  startup_stm32f412rx.o [1]
  .text              ro code  0x08001978      0x4  startup_stm32f412rx.o [1]
  .text              ro code  0x0800197c      0x4  startup_stm32f412rx.o [1]
  .text              ro code  0x08001980      0x4  startup_stm32f412rx.o [1]
  .text              ro code  0x08001984      0x4  startup_stm32f412rx.o [1]
  .text              ro code  0x08001988      0x4  startup_stm32f412rx.o [1]
  .text              ro code  0x0800198c      0x4  startup_stm32f412rx.o [1]
  .text              ro code  0x08001990      0x4  startup_stm32f412rx.o [1]
  .text              ro code  0x08001994      0x4  startup_stm32f412rx.o [1]
  .text              ro code  0x08001998      0x4  startup_stm32f412rx.o [1]
  .text              ro code  0x0800199c      0x4  startup_stm32f412rx.o [1]
  .text              ro code  0x080019a0      0x4  startup_stm32f412rx.o [1]
  .text              ro code  0x080019a4      0x4  startup_stm32f412rx.o [1]
  .text              ro code  0x080019a8      0x4  startup_stm32f412rx.o [1]
  .text              ro code  0x080019ac      0x4  startup_stm32f412rx.o [1]
  .text              ro code  0x080019b0      0x4  startup_stm32f412rx.o [1]
  .text              ro code  0x080019b4      0x4  startup_stm32f412rx.o [1]
  .text              ro code  0x080019b8      0x4  startup_stm32f412rx.o [1]
  .text              ro code  0x080019bc      0x4  startup_stm32f412rx.o [1]
  .text              ro code  0x080019c0      0x4  startup_stm32f412rx.o [1]
  .text              ro code  0x080019c4      0x4  startup_stm32f412rx.o [1]
  .text              ro code  0x080019c8      0x4  startup_stm32f412rx.o [1]
  .text              ro code  0x080019cc      0x4  startup_stm32f412rx.o [1]
  .text              ro code  0x080019d0      0x4  startup_stm32f412rx.o [1]
  .text              ro code  0x080019d4      0x4  startup_stm32f412rx.o [1]
  .text              ro code  0x080019d8      0x4  startup_stm32f412rx.o [1]
  .text              ro code  0x080019dc      0x4  startup_stm32f412rx.o [1]
  .text              ro code  0x080019e0      0x4  startup_stm32f412rx.o [1]
  .text              ro code  0x080019e4      0x4  startup_stm32f412rx.o [1]
  .text              ro code  0x080019e8      0x4  startup_stm32f412rx.o [1]
  .text              ro code  0x080019ec      0x4  startup_stm32f412rx.o [1]
  .text              ro code  0x080019f0      0x4  startup_stm32f412rx.o [1]
  .text              ro code  0x080019f4      0x4  startup_stm32f412rx.o [1]
  .text              ro code  0x080019f8      0x4  startup_stm32f412rx.o [1]
  .text              ro code  0x080019fc      0x4  startup_stm32f412rx.o [1]
  .text              ro code  0x08001a00      0x4  startup_stm32f412rx.o [1]
  .text              ro code  0x08001a04      0x4  startup_stm32f412rx.o [1]
  .text              ro code  0x08001a08      0x4  startup_stm32f412rx.o [1]
  .text              ro code  0x08001a0c      0x4  startup_stm32f412rx.o [1]
  .text              ro code  0x08001a10      0x4  startup_stm32f412rx.o [1]
  .text              ro code  0x08001a14      0x4  startup_stm32f412rx.o [1]
  .text              ro code  0x08001a18      0x4  startup_stm32f412rx.o [1]
  .text              ro code  0x08001a1c      0x4  startup_stm32f412rx.o [1]
  .text              ro code  0x08001a20      0x4  startup_stm32f412rx.o [1]
  .text              ro code  0x08001a24      0x4  startup_stm32f412rx.o [1]
  .text              ro code  0x08001a28      0x4  startup_stm32f412rx.o [1]
  .text              ro code  0x08001a2c      0x4  startup_stm32f412rx.o [1]
  .rodata            const    0x08001a30      0x0  zero_init3.o [5]
  .rodata            const    0x08001a30      0x0  copy_init3.o [5]
  Initializer bytes  ro data  0x08001a30      0x4  <for P2 s0>
                            - 0x08001a34   0x1870

"P2":                                      0x1ec0
  P2 s0                       0x20000000      0x4  <Init block>
    .data            inited   0x20000000      0x4  system_stm32f4xx.o [1]
  .bss               zero     0x20000008    0xa58  misc_data.o [1]
  .bss               zero     0x20000a60     0x48  main.o [1]
  .bss               zero     0x20000aa8      0x8  bl1_check.o [1]
  .bss               zero     0x20000ab0      0x4  main.o [1]
  .bss               zero     0x20000ab4      0x4  main.o [1]
  .bss               zero     0x20000ab8      0x4  stm32f4xx_hal.o [1]
  .bss               zero     0x20000abc      0x4  system_stm32f4xx.o [1]
  CSTACK                      0x20000ac0   0x1400  <Block>
    CSTACK           uninit   0x20000ac0   0x1400  <Block tail>
                            - 0x20001ec0   0x1ec0

Absolute sections, part 1 of 2:              0x14
  .noinit            uninit   0x20002000     0x10  system_stm32f4xx.o [1]
  .noinit            uninit   0x20002010      0x4  system_stm32f4xx.o [1]
                            - 0x20002014     0x14

Absolute sections, part 2 of 2:           0x10000
  .noinit            uninit   0x20002018  0x10000  system_stm32f4xx.o [1]
                            - 0x20012018  0x10000


*******************************************************************************
*** INIT TABLE
***

          Address     Size
          -------     ----
Zero (__iar_zero_init3)
    1 destination range, total size 0xab8:
          0x20000008  0xab8

Copy (__iar_copy_init3)
    1 source range, total size 0x4:
          0x08001a30    0x4
    1 destination range, total size 0x4:
          0x20000000    0x4



*******************************************************************************
*** MODULE SUMMARY
***

    Module                  ro code  ro data  rw data  rw data
                                                        (abs)
    ------                  -------  -------  -------  -------
G:\code\STM32\Link\link_hmd\BL0\EWARM\Release\Obj: [1]
    bl1_check.o                  76                 8
    flash_drv.o                  40
    main.o                      820                80
    misc_data.o                  64             2 648
    startup_stm32f412rx.o       776
    stm32f4xx_hal.o             112                 4
    stm32f4xx_hal_cortex.o      290
    stm32f4xx_hal_crc.o          94
    stm32f4xx_hal_flash.o        32
    stm32f4xx_hal_gpio.o        732
    stm32f4xx_hal_msp.o         260
    stm32f4xx_hal_rcc.o         476
    stm32f4xx_hal_rcc_ex.o    1 188
    stm32f4xx_hal_uart.o        804
    stm32f4xx_it.o               84
    system_stm32f4xx.o          272        4        8   65 556
    ----------------------------------------------------------
    Total:                    6 120        4    2 748   65 556

command line: [2]
    ----------------------------------------------------------
    Total:

dl7M_tlf.a: [3]
    exit.o                        4
    low_level_init.o              4
    strncmp.o                    42
    ----------------------------------------------------------
    Total:                       50

m7M_tlv.a: [4]
    fpinit_M.o                   26
    ----------------------------------------------------------
    Total:                       26

rt7M_tl.a: [5]
    ABImemcpy_unaligned.o       118
    ABImemset.o                 102
    cexit.o                      10
    cmain.o                      26
    copy_init3.o                 46
    cstartup_M.o                 12
    data_init.o                  40
    strlen.o                     54
    zero_init3.o                 34
    ----------------------------------------------------------
    Total:                      442

shb_l.a: [6]
    exit.o                       20
    ----------------------------------------------------------
    Total:                       20

    Gaps                         10                 4
    Linker created                        36    5 120
--------------------------------------------------------------
    Grand Total:              6 668       40    7 872   65 556


*******************************************************************************
*** ENTRY LIST
***

Entry                      Address     Size  Type      Object
-----                      -------     ----  ----      ------
?main                   0x0800189d           Code  Gb  cmain.o [5]
APBAHBPrescTable        0x080015b0     0x10  Data  Gb  stm32f4xx_hal_rcc.o [1]
BusFault_Handler        0x080017e7      0x2  Code  Gb  stm32f4xx_it.o [1]
CRCCheck                0x08001399     0x30  Code  Gb  bl1_check.o [1]
CSTACK$$Base            0x20000ac0            --   Gb  - Linker created -
CSTACK$$Limit           0x20001ec0            --   Gb  - Linker created -
DebugMon_Handler        0x080017ed      0x2  Code  Gb  stm32f4xx_it.o [1]
EXTI15_10_IRQHandler    0x080017ff     0x36  Code  Gb  stm32f4xx_it.o [1]
Error_Handler           0x08000f05      0x2  Code  Gb  main.o [1]
HAL_CRC_Calculate       0x08001603     0x20  Code  Gb  stm32f4xx_hal_crc.o [1]
HAL_CRC_Init            0x080015e1     0x22  Code  Gb  stm32f4xx_hal_crc.o [1]
HAL_CRC_MspInit         0x080008ef     0x26  Code  Gb  stm32f4xx_hal_msp.o [1]
HAL_FLASH_Lock          0x080015c1      0x8  Code  Gb  stm32f4xx_hal_flash.o [1]
HAL_FLASH_OB_Lock       0x080015cf      0xa  Code  Gb  stm32f4xx_hal_flash.o [1]
HAL_GPIO_DeInit         0x08000ac3     0xfa  Code  Gb  stm32f4xx_hal_gpio.o [1]
HAL_GPIO_EXTI_Callback  0x08000ea7     0x20  Code  Gb  main.o [1]
HAL_GPIO_EXTI_IRQHandler
                        0x08000bc5     0x14  Code  Gb  stm32f4xx_hal_gpio.o [1]
HAL_GPIO_Init           0x0800092d    0x196  Code  Gb  stm32f4xx_hal_gpio.o [1]
HAL_GPIO_WritePin       0x08000bbd      0x8  Code  Gb  stm32f4xx_hal_gpio.o [1]
HAL_GetTick             0x080006c7      0x6  Code  Wk  stm32f4xx_hal.o [1]
HAL_IncTick             0x080006bd      0xa  Code  Wk  stm32f4xx_hal.o [1]
HAL_Init                0x08000669     0x30  Code  Gb  stm32f4xx_hal.o [1]
HAL_InitTick            0x08000699     0x24  Code  Wk  stm32f4xx_hal.o [1]
HAL_MspInit             0x08000829     0x60  Code  Gb  stm32f4xx_hal_msp.o [1]
HAL_NVIC_DisableIRQ     0x08000767      0xa  Code  Gb  stm32f4xx_hal_cortex.o [1]
HAL_NVIC_EnableIRQ      0x0800075b      0xc  Code  Gb  stm32f4xx_hal_cortex.o [1]
HAL_NVIC_SetPriority    0x08000717     0x44  Code  Gb  stm32f4xx_hal_cortex.o [1]
HAL_NVIC_SetPriorityGrouping
                        0x080006fd     0x1a  Code  Gb  stm32f4xx_hal_cortex.o [1]
HAL_NVIC_SystemReset    0x08000779     0x1a  Code  Gb  stm32f4xx_hal_cortex.o [1]
HAL_RCCEx_PeriphCLKConfig
                        0x080001c5    0x230  Code  Gb  stm32f4xx_hal_rcc_ex.o [1]
HAL_RCC_ClockConfig     0x080013e5    0x13c  Code  Gb  stm32f4xx_hal_rcc.o [1]
HAL_RCC_GetHCLKFreq     0x08001567      0x6  Code  Gb  stm32f4xx_hal_rcc.o [1]
HAL_RCC_GetPCLK1Freq    0x0800156d     0x12  Code  Gb  stm32f4xx_hal_rcc.o [1]
HAL_RCC_GetPCLK2Freq    0x0800157f     0x10  Code  Gb  stm32f4xx_hal_rcc.o [1]
HAL_RCC_GetSysClockFreq
                        0x08001521     0x46  Code  Wk  stm32f4xx_hal_rcc.o [1]
HAL_RCC_OscConfig       0x080003f5    0x240  Code  Gb  stm32f4xx_hal_rcc_ex.o [1]
HAL_SYSTICK_CLKSourceConfig
                        0x080007bb     0x14  Code  Gb  stm32f4xx_hal_cortex.o [1]
HAL_SYSTICK_Callback    0x080007f9      0x2  Code  Wk  stm32f4xx_hal_cortex.o [1]
HAL_SYSTICK_Config      0x08000793     0x28  Code  Gb  stm32f4xx_hal_cortex.o [1]
HAL_SYSTICK_IRQHandler  0x080007f1      0x8  Code  Gb  stm32f4xx_hal_cortex.o [1]
HAL_UART_Init           0x08000f95     0x30  Code  Gb  stm32f4xx_hal_uart.o [1]
HAL_UART_MspInit        0x08000889     0x66  Code  Gb  stm32f4xx_hal_msp.o [1]
HAL_UART_Transmit       0x08001001     0xa8  Code  Gb  stm32f4xx_hal_uart.o [1]
HardFault_Handler       0x080017e3      0x2  Code  Gb  stm32f4xx_it.o [1]
JumpAddress             0x20000ab4      0x4  Data  Gb  main.o [1]
Jump_To_Application     0x20000ab0      0x4  Data  Gb  main.o [1]
MISC_DataStructure      0x20000008    0xa58  Data  Gb  misc_data.o [1]
MemManage_Handler       0x080017e5      0x2  Code  Gb  stm32f4xx_it.o [1]
NMI_Handler             0x080017e1      0x2  Code  Gb  stm32f4xx_it.o [1]
NVIC_GetPriorityGrouping
                        0x080006d9      0xa  Code  Lc  stm32f4xx_hal_cortex.o [1]
NVIC_SetPriority        0x080006e3     0x1a  Code  Lc  stm32f4xx_hal_cortex.o [1]
PendSV_Handler          0x080017ef      0x2  Code  Gb  stm32f4xx_it.o [1]
Region$$Table$$Base     0x0800185c            --   Gb  - Linker created -
Region$$Table$$Limit    0x08001880            --   Gb  - Linker created -
SVC_Handler             0x080017eb      0x2  Code  Gb  stm32f4xx_it.o [1]
SysMemBootJump          0x20000abc      0x4  Data  Gb  system_stm32f4xx.o [1]
SysTick_Handler         0x080017f1      0xe  Code  Gb  stm32f4xx_it.o [1]
SystemClock_Config      0x08000ddb     0xcc  Code  Gb  main.o [1]
SystemCoreClock         0x20000000      0x4  Data  Gb  system_stm32f4xx.o [1]
SystemInit              0x080016bd     0x5a  Code  Gb  system_stm32f4xx.o [1]
UART_SetConfig          0x0800111d    0x18e  Code  Lc  stm32f4xx_hal_uart.o [1]
UART_WaitOnFlagUntilTimeout
                        0x080010bd     0x60  Code  Lc  stm32f4xx_hal_uart.o [1]
UsageFault_Handler      0x080017e9      0x2  Code  Gb  stm32f4xx_it.o [1]
VR_flash_read           0x0800133f     0x1a  Code  Gb  flash_drv.o [1]
__aeabi_memset          0x08001751           Code  Gb  ABImemset.o [5]
__as_entries_start      0xffffffff            --   Gb  command line/config [2]
__as_table_start        0xffffffff            --   Gb  command line/config [2]
__cmain                 0x0800189d           Code  Gb  cmain.o [5]
__exit                  0x080018cd     0x14  Code  Gb  exit.o [6]
__iar_Memset            0x08001751           Code  Gb  ABImemset.o [5]
__iar_Memset_word       0x08001759           Code  Gb  ABImemset.o [5]
__iar_copy_init3        0x080007fb     0x2e  Code  Gb  copy_init3.o [5]
__iar_data_init3        0x08001835     0x28  Code  Gb  data_init.o [5]
__iar_init_vfp          0x08001881           Code  Gb  fpinit_M.o [4]
__iar_program_start     0x080018f1           Code  Gb  cstartup_M.o [5]
__iar_unaligned___aeabi_memcpy
                        0x080012b9           Code  Gb  ABImemcpy_unaligned.o [5]
__iar_unaligned___aeabi_memcpy4
                        0x080012d9           Code  Gb  ABImemcpy_unaligned.o [5]
__iar_unaligned___aeabi_memcpy8
                        0x080012d9           Code  Gb  ABImemcpy_unaligned.o [5]
__iar_zero_init3        0x08000f73     0x22  Code  Gb  zero_init3.o [5]
__low_level_init        0x080018b7      0x4  Code  Gb  low_level_init.o [3]
__vector_table          0x08000000           Data  Gb  startup_stm32f412rx.o [1]
_call_main              0x080018a9           Code  Gb  cmain.o [5]
_exit                   0x080018c1           Code  Gb  cexit.o [5]
_main                   0x080018b3           Code  Gb  cmain.o [5]
boot_type               0x20002000     0x10  Data  Gb  system_stm32f4xx.o [1]
cursor_offset           0x20002010      0x4  Data  Lc  system_stm32f4xx.o [1]
dbg_uart                0x20000a64     0x40  Data  Gb  main.o [1]
exit                    0x080018bb      0x4  Code  Gb  exit.o [3]
flash_init              0x08001331      0xe  Code  Gb  flash_drv.o [1]
get_pcbid               0x08001377     0x18  Code  Gb  misc_data.o [1]
gpio_config             0x08001641     0x46  Code  Gb  system_stm32f4xx.o [1]
hcrc                    0x20000aa8      0x8  Data  Gb  bl1_check.o [1]
isBL1FwOK               0x080013d9      0xc  Code  Gb  bl1_check.o [1]
jump_SysDFU_and_execute
                        0x08001687     0x36  Code  Gb  system_stm32f4xx.o [1]
jump_and_execute        0x08000c23     0x28  Code  Lc  main.o [1]
jump_and_execute_sysmemDFU
                        0x08000c4b     0x18  Code  Lc  main.o [1]
loadMiscData            0x08001359     0x18  Code  Gb  misc_data.o [1]
log_buf                 0x20002018  0x10000  Data  Lc  system_stm32f4xx.o [1]
main                    0x08000c63    0x15e  Code  Gb  main.o [1]
my_printf               0x08000c09     0x1a  Code  Gb  main.o [1]
pcb_id                  0x20000aa4      0x4  Data  Gb  main.o [1]
powerkey_kick_count     0x20000a60      0x1  Data  Lc  main.o [1]
strlen                  0x08000f3d           Code  Gb  strlen.o [5]
strncmp                 0x080017b7     0x2a  Code  Gb  strncmp.o [3]
uwTick                  0x20000ab8      0x4  Data  Gb  stm32f4xx_hal.o [1]


[1] = G:\code\STM32\Link\link_hmd\BL0\EWARM\Release\Obj
[2] = command line
[3] = dl7M_tlf.a
[4] = m7M_tlv.a
[5] = rt7M_tl.a
[6] = shb_l.a

  6 668 bytes of readonly  code memory
     40 bytes of readonly  data memory
  7 872 bytes of readwrite data memory (+ 65 556 absolute)

Errors: none
Warnings: none
